16:04:24 | INFO: Data are loaded, start creating Blender stuff
16:04:24 | INFO: Blender create Mesh node vroot_Suspension_Arm_Front_L_Front_L.mesh
16:04:24 | INFO: Blender create Mesh node vroot_Suspension_Arm_Front_R_Front_R.mesh
16:04:24 | INFO: Blender create Mesh node vroot_Suspension_Arm_Rear_L_Rear_L.mesh
16:04:24 | INFO: Blender create Mesh node vroot_Suspension_Arm_Rear_R_Rear_R.mesh
16:04:24 | INFO: Blender create Mesh node vroot_trunkbone_trunk_lod_trunk_h.mesh
16:04:24 | INFO: Blender create Mesh node vroot_trunkbone_trunk_lod_trunk_h_trunk_backside.mesh
16:04:24 | INFO: Blender create Mesh node vroot_shell_lod_HLOD_HLOD.mesh
16:04:24 | INFO: Blender create Mesh node vroot_shell_lod_HLOD_interior.mesh
16:04:24 | INFO: Blender create Mesh node vroot_shell_lod_HLOD_decals_h.mesh
16:04:24 | INFO: Blender create Mesh node vroot_shell_lod_HLOD_headlights_h.mesh
16:04:24 | INFO: Blender create Mesh node vroot_trunkbone_splr_bone_splr_stk_350z_splr_stk_350z_geo.mesh
16:04:24 | INFO: Blender create Mesh node vroot_hood_hd_stk_350z_hd_stk_350z_geo.mesh
16:04:24 | INFO: Blender create Mesh node vroot_ss_bone_ss_stk_350z_ss_stk_350z_geo.mesh
16:04:24 | INFO: Blender create Mesh node vroot_bmpf_bone_bumpf_stk_350z_bumpf_stk_350z_geo.mesh
16:04:24 | INFO: Blender create Mesh node vroot_bumr_bone_bumr_stk_350z_bumr_stk_350z_geo.mesh
16:04:24 | INFO: Blender create Mesh node vroot_tail_lights_tl_stk_350z_tl_stk_350z_geo.mesh
16:04:24 | INFO: Blender create Mesh node whl_8_rim_0
16:04:24 | INFO: Blender create Mesh node whl_8_tire_0
16:04:24 | INFO: Blender create Mesh node whl_10_rim_0
16:04:24 | INFO: Blender create Mesh node whl_10_tire_0
16:04:24 | INFO: Blender create Mesh node whl_12_rim_0
16:04:24 | INFO: Blender create Mesh node whl_12_tire_0
16:04:24 | INFO: Blender create Mesh node whl_14_rim_0
16:04:24 | INFO: Blender create Mesh node whl_14_tire_0
16:04:24 | INFO: glTF import finished in 0.03s
INFO Draco mesh compression is available, use library at /Users/Nicolas/Documents/github/hermes/projects/carmodels/.scratch/blender-4.5.14/Blender.app/Contents/Resources/4.5/scripts/addons_core/io_scene_gltf2/libextern_draco.dylib
16:04:24 | INFO: Starting glTF 2.0 export
16:04:24 | INFO: Extracting primitive: vroot_Suspension_Arm_Front_L_Front_L.mesh
16:04:24 | INFO: Primitives created: 1
16:04:24 | INFO: Extracting primitive: vroot_Suspension_Arm_Front_R_Front_R.mesh
16:04:24 | INFO: Primitives created: 1
16:04:24 | INFO: Extracting primitive: vroot_Suspension_Arm_Rear_L_Rear_L.mesh
16:04:24 | INFO: Primitives created: 2
16:04:24 | INFO: Extracting primitive: vroot_Suspension_Arm_Rear_R_Rear_R.mesh
16:04:24 | INFO: Primitives created: 2
16:04:24 | INFO: Extracting primitive: vroot_trunkbone_trunk_lod_trunk_h.mesh
16:04:24 | INFO: Primitives created: 9
16:04:24 | INFO: Extracting primitive: vroot_trunkbone_trunk_lod_trunk_h_trunk_backside.mesh
16:04:24 | INFO: Primitives created: 1
16:04:24 | INFO: Extracting primitive: vroot_shell_lod_HLOD_HLOD.mesh
16:04:24 | INFO: Primitives created: 10
16:04:24 | INFO: Extracting primitive: vroot_shell_lod_HLOD_interior.mesh
16:04:24 | INFO: Primitives created: 1
16:04:24 | INFO: Extracting primitive: vroot_shell_lod_HLOD_decals_h.mesh
16:04:24 | INFO: Primitives created: 2
16:04:24 | INFO: Extracting primitive: vroot_shell_lod_HLOD_headlights_h.mesh
16:04:24 | INFO: Primitives created: 7
16:04:24 | INFO: Extracting primitive: vroot_trunkbone_splr_bone_splr_stk_350z_splr_stk_350z_geo.mesh
16:04:24 | INFO: Primitives created: 1
16:04:24 | INFO: Extracting primitive: vroot_hood_hd_stk_350z_hd_stk_350z_geo.mesh
16:04:24 | INFO: Primitives created: 1
16:04:24 | INFO: Extracting primitive: vroot_ss_bone_ss_stk_350z_ss_stk_350z_geo.mesh
16:04:24 | INFO: Primitives created: 2
16:04:24 | INFO: Extracting primitive: vroot_bmpf_bone_bumpf_stk_350z_bumpf_stk_350z_geo.mesh
16:04:24 | INFO: Primitives created: 6
16:04:24 | INFO: Extracting primitive: vroot_bumr_bone_bumr_stk_350z_bumr_stk_350z_geo.mesh
16:04:24 | INFO: Primitives created: 7
16:04:24 | INFO: Extracting primitive: vroot_tail_lights_tl_stk_350z_tl_stk_350z_geo.mesh
16:04:24 | INFO: Primitives created: 4
16:04:24 | INFO: Extracting primitive: whl_8_rim_0
16:04:24 | INFO: Primitives created: 6
16:04:24 | INFO: Extracting primitive: whl_8_tire_0
16:04:24 | INFO: Primitives created: 1
16:04:24 | INFO: Extracting primitive: whl_10_rim_0
16:04:24 | INFO: Primitives created: 6
16:04:24 | INFO: Extracting primitive: whl_10_tire_0
16:04:24 | INFO: Primitives created: 1
16:04:24 | INFO: Extracting primitive: whl_12_rim_0
16:04:24 | INFO: Primitives created: 6
16:04:24 | INFO: Extracting primitive: whl_12_tire_0
16:04:24 | INFO: Primitives created: 1
16:04:24 | INFO: Extracting primitive: whl_14_rim_0
16:04:24 | INFO: Primitives created: 6
16:04:24 | INFO: Extracting primitive: whl_14_tire_0
16:04:24 | INFO: Primitives created: 1
16:04:24 | INFO: Finished glTF 2.0 export in 0.07931399345397949 s

16:04:24 | INFO: Starting glTF 2.0 export
16:04:24 | INFO: Extracting primitive: vroot_Suspension_Arm_Front_L_Front_L.mesh
16:04:24 | INFO: Primitives created: 1
16:04:24 | INFO: Extracting primitive: vroot_Suspension_Arm_Front_R_Front_R.mesh
16:04:24 | INFO: Primitives created: 1
16:04:24 | INFO: Extracting primitive: vroot_Suspension_Arm_Rear_L_Rear_L.mesh
16:04:24 | INFO: Primitives created: 2
16:04:24 | INFO: Extracting primitive: vroot_Suspension_Arm_Rear_R_Rear_R.mesh
16:04:24 | INFO: Primitives created: 2
16:04:24 | INFO: Extracting primitive: vroot_trunkbone_trunk_lod_trunk_h.mesh
16:04:24 | INFO: Primitives created: 9
16:04:24 | INFO: Extracting primitive: vroot_trunkbone_trunk_lod_trunk_h_trunk_backside.mesh
16:04:24 | INFO: Primitives created: 1
16:04:24 | INFO: Extracting primitive: vroot_shell_lod_HLOD_HLOD.mesh
16:04:24 | INFO: Primitives created: 10
16:04:24 | INFO: Extracting primitive: vroot_shell_lod_HLOD_interior.mesh
16:04:24 | INFO: Primitives created: 1
16:04:24 | INFO: Extracting primitive: vroot_shell_lod_HLOD_decals_h.mesh
16:04:24 | INFO: Primitives created: 2
16:04:24 | INFO: Extracting primitive: vroot_shell_lod_HLOD_headlights_h.mesh
16:04:24 | INFO: Primitives created: 7
16:04:24 | INFO: Extracting primitive: vroot_trunkbone_splr_bone_splr_stk_350z_splr_stk_350z_geo.mesh
16:04:24 | INFO: Primitives created: 1
16:04:24 | INFO: Extracting primitive: vroot_hood_hd_stk_350z_hd_stk_350z_geo.mesh
16:04:24 | INFO: Primitives created: 1
16:04:24 | INFO: Extracting primitive: vroot_ss_bone_ss_stk_350z_ss_stk_350z_geo.mesh
16:04:24 | INFO: Primitives created: 2
16:04:24 | INFO: Extracting primitive: vroot_bmpf_bone_bumpf_stk_350z_bumpf_stk_350z_geo.mesh
16:04:24 | INFO: Primitives created: 6
16:04:24 | INFO: Extracting primitive: vroot_bumr_bone_bumr_stk_350z_bumr_stk_350z_geo.mesh
16:04:24 | INFO: Primitives created: 7
16:04:24 | INFO: Extracting primitive: vroot_tail_lights_tl_stk_350z_tl_stk_350z_geo.mesh
16:04:24 | INFO: Primitives created: 4
16:04:24 | INFO: Extracting primitive: whl_8_rim_0
16:04:24 | INFO: Primitives created: 6
16:04:24 | INFO: Extracting primitive: whl_8_tire_0
16:04:24 | INFO: Primitives created: 1
16:04:24 | INFO: Extracting primitive: whl_10_rim_0
16:04:24 | INFO: Primitives created: 6
16:04:24 | INFO: Extracting primitive: whl_10_tire_0
16:04:24 | INFO: Primitives created: 1
16:04:24 | INFO: Extracting primitive: whl_12_rim_0
16:04:24 | INFO: Primitives created: 6
16:04:24 | INFO: Extracting primitive: whl_12_tire_0
16:04:24 | INFO: Primitives created: 1
16:04:24 | INFO: Extracting primitive: whl_14_rim_0
16:04:24 | INFO: Primitives created: 6
16:04:24 | INFO: Extracting primitive: whl_14_tire_0
16:04:24 | INFO: Primitives created: 1
16:04:24 | INFO: Finished glTF 2.0 export in 0.07049798965454102 s
Blender 4.5.14 LTS (hash 62c1db4208e8 built 2026-09-15 01:30:44)
Traceback (most recent call last):
  File "/Users/Nicolas/Documents/github/hermes/projects/carmodels/tools/test_mc3_roundtrip.py", line 78, in <module>
    run()
  File "/Users/Nicolas/Documents/github/hermes/projects/carmodels/tools/test_mc3_roundtrip.py", line 67, in run
    built = build(work, output)[0]
            ^^^^^^^^^^^^^^^^^^^
  File "/Users/Nicolas/Documents/github/hermes/projects/carmodels/tools/build_dealership.py", line 76, in build
    cars = load_all(dealership)
           ^^^^^^^^^^^^^^^^^^^^
  File "/Users/Nicolas/Documents/github/hermes/projects/carmodels/tools/build_dealership.py", line 48, in load_all
    native_model({**entry, 'displayMode': 'native-package'}, dealership)
  File "/Users/Nicolas/Documents/github/hermes/projects/carmodels/tools/import_mc3_catalogs.py", line 119, in native_model
    data = package_data(Path(dealership) / package['file'], package['bytes'], package['sha256'], package['members'])
           ^^^^^^^^^^^^^^^^^^^^^^^^^^^^^^^^^^^^^^^^^^^^^^^^^^^^^^^^^^^^^^^^^^^^^^^^^^^^^^^^^^^^^^^^^^^^^^^^^^^^^^^^^
  File "/Users/Nicolas/Documents/github/hermes/projects/carmodels/tools/import_mc3_catalogs.py", line 41, in package_data
    regular(path)
  File "/Users/Nicolas/Documents/github/hermes/projects/carmodels/tools/import_mc3_catalogs.py", line 35, in regular
    raise ValueError('MC3 paths must not contain symlinks')
ValueError: MC3 paths must not contain symlinks


Error: script failed, file: 'tools/test_mc3_roundtrip.py', exiting.

Blender quit
