16:04:17 | INFO: Data are loaded, start creating Blender stuff
16:04:17 | INFO: Blender create Mesh node 500gt.mdl
16:04:17 | INFO: Blender create Mesh node 500gt-interior.mdl
16:04:17 | INFO: Blender create Mesh node wheel-classic-disc.mdl
16:04:17 | INFO: Blender create Mesh node wheel-classic-disc.mdl
16:04:17 | INFO: Blender create Mesh node wheel-classic-disc.mdl
16:04:17 | INFO: Blender create Mesh node wheel-classic-disc.mdl
16:04:17 | INFO: glTF import finished in 0.01s
INFO Draco mesh compression is available, use library at /Users/Nicolas/Documents/github/hermes/projects/carmodels/.scratch/blender-4.5.14/Blender.app/Contents/Resources/4.5/scripts/addons_core/io_scene_gltf2/libextern_draco.dylib
16:04:17 | INFO: Starting glTF 2.0 export
16:04:17 | INFO: Extracting primitive: 500gt.mdl
16:04:17 | WARNING: More than one shader node tex image used for a texture. The resulting glTF sampler will behave like the first shader node tex image.
16:04:17 | INFO: Primitives created: 4
16:04:17 | INFO: Extracting primitive: 500gt-interior.mdl
16:04:17 | INFO: Primitives created: 1
16:04:17 | INFO: Extracting primitive: wheel-classic-disc.mdl
16:04:17 | WARNING: More than one shader node tex image used for a texture. The resulting glTF sampler will behave like the first shader node tex image.
16:04:17 | WARNING: More than one shader node tex image used for a texture. The resulting glTF sampler will behave like the first shader node tex image.
16:04:17 | INFO: Primitives created: 4
16:04:17 | INFO: Extracting primitive: wheel-classic-disc.mdl.001
16:04:17 | WARNING: More than one shader node tex image used for a texture. The resulting glTF sampler will behave like the first shader node tex image.
16:04:17 | WARNING: More than one shader node tex image used for a texture. The resulting glTF sampler will behave like the first shader node tex image.
16:04:17 | INFO: Primitives created: 4
16:04:17 | INFO: Extracting primitive: wheel-classic-disc.mdl.002
16:04:17 | WARNING: More than one shader node tex image used for a texture. The resulting glTF sampler will behave like the first shader node tex image.
16:04:17 | WARNING: More than one shader node tex image used for a texture. The resulting glTF sampler will behave like the first shader node tex image.
16:04:17 | INFO: Primitives created: 4
16:04:17 | INFO: Extracting primitive: wheel-classic-disc.mdl.003
16:04:17 | WARNING: More than one shader node tex image used for a texture. The resulting glTF sampler will behave like the first shader node tex image.
16:04:17 | WARNING: More than one shader node tex image used for a texture. The resulting glTF sampler will behave like the first shader node tex image.
16:04:17 | INFO: Primitives created: 4
16:04:17 | INFO: Finished glTF 2.0 export in 0.019311189651489258 s

16:04:17 | INFO: Starting glTF 2.0 export
16:04:17 | INFO: Extracting primitive: 500gt.mdl
16:04:17 | WARNING: More than one shader node tex image used for a texture. The resulting glTF sampler will behave like the first shader node tex image.
16:04:17 | INFO: Primitives created: 4
16:04:17 | INFO: Extracting primitive: 500gt-interior.mdl
16:04:17 | INFO: Primitives created: 1
16:04:17 | INFO: Extracting primitive: wheel-classic-disc.mdl
16:04:17 | WARNING: More than one shader node tex image used for a texture. The resulting glTF sampler will behave like the first shader node tex image.
16:04:17 | WARNING: More than one shader node tex image used for a texture. The resulting glTF sampler will behave like the first shader node tex image.
16:04:17 | INFO: Primitives created: 4
16:04:17 | INFO: Extracting primitive: wheel-classic-disc.mdl.001
16:04:17 | WARNING: More than one shader node tex image used for a texture. The resulting glTF sampler will behave like the first shader node tex image.
16:04:17 | WARNING: More than one shader node tex image used for a texture. The resulting glTF sampler will behave like the first shader node tex image.
16:04:17 | INFO: Primitives created: 4
16:04:17 | INFO: Extracting primitive: wheel-classic-disc.mdl.002
16:04:17 | WARNING: More than one shader node tex image used for a texture. The resulting glTF sampler will behave like the first shader node tex image.
16:04:17 | WARNING: More than one shader node tex image used for a texture. The resulting glTF sampler will behave like the first shader node tex image.
16:04:17 | INFO: Primitives created: 4
16:04:17 | INFO: Extracting primitive: wheel-classic-disc.mdl.003
16:04:17 | WARNING: More than one shader node tex image used for a texture. The resulting glTF sampler will behave like the first shader node tex image.
16:04:17 | WARNING: More than one shader node tex image used for a texture. The resulting glTF sampler will behave like the first shader node tex image.
16:04:17 | INFO: Primitives created: 4
16:04:17 | INFO: Finished glTF 2.0 export in 0.036025285720825195 s

16:04:17 | INFO: Data are loaded, start creating Blender stuff
16:04:17 | INFO: Blender create Mesh node gcw-mog3w.mdl
16:04:17 | INFO: Blender create Mesh node wheel-classic-disc.mdl
16:04:17 | INFO: Blender create Mesh node wheel-classic-disc.mdl
16:04:17 | INFO: Blender create Mesh node wheel-classic.mdl
16:04:17 | INFO: glTF import finished in 0.01s
16:04:17 | INFO: Starting glTF 2.0 export
16:04:17 | INFO: Extracting primitive: gcw-mog3w.mdl
16:04:17 | WARNING: More than one shader node tex image used for a texture. The resulting glTF sampler will behave like the first shader node tex image.
16:04:17 | INFO: Primitives created: 12
16:04:17 | INFO: Extracting primitive: wheel-classic-disc.mdl
16:04:17 | WARNING: More than one shader node tex image used for a texture. The resulting glTF sampler will behave like the first shader node tex image.
16:04:17 | WARNING: More than one shader node tex image used for a texture. The resulting glTF sampler will behave like the first shader node tex image.
16:04:17 | INFO: Primitives created: 4
16:04:17 | INFO: Extracting primitive: wheel-classic-disc.mdl.001
16:04:17 | WARNING: More than one shader node tex image used for a texture. The resulting glTF sampler will behave like the first shader node tex image.
16:04:17 | WARNING: More than one shader node tex image used for a texture. The resulting glTF sampler will behave like the first shader node tex image.
16:04:17 | INFO: Primitives created: 4
16:04:17 | INFO: Extracting primitive: wheel-classic.mdl
16:04:17 | WARNING: More than one shader node tex image used for a texture. The resulting glTF sampler will behave like the first shader node tex image.
16:04:17 | INFO: Primitives created: 3
16:04:17 | INFO: Finished glTF 2.0 export in 0.021828651428222656 s

16:04:17 | INFO: Starting glTF 2.0 export
16:04:17 | INFO: Extracting primitive: gcw-mog3w.mdl
16:04:17 | WARNING: More than one shader node tex image used for a texture. The resulting glTF sampler will behave like the first shader node tex image.
16:04:17 | INFO: Primitives created: 12
16:04:17 | INFO: Extracting primitive: wheel-classic-disc.mdl
16:04:17 | WARNING: More than one shader node tex image used for a texture. The resulting glTF sampler will behave like the first shader node tex image.
16:04:17 | WARNING: More than one shader node tex image used for a texture. The resulting glTF sampler will behave like the first shader node tex image.
16:04:17 | INFO: Primitives created: 4
16:04:17 | INFO: Extracting primitive: wheel-classic-disc.mdl.001
16:04:17 | WARNING: More than one shader node tex image used for a texture. The resulting glTF sampler will behave like the first shader node tex image.
16:04:17 | WARNING: More than one shader node tex image used for a texture. The resulting glTF sampler will behave like the first shader node tex image.
16:04:17 | INFO: Primitives created: 4
16:04:17 | INFO: Extracting primitive: wheel-classic.mdl
16:04:17 | WARNING: More than one shader node tex image used for a texture. The resulting glTF sampler will behave like the first shader node tex image.
16:04:17 | INFO: Primitives created: 3
16:04:17 | INFO: Finished glTF 2.0 export in 0.021831750869750977 s

16:04:18 | INFO: Data are loaded, start creating Blender stuff
16:04:18 | INFO: Blender create Mesh node pimley_mack_cruiseliner.mdl
16:04:18 | INFO: Blender create Mesh node pimley_mack_interior.mdl
16:04:18 | INFO: Blender create Mesh node pimley_mack_wheels1.mdl
16:04:18 | INFO: Blender create Mesh node pimley_mack_wheels1.mdl
16:04:18 | INFO: Blender create Mesh node pimley_mack_wheels2.mdl
16:04:18 | INFO: Blender create Mesh node pimley_mack_wheels2.mdl
16:04:18 | INFO: Blender create Mesh node pimley_mack_wheels2.mdl
16:04:18 | INFO: Blender create Mesh node pimley_mack_wheels2.mdl
16:04:18 | INFO: glTF import finished in 0.02s
16:04:18 | INFO: Starting glTF 2.0 export
16:04:18 | INFO: Extracting primitive: pimley_mack_cruiseliner.mdl
16:04:18 | WARNING: More than one shader node tex image used for a texture. The resulting glTF sampler will behave like the first shader node tex image.
16:04:18 | INFO: Primitives created: 5
16:04:18 | INFO: Extracting primitive: pimley_mack_interior.mdl
16:04:18 | INFO: Primitives created: 1
16:04:18 | INFO: Extracting primitive: pimley_mack_wheels1.mdl
16:04:18 | WARNING: More than one shader node tex image used for a texture. The resulting glTF sampler will behave like the first shader node tex image.
16:04:18 | INFO: Primitives created: 2
16:04:18 | INFO: Extracting primitive: pimley_mack_wheels1.mdl.001
16:04:18 | WARNING: More than one shader node tex image used for a texture. The resulting glTF sampler will behave like the first shader node tex image.
16:04:18 | INFO: Primitives created: 2
16:04:18 | INFO: Extracting primitive: pimley_mack_wheels2.mdl
16:04:18 | INFO: Primitives created: 1
16:04:18 | INFO: Extracting primitive: pimley_mack_wheels2.mdl.001
16:04:18 | INFO: Primitives created: 1
16:04:18 | INFO: Extracting primitive: pimley_mack_wheels2.mdl.002
16:04:18 | INFO: Primitives created: 1
16:04:18 | INFO: Extracting primitive: pimley_mack_wheels2.mdl.003
16:04:18 | INFO: Primitives created: 1
16:04:18 | INFO: Finished glTF 2.0 export in 0.023415803909301758 s

16:04:18 | INFO: Starting glTF 2.0 export
16:04:18 | INFO: Extracting primitive: pimley_mack_cruiseliner.mdl
16:04:18 | WARNING: More than one shader node tex image used for a texture. The resulting glTF sampler will behave like the first shader node tex image.
16:04:18 | INFO: Primitives created: 5
16:04:18 | INFO: Extracting primitive: pimley_mack_interior.mdl
16:04:18 | INFO: Primitives created: 1
16:04:18 | INFO: Extracting primitive: pimley_mack_wheels1.mdl
16:04:18 | WARNING: More than one shader node tex image used for a texture. The resulting glTF sampler will behave like the first shader node tex image.
16:04:18 | INFO: Primitives created: 2
16:04:18 | INFO: Extracting primitive: pimley_mack_wheels1.mdl.001
16:04:18 | WARNING: More than one shader node tex image used for a texture. The resulting glTF sampler will behave like the first shader node tex image.
16:04:18 | INFO: Primitives created: 2
16:04:18 | INFO: Extracting primitive: pimley_mack_wheels2.mdl
16:04:18 | INFO: Primitives created: 1
16:04:18 | INFO: Extracting primitive: pimley_mack_wheels2.mdl.001
16:04:18 | INFO: Primitives created: 1
16:04:18 | INFO: Extracting primitive: pimley_mack_wheels2.mdl.002
16:04:18 | INFO: Primitives created: 1
16:04:18 | INFO: Extracting primitive: pimley_mack_wheels2.mdl.003
16:04:18 | INFO: Primitives created: 1
16:04:18 | INFO: Finished glTF 2.0 export in 0.029664039611816406 s

PASS Redline Blender roundtrip: {"blender": "4.5.14 LTS", "cars": [{"length_multiplier": 1.1, "native_car_id": "shared/base/500gt.car", "triangles": 1576, "wheels": 4}, {"length_multiplier": 1.1, "native_car_id": "addons/077-gcw-mog3w.v1.10.zip/packages/00/gcw-mog3w.car", "triangles": 4024, "wheels": 3}, {"length_multiplier": 1.1, "native_car_id": "addons/039-mackcruiseliner_1.0.zip/packages/00/pimley_mack_cruiseliner.car", "triangles": 8260, "wheels": 6}], "claim_limits": ["Three static assemblies; original-game shaders and animations unverified."], "model_files_preserved": 256}
Blender 4.5.14 LTS (hash 62c1db4208e8 built 2026-09-15 01:30:44)

Blender quit
