E01 corrected material {"selected":"GRAN_TORINO","wrongMaps":0,"blackHeaders":4,"memory":{"geometries":103,"textures":2}}
E13 captured linear/no-mip default and Sharp pixels round trip passed
E05 download byte-identical and parseable 1225208
E02 failed switch {"car":"COBRA","shown":null,"download":null,"recordEnabled":false,"status":"This model could not be loaded."}
E03 same-car retry passed
E06 delayed obsolete selection cannot overwrite F350
E07 malformed GLB failure is actionable
E08 5.5s valid load no false startup error
E11 stalled request times out with retry after 15s
E12 corrupted embedded PNG rejected without stale download
corpus start 49_COUPE
corpus start 49_COUPE_MOVIE
corpus start COBRA
corpus start CROWN_VICTORIA
corpus start EX
corpus start EXPLORER
corpus start F100_1956
corpus start F100_1965
corpus start F150
corpus start F150_2004
corpus start F350
corpus start FOCUS_FR200
corpus start FOCUS_SVT
corpus start FOCUS_WRC
corpus start FORD_GT
corpus start FORTYNINE
corpus start FR500
corpus start GRAN_TORINO
corpus start GT90
corpus start INDIGO
corpus start LIGHTNING_SVT
corpus start MACH1_AGENT
corpus start MACH1_SIXTY
corpus start MACH3
corpus start MUSTANG_68
corpus start MUSTANG_68B
corpus start MUSTANG_CONCEPT
corpus start POWERSTROKE
corpus start TAURUS_STOCK_A
corpus start TAURUS_STOCK_B
corpus start TAURUS_STOCK_C
corpus start TAURUS_STOCK_D
corpus start THUNDERBIRD
corpus start THUNDERBIRD_2002
corpus start THUNDERBIRD_MOVIE
E09 corpus traversal {"cars":35,"wrongMaps":0,"variants":134,"elapsedMs":51617,"memory":{"geometries":114,"textures":2}}
E10 mobile overflow 0
E04 gallery keyboard car/filter activation and search recovery passed
pageErrors [] all requests local
