{"file":"49_COUPE.glb","errors":0,"warnings":0}
{"file":"49_COUPE_MOVIE.glb","errors":0,"warnings":0}
{"file":"COBRA.glb","errors":0,"warnings":0}
{"file":"CROWN_VICTORIA.glb","errors":0,"warnings":0}
{"file":"EX.glb","errors":0,"warnings":0}
{"file":"EXPLORER.glb","errors":0,"warnings":0}
{"file":"F100_1956.glb","errors":0,"warnings":0}
{"file":"F100_1965.glb","errors":0,"warnings":0}
{"file":"F150.glb","errors":0,"warnings":0}
{"file":"F150_2004.glb","errors":0,"warnings":0}
{"file":"F350.glb","errors":0,"warnings":0}
{"file":"FOCUS_FR200.glb","errors":0,"warnings":0}
{"file":"FOCUS_SVT.glb","errors":0,"warnings":0}
{"file":"FOCUS_WRC.glb","errors":0,"warnings":0}
{"file":"FORD_GT.glb","errors":0,"warnings":0}
{"file":"FORTYNINE.glb","errors":0,"warnings":0}
{"file":"FR500.glb","errors":0,"warnings":0}
{"file":"GRAN_TORINO.glb","errors":0,"warnings":0}
{"file":"GT90.glb","errors":0,"warnings":0}
{"file":"INDIGO.glb","errors":0,"warnings":0}
{"file":"LIGHTNING_SVT.glb","errors":0,"warnings":0}
{"file":"MACH1_AGENT.glb","errors":0,"warnings":0}
{"file":"MACH1_SIXTY.glb","errors":0,"warnings":0}
{"file":"MACH3.glb","errors":0,"warnings":0}
{"file":"MUSTANG_68.glb","errors":0,"warnings":0}
{"file":"MUSTANG_68B.glb","errors":0,"warnings":0}
{"file":"MUSTANG_CONCEPT.glb","errors":0,"warnings":0}
{"file":"POWERSTROKE.glb","errors":0,"warnings":0}
{"file":"TAURUS_STOCK_A.glb","errors":0,"warnings":0}
{"file":"TAURUS_STOCK_B.glb","errors":0,"warnings":0}
{"file":"TAURUS_STOCK_C.glb","errors":0,"warnings":0}
{"file":"TAURUS_STOCK_D.glb","errors":0,"warnings":0}
{"file":"THUNDERBIRD.glb","errors":0,"warnings":0}
{"file":"THUNDERBIRD_2002.glb","errors":0,"warnings":0}
{"file":"THUNDERBIRD_MOVIE.glb","errors":0,"warnings":0}
