17:44:29 | INFO: Data are loaded, start creating Blender stuff
17:44:29 | INFO: Blender create Mesh node record_001
17:44:29 | INFO: Blender create Mesh node record_002
17:44:29 | INFO: Blender create Mesh node record_003
17:44:29 | INFO: Blender create Mesh node record_004
17:44:29 | INFO: Blender create Mesh node record_005
17:44:29 | INFO: Blender create Mesh node record_006
17:44:29 | INFO: Blender create Mesh node record_007
17:44:29 | INFO: Blender create Mesh node record_008
17:44:29 | INFO: Blender create Mesh node record_009
17:44:29 | INFO: Blender create Mesh node record_010
17:44:29 | INFO: Blender create Mesh node record_011
17:44:29 | INFO: Blender create Mesh node record_012
17:44:29 | INFO: Blender create Mesh node record_013
17:44:29 | INFO: Blender create Mesh node record_014
17:44:29 | INFO: Blender create Mesh node record_015
17:44:29 | INFO: Blender create Mesh node record_016
17:44:29 | INFO: Blender create Mesh node record_017
17:44:29 | INFO: Blender create Mesh node record_018
17:44:29 | INFO: Blender create Mesh node record_019
17:44:29 | INFO: Blender create Mesh node record_020
17:44:29 | INFO: Blender create Mesh node record_021
17:44:29 | INFO: Blender create Mesh node record_022
17:44:29 | INFO: Blender create Mesh node record_023
17:44:29 | INFO: Blender create Mesh node record_024
17:44:29 | INFO: Blender create Mesh node record_025
17:44:29 | INFO: Blender create Mesh node record_026
17:44:29 | INFO: Blender create Mesh node record_027
17:44:29 | INFO: Blender create Mesh node record_028
17:44:29 | INFO: Blender create Mesh node record_029
17:44:29 | INFO: Blender create Mesh node record_030
17:44:29 | INFO: Blender create Mesh node record_031
17:44:29 | INFO: Blender create Mesh node record_032
17:44:29 | INFO: Blender create Mesh node record_033
17:44:29 | INFO: Blender create Mesh node record_034
17:44:29 | INFO: Blender create Mesh node record_035
17:44:29 | INFO: Blender create Mesh node record_036
17:44:29 | INFO: Blender create Mesh node record_037
17:44:29 | INFO: Blender create Mesh node record_038
17:44:29 | INFO: glTF import finished in 0.18s
Blender 4.5.14 LTS (hash 62c1db4208e8 built 2026-09-15 01:30:44)
Traceback (most recent call last):
  File "/Users/Nicolas/Documents/github/hermes/projects/carmodels/tools/validate_blender_import.py", line 42, in <module>
    assert len(objects) == mesh_objects, (path.name, name, len(objects), mesh_objects)
           ^^^^^^^^^^^^^^^^^^^^^^^^^^^^
AssertionError: ('49_COUPE.glb', 'Scene', 74, 38)

Blender quit
