17:46:23 | INFO: Data are loaded, start creating Blender stuff
17:46:23 | INFO: Blender create Mesh node record_001
17:46:23 | INFO: Blender create Mesh node record_002
17:46:23 | INFO: Blender create Mesh node record_003
17:46:23 | INFO: Blender create Mesh node record_004
17:46:23 | INFO: Blender create Mesh node record_005
17:46:23 | INFO: Blender create Mesh node record_006
17:46:23 | INFO: Blender create Mesh node record_007
17:46:23 | INFO: Blender create Mesh node record_008
17:46:23 | INFO: Blender create Mesh node record_009
17:46:23 | INFO: Blender create Mesh node record_010
17:46:23 | INFO: Blender create Mesh node record_011
17:46:23 | INFO: Blender create Mesh node record_012
17:46:23 | INFO: Blender create Mesh node record_013
17:46:23 | INFO: Blender create Mesh node record_014
17:46:23 | INFO: Blender create Mesh node record_015
17:46:23 | INFO: Blender create Mesh node record_016
17:46:23 | INFO: Blender create Mesh node record_017
17:46:23 | INFO: Blender create Mesh node record_018
17:46:23 | INFO: Blender create Mesh node record_019
17:46:23 | INFO: Blender create Mesh node record_020
17:46:23 | INFO: Blender create Mesh node record_021
17:46:23 | INFO: Blender create Mesh node record_022
17:46:23 | INFO: Blender create Mesh node record_023
17:46:23 | INFO: Blender create Mesh node record_024
17:46:23 | INFO: Blender create Mesh node record_025
17:46:23 | INFO: Blender create Mesh node record_026
17:46:23 | INFO: Blender create Mesh node record_027
17:46:23 | INFO: Blender create Mesh node record_028
17:46:23 | INFO: Blender create Mesh node record_029
17:46:23 | INFO: Blender create Mesh node record_030
17:46:23 | INFO: Blender create Mesh node record_031
17:46:23 | INFO: Blender create Mesh node record_032
17:46:23 | INFO: Blender create Mesh node record_033
17:46:23 | INFO: Blender create Mesh node record_034
17:46:23 | INFO: Blender create Mesh node record_035
17:46:23 | INFO: Blender create Mesh node record_036
17:46:23 | INFO: Blender create Mesh node record_037
17:46:23 | INFO: Blender create Mesh node record_038
17:46:23 | INFO: glTF import finished in 0.33s
Blender 4.5.14 LTS (hash 62c1db4208e8 built 2026-09-15 01:30:44)
Traceback (most recent call last):
  File "/Users/Nicolas/Documents/github/hermes/projects/carmodels/tools/validate_blender_import.py", line 45, in <module>
    assert len(images) == len(doc['images']), (path.name, len(images), len(doc['images']))
           ^^^^^^^^^^^^^^^^^^^^^^^^^^^^^^^^^
AssertionError: ('49_COUPE.glb', 5, 17)

Blender quit
