17:45:17 | INFO: Data are loaded, start creating Blender stuff
17:45:17 | INFO: Blender create Mesh node record_001
17:45:17 | INFO: Blender create Mesh node record_002
17:45:17 | INFO: Blender create Mesh node record_003
17:45:17 | INFO: Blender create Mesh node record_004
17:45:17 | INFO: Blender create Mesh node record_005
17:45:17 | INFO: Blender create Mesh node record_006
17:45:17 | INFO: Blender create Mesh node record_007
17:45:17 | INFO: Blender create Mesh node record_008
17:45:17 | INFO: Blender create Mesh node record_009
17:45:17 | INFO: Blender create Mesh node record_010
17:45:17 | INFO: Blender create Mesh node record_011
17:45:17 | INFO: Blender create Mesh node record_012
17:45:17 | INFO: Blender create Mesh node record_013
17:45:17 | INFO: Blender create Mesh node record_014
17:45:17 | INFO: Blender create Mesh node record_015
17:45:17 | INFO: Blender create Mesh node record_016
17:45:17 | INFO: Blender create Mesh node record_017
17:45:17 | INFO: Blender create Mesh node record_018
17:45:17 | INFO: Blender create Mesh node record_019
17:45:17 | INFO: Blender create Mesh node record_020
17:45:17 | INFO: Blender create Mesh node record_021
17:45:17 | INFO: Blender create Mesh node record_022
17:45:17 | INFO: Blender create Mesh node record_023
17:45:17 | INFO: Blender create Mesh node record_024
17:45:17 | INFO: Blender create Mesh node record_025
17:45:17 | INFO: Blender create Mesh node record_026
17:45:17 | INFO: Blender create Mesh node record_027
17:45:17 | INFO: Blender create Mesh node record_028
17:45:17 | INFO: Blender create Mesh node record_029
17:45:17 | INFO: Blender create Mesh node record_030
17:45:17 | INFO: Blender create Mesh node record_031
17:45:17 | INFO: Blender create Mesh node record_032
17:45:17 | INFO: Blender create Mesh node record_033
17:45:17 | INFO: Blender create Mesh node record_034
17:45:17 | INFO: Blender create Mesh node record_035
17:45:17 | INFO: Blender create Mesh node record_036
17:45:17 | INFO: Blender create Mesh node record_037
17:45:17 | INFO: Blender create Mesh node record_038
17:45:17 | INFO: glTF import finished in 0.08s
Blender 4.5.14 LTS (hash 62c1db4208e8 built 2026-09-15 01:30:44)
Traceback (most recent call last):
  File "/Users/Nicolas/Documents/github/hermes/projects/carmodels/tools/validate_blender_import.py", line 32, in <module>
    assert collection is not None, (path.name, scene_index, name, list(bpy.data.collections.keys()))
           ^^^^^^^^^^^^^^^^^^^^^^
AssertionError: ('49_COUPE.glb', 0, 'Scene', ['Candidate tree 0 — all states', 'Candidate tree 1 — all states', 'Candidate tree 2 — all states', 'Candidate tree 3 — all states', 'Candidate tree 4 — all states', 'Scene 0'])

Blender quit
