14:30:38 | INFO: Data are loaded, start creating Blender stuff
14:30:38 | INFO: Blender create Mesh node record_001
14:30:38 | INFO: Blender create Mesh node record_002
14:30:38 | INFO: Blender create Mesh node record_003
14:30:38 | INFO: Blender create Mesh node record_004
14:30:38 | INFO: Blender create Mesh node record_005
14:30:38 | INFO: Blender create Mesh node record_006
14:30:38 | INFO: Blender create Mesh node record_007
14:30:38 | INFO: Blender create Mesh node record_008
14:30:38 | INFO: Blender create Mesh node record_009
14:30:38 | INFO: Blender create Mesh node record_010
14:30:38 | INFO: Blender create Mesh node record_011
14:30:38 | INFO: Blender create Mesh node record_012
14:30:38 | INFO: Blender create Mesh node record_013
14:30:38 | INFO: Blender create Mesh node record_014
14:30:38 | INFO: Blender create Mesh node record_015
14:30:38 | INFO: Blender create Mesh node record_016
14:30:38 | INFO: Blender create Mesh node record_017
14:30:38 | INFO: Blender create Mesh node record_018
14:30:38 | INFO: Blender create Mesh node record_019
14:30:38 | INFO: Blender create Mesh node record_020
14:30:38 | INFO: Blender create Mesh node record_021
14:30:38 | INFO: Blender create Mesh node record_022
14:30:38 | INFO: Blender create Mesh node record_023
14:30:38 | INFO: Blender create Mesh node record_024
14:30:38 | INFO: Blender create Mesh node record_025
14:30:38 | INFO: Blender create Mesh node record_026
14:30:38 | INFO: Blender create Mesh node record_027
14:30:38 | INFO: Blender create Mesh node record_028
14:30:38 | INFO: Blender create Mesh node record_029
14:30:38 | INFO: Blender create Mesh node record_030
14:30:38 | INFO: Blender create Mesh node record_031
14:30:38 | INFO: Blender create Mesh node record_032
14:30:38 | INFO: Blender create Mesh node record_033
14:30:38 | INFO: Blender create Mesh node record_034
14:30:38 | INFO: Blender create Mesh node record_035
14:30:38 | INFO: Blender create Mesh node record_036
14:30:38 | INFO: Blender create Mesh node record_037
14:30:38 | INFO: Blender create Mesh node record_038
14:30:38 | INFO: Blender create Mesh node record_039
14:30:38 | INFO: Blender create Mesh node record_040
14:30:38 | INFO: Blender create Mesh node record_041
14:30:38 | INFO: Blender create Mesh node record_042
14:30:38 | INFO: glTF import finished in 0.06s
INFO Draco mesh compression is available, use library at /Users/Nicolas/Documents/github/hermes/projects/carmodels/.scratch/blender-4.5.14/Blender.app/Contents/Resources/4.5/scripts/addons_core/io_scene_gltf2/libextern_draco.dylib
14:30:38 | INFO: Starting glTF 2.0 export
14:30:38 | INFO: Extracting primitive: record_001
14:30:38 | INFO: Primitives created: 2
14:30:38 | INFO: Extracting primitive: record_003
14:30:38 | INFO: Primitives created: 1
14:30:38 | INFO: Extracting primitive: record_004
14:30:38 | INFO: Primitives created: 1
14:30:38 | INFO: Extracting primitive: record_010
14:30:38 | INFO: Primitives created: 1
14:30:38 | INFO: Extracting primitive: record_008
14:30:38 | INFO: Primitives created: 1
14:30:38 | INFO: Extracting primitive: record_014
14:30:38 | INFO: Primitives created: 1
14:30:38 | INFO: Extracting primitive: record_012
14:30:38 | INFO: Primitives created: 1
14:30:38 | INFO: Extracting primitive: record_005
14:30:38 | INFO: Primitives created: 1
14:30:38 | INFO: Finished glTF 2.0 export in 0.05843997001647949 s

14:30:38 | INFO: Starting glTF 2.0 export
14:30:38 | INFO: Extracting primitive: record_001
14:30:38 | INFO: Primitives created: 2
14:30:38 | INFO: Extracting primitive: record_003
14:30:38 | INFO: Primitives created: 1
14:30:38 | INFO: Extracting primitive: record_004
14:30:38 | INFO: Primitives created: 1
14:30:38 | INFO: Extracting primitive: record_010
14:30:38 | INFO: Primitives created: 1
14:30:38 | INFO: Extracting primitive: record_008
14:30:38 | INFO: Primitives created: 1
14:30:38 | INFO: Extracting primitive: record_014
14:30:38 | INFO: Primitives created: 1
14:30:38 | INFO: Extracting primitive: record_012
14:30:38 | INFO: Primitives created: 1
14:30:38 | INFO: Extracting primitive: record_005
14:30:38 | INFO: Primitives created: 1
14:30:38 | INFO: Finished glTF 2.0 export in 0.009613990783691406 s

PASS dealership Blender roundtrip: {"blender": "4.5.14 LTS", "car": "GRAN_TORINO", "claim_limits": ["One static car import/edit/export/rebuild, not all DCC exporters or animation.", "No original-game shading fidelity claim."], "length_multiplier": 1.2, "model_files_preserved": 926, "triangles": 4072}
Blender 4.5.14 LTS (hash 62c1db4208e8 built 2026-09-15 01:30:44)

Blender quit
