14:30:50 | INFO: Data are loaded, start creating Blender stuff
14:30:50 | INFO: Blender create Mesh node 500gt.mdl
14:30:50 | INFO: Blender create Mesh node 500gt-interior.mdl
14:30:50 | INFO: Blender create Mesh node wheel-classic-disc.mdl
14:30:50 | INFO: Blender create Mesh node wheel-classic-disc.mdl
14:30:50 | INFO: Blender create Mesh node wheel-classic-disc.mdl
14:30:50 | INFO: Blender create Mesh node wheel-classic-disc.mdl
14:30:50 | INFO: glTF import finished in 0.04s
INFO Draco mesh compression is available, use library at /Users/Nicolas/Documents/github/hermes/projects/carmodels/.scratch/blender-4.5.14/Blender.app/Contents/Resources/4.5/scripts/addons_core/io_scene_gltf2/libextern_draco.dylib
14:30:50 | INFO: Starting glTF 2.0 export
14:30:50 | INFO: Extracting primitive: 500gt.mdl
14:30:50 | WARNING: More than one shader node tex image used for a texture. The resulting glTF sampler will behave like the first shader node tex image.
14:30:50 | INFO: Primitives created: 4
14:30:50 | INFO: Extracting primitive: 500gt-interior.mdl
14:30:50 | INFO: Primitives created: 1
14:30:50 | INFO: Extracting primitive: wheel-classic-disc.mdl
14:30:50 | WARNING: More than one shader node tex image used for a texture. The resulting glTF sampler will behave like the first shader node tex image.
14:30:50 | WARNING: More than one shader node tex image used for a texture. The resulting glTF sampler will behave like the first shader node tex image.
14:30:50 | INFO: Primitives created: 4
14:30:50 | INFO: Extracting primitive: wheel-classic-disc.mdl.001
14:30:50 | WARNING: More than one shader node tex image used for a texture. The resulting glTF sampler will behave like the first shader node tex image.
14:30:50 | WARNING: More than one shader node tex image used for a texture. The resulting glTF sampler will behave like the first shader node tex image.
14:30:50 | INFO: Primitives created: 4
14:30:50 | INFO: Extracting primitive: wheel-classic-disc.mdl.002
14:30:50 | WARNING: More than one shader node tex image used for a texture. The resulting glTF sampler will behave like the first shader node tex image.
14:30:50 | WARNING: More than one shader node tex image used for a texture. The resulting glTF sampler will behave like the first shader node tex image.
14:30:50 | INFO: Primitives created: 4
14:30:50 | INFO: Extracting primitive: wheel-classic-disc.mdl.003
14:30:50 | WARNING: More than one shader node tex image used for a texture. The resulting glTF sampler will behave like the first shader node tex image.
14:30:50 | WARNING: More than one shader node tex image used for a texture. The resulting glTF sampler will behave like the first shader node tex image.
14:30:50 | INFO: Primitives created: 4
14:30:50 | INFO: Finished glTF 2.0 export in 0.030212879180908203 s

14:30:50 | INFO: Starting glTF 2.0 export
14:30:50 | INFO: Extracting primitive: 500gt.mdl
14:30:50 | WARNING: More than one shader node tex image used for a texture. The resulting glTF sampler will behave like the first shader node tex image.
14:30:50 | INFO: Primitives created: 4
14:30:50 | INFO: Extracting primitive: 500gt-interior.mdl
14:30:50 | INFO: Primitives created: 1
14:30:50 | INFO: Extracting primitive: wheel-classic-disc.mdl
14:30:50 | WARNING: More than one shader node tex image used for a texture. The resulting glTF sampler will behave like the first shader node tex image.
14:30:50 | WARNING: More than one shader node tex image used for a texture. The resulting glTF sampler will behave like the first shader node tex image.
14:30:50 | INFO: Primitives created: 4
14:30:50 | INFO: Extracting primitive: wheel-classic-disc.mdl.001
14:30:50 | WARNING: More than one shader node tex image used for a texture. The resulting glTF sampler will behave like the first shader node tex image.
14:30:50 | WARNING: More than one shader node tex image used for a texture. The resulting glTF sampler will behave like the first shader node tex image.
14:30:50 | INFO: Primitives created: 4
14:30:50 | INFO: Extracting primitive: wheel-classic-disc.mdl.002
14:30:50 | WARNING: More than one shader node tex image used for a texture. The resulting glTF sampler will behave like the first shader node tex image.
14:30:50 | WARNING: More than one shader node tex image used for a texture. The resulting glTF sampler will behave like the first shader node tex image.
14:30:50 | INFO: Primitives created: 4
14:30:50 | INFO: Extracting primitive: wheel-classic-disc.mdl.003
14:30:50 | WARNING: More than one shader node tex image used for a texture. The resulting glTF sampler will behave like the first shader node tex image.
14:30:50 | WARNING: More than one shader node tex image used for a texture. The resulting glTF sampler will behave like the first shader node tex image.
14:30:50 | INFO: Primitives created: 4
14:30:50 | INFO: Finished glTF 2.0 export in 0.040307044982910156 s

14:30:50 | INFO: Data are loaded, start creating Blender stuff
14:30:50 | INFO: Blender create Mesh node gcw-mog3w.mdl
14:30:50 | INFO: Blender create Mesh node wheel-classic-disc.mdl
14:30:50 | INFO: Blender create Mesh node wheel-classic-disc.mdl
14:30:50 | INFO: Blender create Mesh node wheel-classic.mdl
14:30:50 | INFO: glTF import finished in 0.02s
14:30:50 | INFO: Starting glTF 2.0 export
14:30:50 | INFO: Extracting primitive: gcw-mog3w.mdl
14:30:50 | WARNING: More than one shader node tex image used for a texture. The resulting glTF sampler will behave like the first shader node tex image.
14:30:50 | INFO: Primitives created: 12
14:30:50 | INFO: Extracting primitive: wheel-classic-disc.mdl
14:30:50 | WARNING: More than one shader node tex image used for a texture. The resulting glTF sampler will behave like the first shader node tex image.
14:30:50 | WARNING: More than one shader node tex image used for a texture. The resulting glTF sampler will behave like the first shader node tex image.
14:30:50 | INFO: Primitives created: 4
14:30:50 | INFO: Extracting primitive: wheel-classic-disc.mdl.001
14:30:50 | WARNING: More than one shader node tex image used for a texture. The resulting glTF sampler will behave like the first shader node tex image.
14:30:50 | WARNING: More than one shader node tex image used for a texture. The resulting glTF sampler will behave like the first shader node tex image.
14:30:50 | INFO: Primitives created: 4
14:30:50 | INFO: Extracting primitive: wheel-classic.mdl
14:30:50 | WARNING: More than one shader node tex image used for a texture. The resulting glTF sampler will behave like the first shader node tex image.
14:30:50 | INFO: Primitives created: 3
14:30:50 | INFO: Finished glTF 2.0 export in 0.04758882522583008 s

14:30:50 | INFO: Starting glTF 2.0 export
14:30:50 | INFO: Extracting primitive: gcw-mog3w.mdl
14:30:50 | WARNING: More than one shader node tex image used for a texture. The resulting glTF sampler will behave like the first shader node tex image.
14:30:50 | INFO: Primitives created: 12
14:30:50 | INFO: Extracting primitive: wheel-classic-disc.mdl
14:30:50 | WARNING: More than one shader node tex image used for a texture. The resulting glTF sampler will behave like the first shader node tex image.
14:30:50 | WARNING: More than one shader node tex image used for a texture. The resulting glTF sampler will behave like the first shader node tex image.
14:30:50 | INFO: Primitives created: 4
14:30:50 | INFO: Extracting primitive: wheel-classic-disc.mdl.001
14:30:50 | WARNING: More than one shader node tex image used for a texture. The resulting glTF sampler will behave like the first shader node tex image.
14:30:50 | WARNING: More than one shader node tex image used for a texture. The resulting glTF sampler will behave like the first shader node tex image.
14:30:50 | INFO: Primitives created: 4
14:30:50 | INFO: Extracting primitive: wheel-classic.mdl
14:30:50 | WARNING: More than one shader node tex image used for a texture. The resulting glTF sampler will behave like the first shader node tex image.
14:30:50 | INFO: Primitives created: 3
14:30:51 | INFO: Finished glTF 2.0 export in 0.023175954818725586 s

14:30:51 | INFO: Data are loaded, start creating Blender stuff
14:30:51 | INFO: Blender create Mesh node pimley_mack_cruiseliner.mdl
14:30:51 | INFO: Blender create Mesh node pimley_mack_interior.mdl
14:30:51 | INFO: Blender create Mesh node pimley_mack_wheels1.mdl
14:30:51 | INFO: Blender create Mesh node pimley_mack_wheels1.mdl
14:30:51 | INFO: Blender create Mesh node pimley_mack_wheels2.mdl
14:30:51 | INFO: Blender create Mesh node pimley_mack_wheels2.mdl
14:30:51 | INFO: Blender create Mesh node pimley_mack_wheels2.mdl
14:30:51 | INFO: Blender create Mesh node pimley_mack_wheels2.mdl
14:30:51 | INFO: glTF import finished in 0.04s
14:30:51 | INFO: Starting glTF 2.0 export
14:30:51 | INFO: Extracting primitive: pimley_mack_cruiseliner.mdl
14:30:51 | WARNING: More than one shader node tex image used for a texture. The resulting glTF sampler will behave like the first shader node tex image.
14:30:51 | INFO: Primitives created: 5
14:30:51 | INFO: Extracting primitive: pimley_mack_interior.mdl
14:30:51 | INFO: Primitives created: 1
14:30:51 | INFO: Extracting primitive: pimley_mack_wheels1.mdl
14:30:51 | WARNING: More than one shader node tex image used for a texture. The resulting glTF sampler will behave like the first shader node tex image.
14:30:51 | INFO: Primitives created: 2
14:30:51 | INFO: Extracting primitive: pimley_mack_wheels1.mdl.001
14:30:51 | WARNING: More than one shader node tex image used for a texture. The resulting glTF sampler will behave like the first shader node tex image.
14:30:51 | INFO: Primitives created: 2
14:30:51 | INFO: Extracting primitive: pimley_mack_wheels2.mdl
14:30:51 | INFO: Primitives created: 1
14:30:51 | INFO: Extracting primitive: pimley_mack_wheels2.mdl.001
14:30:51 | INFO: Primitives created: 1
14:30:51 | INFO: Extracting primitive: pimley_mack_wheels2.mdl.002
14:30:51 | INFO: Primitives created: 1
14:30:51 | INFO: Extracting primitive: pimley_mack_wheels2.mdl.003
14:30:51 | INFO: Primitives created: 1
14:30:51 | INFO: Finished glTF 2.0 export in 0.05378007888793945 s

14:30:52 | INFO: Starting glTF 2.0 export
14:30:52 | INFO: Extracting primitive: pimley_mack_cruiseliner.mdl
14:30:52 | WARNING: More than one shader node tex image used for a texture. The resulting glTF sampler will behave like the first shader node tex image.
14:30:52 | INFO: Primitives created: 5
14:30:52 | INFO: Extracting primitive: pimley_mack_interior.mdl
14:30:52 | INFO: Primitives created: 1
14:30:52 | INFO: Extracting primitive: pimley_mack_wheels1.mdl
14:30:52 | WARNING: More than one shader node tex image used for a texture. The resulting glTF sampler will behave like the first shader node tex image.
14:30:52 | INFO: Primitives created: 2
14:30:52 | INFO: Extracting primitive: pimley_mack_wheels1.mdl.001
14:30:52 | WARNING: More than one shader node tex image used for a texture. The resulting glTF sampler will behave like the first shader node tex image.
14:30:52 | INFO: Primitives created: 2
14:30:52 | INFO: Extracting primitive: pimley_mack_wheels2.mdl
14:30:52 | INFO: Primitives created: 1
14:30:52 | INFO: Extracting primitive: pimley_mack_wheels2.mdl.001
14:30:52 | INFO: Primitives created: 1
14:30:52 | INFO: Extracting primitive: pimley_mack_wheels2.mdl.002
14:30:52 | INFO: Primitives created: 1
14:30:52 | INFO: Extracting primitive: pimley_mack_wheels2.mdl.003
14:30:52 | INFO: Primitives created: 1
14:30:52 | INFO: Finished glTF 2.0 export in 0.04825282096862793 s

PASS Redline Blender roundtrip: {"blender": "4.5.14 LTS", "cars": [{"length_multiplier": 1.1, "native_car_id": "shared/base/500gt.car", "triangles": 1576, "wheels": 4}, {"length_multiplier": 1.1, "native_car_id": "addons/077-gcw-mog3w.v1.10.zip/packages/00/gcw-mog3w.car", "triangles": 4024, "wheels": 3}, {"length_multiplier": 1.1, "native_car_id": "addons/039-mackcruiseliner_1.0.zip/packages/00/pimley_mack_cruiseliner.car", "triangles": 8260, "wheels": 6}], "claim_limits": ["Three static assemblies; original-game shaders and animations unverified."], "model_files_preserved": 256}
Blender 4.5.14 LTS (hash 62c1db4208e8 built 2026-09-15 01:30:44)

Blender quit
