{"car": "49_COUPE", "textures": 17, "headers": 260}
{"car": "49_COUPE_MOVIE", "textures": 4, "headers": 409}
{"car": "COBRA", "textures": 21, "headers": 326}
{"car": "CROWN_VICTORIA", "textures": 21, "headers": 352}
{"car": "EX", "textures": 21, "headers": 415}
{"car": "EXPLORER", "textures": 21, "headers": 394}
{"car": "F100_1956", "textures": 17, "headers": 334}
{"car": "F100_1965", "textures": 17, "headers": 314}
{"car": "F150", "textures": 21, "headers": 366}
{"car": "F150_2004", "textures": 21, "headers": 373}
{"car": "F350", "textures": 21, "headers": 383}
{"car": "FOCUS_FR200", "textures": 22, "headers": 374}
{"car": "FOCUS_SVT", "textures": 21, "headers": 332}
{"car": "FOCUS_WRC", "textures": 12, "headers": 342}
{"car": "FORD_GT", "textures": 23, "headers": 407}
{"car": "FORTYNINE", "textures": 17, "headers": 322}
{"car": "FR500", "textures": 21, "headers": 365}
{"car": "GRAN_TORINO", "textures": 6, "headers": 313}
{"car": "GT90", "textures": 23, "headers": 356}
{"car": "INDIGO", "textures": 27, "headers": 419}
{"car": "LIGHTNING_SVT", "textures": 21, "headers": 417}
{"car": "MACH1_AGENT", "textures": 5, "headers": 240}
{"car": "MACH1_SIXTY", "textures": 5, "headers": 237}
{"car": "MACH3", "textures": 21, "headers": 309}
{"car": "MUSTANG_68", "textures": 21, "headers": 329}
{"car": "MUSTANG_68B", "textures": 6, "headers": 334}
{"car": "MUSTANG_CONCEPT", "textures": 21, "headers": 355}
{"car": "POWERSTROKE", "textures": 18, "headers": 373}
{"car": "TAURUS_STOCK_A", "textures": 41, "headers": 313}
{"car": "TAURUS_STOCK_B", "textures": 41, "headers": 313}
{"car": "TAURUS_STOCK_C", "textures": 41, "headers": 313}
{"car": "TAURUS_STOCK_D", "textures": 41, "headers": 313}
{"car": "THUNDERBIRD", "textures": 17, "headers": 356}
{"car": "THUNDERBIRD_2002", "textures": 21, "headers": 374}
{"car": "THUNDERBIRD_MOVIE", "textures": 6, "headers": 348}
{"summary": {"models": 35, "geometry_records": 1872, "geometry_headers": 12080, "exact_eof": 35, "textures": 700, "mip_levels_stored": 94, "geometry_samples": 657139}, "formats": {"3": 618, "1": 78, "4": 4}, "profiles": {"3:packed": 567, "3:direct": 51, "1:direct": 78, "4:packed": 4}}
