{"car": "49_COUPE", "adc_suppressed": 5104, "vertices": 14587, "triangles": 8963}
{"car": "49_COUPE_MOVIE", "adc_suppressed": 12626, "vertices": 24377, "triangles": 10933}
{"car": "COBRA", "adc_suppressed": 4857, "vertices": 16709, "triangles": 11200}
{"car": "CROWN_VICTORIA", "adc_suppressed": 5494, "vertices": 18054, "triangles": 11856}
{"car": "EX", "adc_suppressed": 9400, "vertices": 23305, "triangles": 13075}
{"car": "EXPLORER", "adc_suppressed": 9920, "vertices": 22492, "triangles": 11784}
{"car": "F100_1956", "adc_suppressed": 4799, "vertices": 18004, "triangles": 12537}
{"car": "F100_1965", "adc_suppressed": 7900, "vertices": 18278, "triangles": 9750}
{"car": "F150", "adc_suppressed": 9676, "vertices": 20201, "triangles": 9793}
{"car": "F150_2004", "adc_suppressed": 9060, "vertices": 21100, "triangles": 11294}
{"car": "F350", "adc_suppressed": 8913, "vertices": 21055, "triangles": 11376}
{"car": "FOCUS_FR200", "adc_suppressed": 7846, "vertices": 19817, "triangles": 11223}
{"car": "FOCUS_SVT", "adc_suppressed": 6941, "vertices": 17925, "triangles": 10320}
{"car": "FOCUS_WRC", "adc_suppressed": 7396, "vertices": 18201, "triangles": 10121}
{"car": "FORD_GT", "adc_suppressed": 9276, "vertices": 21902, "triangles": 11812}
{"car": "FORTYNINE", "adc_suppressed": 5843, "vertices": 18240, "triangles": 11753}
{"car": "FR500", "adc_suppressed": 6248, "vertices": 20284, "triangles": 13306}
{"car": "GRAN_TORINO", "adc_suppressed": 4563, "vertices": 16669, "triangles": 11480}
{"car": "GT90", "adc_suppressed": 6611, "vertices": 18205, "triangles": 10882}
{"car": "INDIGO", "adc_suppressed": 5911, "vertices": 21205, "triangles": 14456}
{"car": "LIGHTNING_SVT", "adc_suppressed": 10313, "vertices": 23548, "triangles": 12401}
{"car": "MACH1_AGENT", "adc_suppressed": 4025, "vertices": 13327, "triangles": 8822}
{"car": "MACH1_SIXTY", "adc_suppressed": 3986, "vertices": 13238, "triangles": 8778}
{"car": "MACH3", "adc_suppressed": 5171, "vertices": 16523, "triangles": 10734}
{"car": "MUSTANG_68", "adc_suppressed": 4484, "vertices": 17211, "triangles": 12069}
{"car": "MUSTANG_68B", "adc_suppressed": 4484, "vertices": 17259, "triangles": 12107}
{"car": "MUSTANG_CONCEPT", "adc_suppressed": 8332, "vertices": 19632, "triangles": 10590}
{"car": "POWERSTROKE", "adc_suppressed": 9671, "vertices": 21288, "triangles": 10871}
{"car": "TAURUS_STOCK_A", "adc_suppressed": 6216, "vertices": 16672, "triangles": 9830}
{"car": "TAURUS_STOCK_B", "adc_suppressed": 6220, "vertices": 16676, "triangles": 9830}
{"car": "TAURUS_STOCK_C", "adc_suppressed": 6218, "vertices": 16674, "triangles": 9830}
{"car": "TAURUS_STOCK_D", "adc_suppressed": 6218, "vertices": 16674, "triangles": 9830}
{"car": "THUNDERBIRD", "adc_suppressed": 9818, "vertices": 20691, "triangles": 10161}
{"car": "THUNDERBIRD_2002", "adc_suppressed": 6180, "vertices": 19155, "triangles": 12227}
{"car": "THUNDERBIRD_MOVIE", "adc_suppressed": 5729, "vertices": 17961, "triangles": 11536}
