18:34:24 | INFO: Data are loaded, start creating Blender stuff
18:34:24 | INFO: Blender create Mesh node vroot_Suspension_Arm_Front_L_Front_L.mesh
18:34:24 | INFO: Blender create Mesh node vroot_Suspension_Arm_Front_R_Front_R.mesh
18:34:24 | INFO: Blender create Mesh node vroot_Suspension_Arm_Rear_L_Rear_L.mesh
18:34:24 | INFO: Blender create Mesh node vroot_Suspension_Arm_Rear_R_Rear_R.mesh
18:34:24 | INFO: Blender create Mesh node vroot_trunkbone_trunk_lod_trunk_h.mesh
18:34:24 | INFO: Blender create Mesh node vroot_trunkbone_trunk_lod_trunk_h_trunk_backside.mesh
18:34:24 | INFO: Blender create Mesh node vroot_shell_lod_HLOD_HLOD.mesh
18:34:24 | INFO: Blender create Mesh node vroot_shell_lod_HLOD_interior.mesh
18:34:24 | INFO: Blender create Mesh node vroot_shell_lod_HLOD_decals_h.mesh
18:34:24 | INFO: Blender create Mesh node vroot_shell_lod_HLOD_headlights_h.mesh
18:34:24 | INFO: Blender create Mesh node vroot_trunkbone_splr_bone_splr_stk_350z_splr_stk_350z_geo.mesh
18:34:24 | INFO: Blender create Mesh node vroot_hood_hd_stk_350z_hd_stk_350z_geo.mesh
18:34:24 | INFO: Blender create Mesh node vroot_ss_bone_ss_stk_350z_ss_stk_350z_geo.mesh
18:34:24 | INFO: Blender create Mesh node vroot_bmpf_bone_bumpf_stk_350z_bumpf_stk_350z_geo.mesh
18:34:24 | INFO: Blender create Mesh node vroot_bumr_bone_bumr_stk_350z_bumr_stk_350z_geo.mesh
18:34:24 | INFO: Blender create Mesh node vroot_tail_lights_tl_stk_350z_tl_stk_350z_geo.mesh
18:34:24 | INFO: Blender create Mesh node whl_8_rim_0
18:34:24 | INFO: Blender create Mesh node whl_8_tire_0
18:34:24 | INFO: Blender create Mesh node whl_10_rim_0
18:34:24 | INFO: Blender create Mesh node whl_10_tire_0
18:34:24 | INFO: Blender create Mesh node whl_12_rim_0
18:34:24 | INFO: Blender create Mesh node whl_12_tire_0
18:34:24 | INFO: Blender create Mesh node whl_14_rim_0
18:34:24 | INFO: Blender create Mesh node whl_14_tire_0
18:34:24 | INFO: glTF import finished in 0.03s
INFO Draco mesh compression is available, use library at /Users/Nicolas/Documents/github/hermes/projects/carmodels/.scratch/blender-4.5.14/Blender.app/Contents/Resources/4.5/scripts/addons_core/io_scene_gltf2/libextern_draco.dylib
18:34:24 | INFO: Starting glTF 2.0 export
18:34:24 | INFO: Extracting primitive: vroot_Suspension_Arm_Front_L_Front_L.mesh
18:34:24 | INFO: Primitives created: 1
18:34:24 | INFO: Extracting primitive: vroot_Suspension_Arm_Front_R_Front_R.mesh
18:34:24 | INFO: Primitives created: 1
18:34:24 | INFO: Extracting primitive: vroot_Suspension_Arm_Rear_L_Rear_L.mesh
18:34:24 | INFO: Primitives created: 2
18:34:24 | INFO: Extracting primitive: vroot_Suspension_Arm_Rear_R_Rear_R.mesh
18:34:24 | INFO: Primitives created: 2
18:34:24 | INFO: Extracting primitive: vroot_trunkbone_trunk_lod_trunk_h.mesh
18:34:24 | WARNING: More than one shader node tex image used for a texture. The resulting glTF sampler will behave like the first shader node tex image.
18:34:24 | WARNING: More than one shader node tex image used for a texture. The resulting glTF sampler will behave like the first shader node tex image.
18:34:24 | WARNING: More than one shader node tex image used for a texture. The resulting glTF sampler will behave like the first shader node tex image.
18:34:24 | INFO: Primitives created: 9
18:34:24 | INFO: Extracting primitive: vroot_trunkbone_trunk_lod_trunk_h_trunk_backside.mesh
18:34:24 | INFO: Primitives created: 1
18:34:24 | INFO: Extracting primitive: vroot_shell_lod_HLOD_HLOD.mesh
18:34:24 | WARNING: More than one shader node tex image used for a texture. The resulting glTF sampler will behave like the first shader node tex image.
18:34:24 | WARNING: More than one shader node tex image used for a texture. The resulting glTF sampler will behave like the first shader node tex image.
18:34:24 | INFO: Primitives created: 10
18:34:24 | INFO: Extracting primitive: vroot_shell_lod_HLOD_interior.mesh
18:34:24 | INFO: Primitives created: 1
18:34:24 | INFO: Extracting primitive: vroot_shell_lod_HLOD_decals_h.mesh
18:34:24 | INFO: Primitives created: 2
18:34:24 | INFO: Extracting primitive: vroot_shell_lod_HLOD_headlights_h.mesh
18:34:24 | WARNING: More than one shader node tex image used for a texture. The resulting glTF sampler will behave like the first shader node tex image.
18:34:24 | WARNING: More than one shader node tex image used for a texture. The resulting glTF sampler will behave like the first shader node tex image.
18:34:24 | INFO: Primitives created: 7
18:34:24 | INFO: Extracting primitive: vroot_trunkbone_splr_bone_splr_stk_350z_splr_stk_350z_geo.mesh
18:34:24 | INFO: Primitives created: 1
18:34:24 | INFO: Extracting primitive: vroot_hood_hd_stk_350z_hd_stk_350z_geo.mesh
18:34:24 | INFO: Primitives created: 1
18:34:24 | INFO: Extracting primitive: vroot_ss_bone_ss_stk_350z_ss_stk_350z_geo.mesh
18:34:24 | INFO: Primitives created: 2
18:34:24 | INFO: Extracting primitive: vroot_bmpf_bone_bumpf_stk_350z_bumpf_stk_350z_geo.mesh
18:34:24 | INFO: Primitives created: 6
18:34:24 | INFO: Extracting primitive: vroot_bumr_bone_bumr_stk_350z_bumr_stk_350z_geo.mesh
18:34:24 | WARNING: More than one shader node tex image used for a texture. The resulting glTF sampler will behave like the first shader node tex image.
18:34:24 | INFO: Primitives created: 7
18:34:24 | INFO: Extracting primitive: vroot_tail_lights_tl_stk_350z_tl_stk_350z_geo.mesh
18:34:24 | WARNING: More than one shader node tex image used for a texture. The resulting glTF sampler will behave like the first shader node tex image.
18:34:24 | INFO: Primitives created: 4
18:34:24 | INFO: Extracting primitive: whl_8_rim_0
18:34:24 | WARNING: More than one shader node tex image used for a texture. The resulting glTF sampler will behave like the first shader node tex image.
18:34:24 | INFO: Primitives created: 6
18:34:24 | INFO: Extracting primitive: whl_8_tire_0
18:34:24 | WARNING: More than one shader node tex image used for a texture. The resulting glTF sampler will behave like the first shader node tex image.
18:34:24 | INFO: Primitives created: 1
18:34:24 | INFO: Extracting primitive: whl_10_rim_0
18:34:24 | WARNING: More than one shader node tex image used for a texture. The resulting glTF sampler will behave like the first shader node tex image.
18:34:24 | INFO: Primitives created: 6
18:34:24 | INFO: Extracting primitive: whl_10_tire_0
18:34:24 | WARNING: More than one shader node tex image used for a texture. The resulting glTF sampler will behave like the first shader node tex image.
18:34:24 | INFO: Primitives created: 1
18:34:24 | INFO: Extracting primitive: whl_12_rim_0
18:34:24 | WARNING: More than one shader node tex image used for a texture. The resulting glTF sampler will behave like the first shader node tex image.
18:34:24 | INFO: Primitives created: 6
18:34:24 | INFO: Extracting primitive: whl_12_tire_0
18:34:24 | WARNING: More than one shader node tex image used for a texture. The resulting glTF sampler will behave like the first shader node tex image.
18:34:24 | INFO: Primitives created: 1
18:34:24 | INFO: Extracting primitive: whl_14_rim_0
18:34:24 | WARNING: More than one shader node tex image used for a texture. The resulting glTF sampler will behave like the first shader node tex image.
18:34:24 | INFO: Primitives created: 6
18:34:24 | INFO: Extracting primitive: whl_14_tire_0
18:34:24 | WARNING: More than one shader node tex image used for a texture. The resulting glTF sampler will behave like the first shader node tex image.
18:34:24 | INFO: Primitives created: 1
18:34:24 | INFO: Finished glTF 2.0 export in 0.08139681816101074 s

18:34:24 | INFO: Starting glTF 2.0 export
18:34:24 | INFO: Extracting primitive: vroot_Suspension_Arm_Front_L_Front_L.mesh
18:34:24 | INFO: Primitives created: 1
18:34:24 | INFO: Extracting primitive: vroot_Suspension_Arm_Front_R_Front_R.mesh
18:34:24 | INFO: Primitives created: 1
18:34:24 | INFO: Extracting primitive: vroot_Suspension_Arm_Rear_L_Rear_L.mesh
18:34:24 | INFO: Primitives created: 2
18:34:24 | INFO: Extracting primitive: vroot_Suspension_Arm_Rear_R_Rear_R.mesh
18:34:24 | INFO: Primitives created: 2
18:34:24 | INFO: Extracting primitive: vroot_trunkbone_trunk_lod_trunk_h.mesh
18:34:24 | WARNING: More than one shader node tex image used for a texture. The resulting glTF sampler will behave like the first shader node tex image.
18:34:24 | WARNING: More than one shader node tex image used for a texture. The resulting glTF sampler will behave like the first shader node tex image.
18:34:24 | WARNING: More than one shader node tex image used for a texture. The resulting glTF sampler will behave like the first shader node tex image.
18:34:24 | INFO: Primitives created: 9
18:34:24 | INFO: Extracting primitive: vroot_trunkbone_trunk_lod_trunk_h_trunk_backside.mesh
18:34:24 | INFO: Primitives created: 1
18:34:24 | INFO: Extracting primitive: vroot_shell_lod_HLOD_HLOD.mesh
18:34:24 | WARNING: More than one shader node tex image used for a texture. The resulting glTF sampler will behave like the first shader node tex image.
18:34:24 | WARNING: More than one shader node tex image used for a texture. The resulting glTF sampler will behave like the first shader node tex image.
18:34:24 | INFO: Primitives created: 10
18:34:24 | INFO: Extracting primitive: vroot_shell_lod_HLOD_interior.mesh
18:34:24 | INFO: Primitives created: 1
18:34:24 | INFO: Extracting primitive: vroot_shell_lod_HLOD_decals_h.mesh
18:34:24 | INFO: Primitives created: 2
18:34:24 | INFO: Extracting primitive: vroot_shell_lod_HLOD_headlights_h.mesh
18:34:24 | WARNING: More than one shader node tex image used for a texture. The resulting glTF sampler will behave like the first shader node tex image.
18:34:24 | WARNING: More than one shader node tex image used for a texture. The resulting glTF sampler will behave like the first shader node tex image.
18:34:24 | INFO: Primitives created: 7
18:34:24 | INFO: Extracting primitive: vroot_trunkbone_splr_bone_splr_stk_350z_splr_stk_350z_geo.mesh
18:34:24 | INFO: Primitives created: 1
18:34:24 | INFO: Extracting primitive: vroot_hood_hd_stk_350z_hd_stk_350z_geo.mesh
18:34:24 | INFO: Primitives created: 1
18:34:24 | INFO: Extracting primitive: vroot_ss_bone_ss_stk_350z_ss_stk_350z_geo.mesh
18:34:24 | INFO: Primitives created: 2
18:34:24 | INFO: Extracting primitive: vroot_bmpf_bone_bumpf_stk_350z_bumpf_stk_350z_geo.mesh
18:34:24 | INFO: Primitives created: 6
18:34:24 | INFO: Extracting primitive: vroot_bumr_bone_bumr_stk_350z_bumr_stk_350z_geo.mesh
18:34:24 | WARNING: More than one shader node tex image used for a texture. The resulting glTF sampler will behave like the first shader node tex image.
18:34:24 | INFO: Primitives created: 7
18:34:24 | INFO: Extracting primitive: vroot_tail_lights_tl_stk_350z_tl_stk_350z_geo.mesh
18:34:24 | WARNING: More than one shader node tex image used for a texture. The resulting glTF sampler will behave like the first shader node tex image.
18:34:24 | INFO: Primitives created: 4
18:34:24 | INFO: Extracting primitive: whl_8_rim_0
18:34:24 | WARNING: More than one shader node tex image used for a texture. The resulting glTF sampler will behave like the first shader node tex image.
18:34:24 | INFO: Primitives created: 6
18:34:24 | INFO: Extracting primitive: whl_8_tire_0
18:34:24 | WARNING: More than one shader node tex image used for a texture. The resulting glTF sampler will behave like the first shader node tex image.
18:34:24 | INFO: Primitives created: 1
18:34:24 | INFO: Extracting primitive: whl_10_rim_0
18:34:24 | WARNING: More than one shader node tex image used for a texture. The resulting glTF sampler will behave like the first shader node tex image.
18:34:24 | INFO: Primitives created: 6
18:34:24 | INFO: Extracting primitive: whl_10_tire_0
18:34:24 | WARNING: More than one shader node tex image used for a texture. The resulting glTF sampler will behave like the first shader node tex image.
18:34:24 | INFO: Primitives created: 1
18:34:24 | INFO: Extracting primitive: whl_12_rim_0
18:34:24 | WARNING: More than one shader node tex image used for a texture. The resulting glTF sampler will behave like the first shader node tex image.
18:34:24 | INFO: Primitives created: 6
18:34:24 | INFO: Extracting primitive: whl_12_tire_0
18:34:24 | WARNING: More than one shader node tex image used for a texture. The resulting glTF sampler will behave like the first shader node tex image.
18:34:24 | INFO: Primitives created: 1
18:34:24 | INFO: Extracting primitive: whl_14_rim_0
18:34:24 | WARNING: More than one shader node tex image used for a texture. The resulting glTF sampler will behave like the first shader node tex image.
18:34:24 | INFO: Primitives created: 6
18:34:24 | INFO: Extracting primitive: whl_14_tire_0
18:34:24 | WARNING: More than one shader node tex image used for a texture. The resulting glTF sampler will behave like the first shader node tex image.
18:34:24 | INFO: Primitives created: 1
18:34:24 | INFO: Finished glTF 2.0 export in 0.05872392654418945 s

18:34:25 | INFO: Data are loaded, start creating Blender stuff
18:34:25 | INFO: Blender create Mesh node vroot_Suspension_Arm_Front_L_Front_L.mesh
18:34:25 | INFO: Blender create Mesh node vroot_Suspension_Arm_Front_R_Front_R.mesh
18:34:25 | INFO: Blender create Mesh node vroot_Suspension_Arm_Rear_L_Rear_L.mesh
18:34:25 | INFO: Blender create Mesh node vroot_Suspension_Arm_Rear_R_Rear_R.mesh
18:34:25 | INFO: Blender create Mesh node vroot_trunk_trunk_LOD_trunk_h.mesh
18:34:25 | INFO: Blender create Mesh node vroot_body_body_stk_300c_body_stk_LOD_hlod_stk_shell_h.mesh
18:34:25 | INFO: Blender create Mesh node vroot_body_body_stk_300c_body_stk_LOD_hlod_stk_window_h.mesh
18:34:25 | INFO: Blender create Mesh node vroot_body_body_stk_300c_body_stk_LOD_hlod_stk_headlight_h.mesh
18:34:25 | INFO: Blender create Mesh node vroot_body_body_stk_300c_body_stk_LOD_hlod_stk_interior_h.mesh
18:34:25 | INFO: Blender create Mesh node vroot_body_body_stk_300c_body_stk_LOD_hlod_stk_decals.mesh
18:34:25 | INFO: Blender create Mesh node vroot_trunk_spoilers_lsplr_stk_300c_lsplr_stk_300c_geo.mesh
18:34:25 | INFO: Blender create Mesh node vroot_hoodbone_lhd_stk_300c_lhd_stk_300c_geo.mesh
18:34:25 | INFO: Blender create Mesh node vroot_sideskirts_lss_stk_300c_lss_stk_300c_geo.mesh
18:34:25 | INFO: Blender create Mesh node vroot_f_bumpers_lbumf_stk_300c_lbumf_stk_300c_geo.mesh
18:34:25 | INFO: Blender create Mesh node vroot_r_bumpers_lbumr_stk_300c_lbumr_stk_300c_geo.mesh
18:34:25 | INFO: Blender create Mesh node vroot_tail_lights_ltl_stk_300c_ltl_stk_300c_geo.mesh
18:34:25 | INFO: Blender create Mesh node vroot_front_grille_lfg_stk_300c_lfg_stk_300c_geo.mesh
18:34:25 | INFO: Blender create Mesh node vroot_front_grille_lfg_stk_300c_front_badge.mesh
18:34:25 | INFO: Blender create Mesh node whl_10_rim_0
18:34:25 | INFO: Blender create Mesh node whl_10_tire_0
18:34:25 | INFO: Blender create Mesh node whl_12_rim_0
18:34:25 | INFO: Blender create Mesh node whl_12_tire_0
18:34:25 | INFO: Blender create Mesh node whl_14_rim_0
18:34:25 | INFO: Blender create Mesh node whl_14_tire_0
18:34:25 | INFO: Blender create Mesh node whl_16_rim_0
18:34:25 | INFO: Blender create Mesh node whl_16_tire_0
18:34:25 | INFO: glTF import finished in 0.02s
18:34:25 | INFO: Starting glTF 2.0 export
18:34:25 | INFO: Extracting primitive: vroot_Suspension_Arm_Front_L_Front_L.mesh
18:34:25 | INFO: Primitives created: 1
18:34:25 | INFO: Extracting primitive: vroot_Suspension_Arm_Front_R_Front_R.mesh
18:34:25 | INFO: Primitives created: 1
18:34:25 | INFO: Extracting primitive: vroot_Suspension_Arm_Rear_L_Rear_L.mesh
18:34:25 | INFO: Primitives created: 2
18:34:25 | INFO: Extracting primitive: vroot_Suspension_Arm_Rear_R_Rear_R.mesh
18:34:25 | INFO: Primitives created: 2
18:34:25 | INFO: Extracting primitive: vroot_trunk_trunk_LOD_trunk_h.mesh
18:34:25 | WARNING: More than one shader node tex image used for a texture. The resulting glTF sampler will behave like the first shader node tex image.
18:34:25 | WARNING: More than one shader node tex image used for a texture. The resulting glTF sampler will behave like the first shader node tex image.
18:34:25 | WARNING: More than one shader node tex image used for a texture. The resulting glTF sampler will behave like the first shader node tex image.
18:34:25 | INFO: Primitives created: 6
18:34:25 | INFO: Extracting primitive: vroot_body_body_stk_300c_body_stk_LOD_hlod_stk_shell_h.mesh
18:34:25 | WARNING: More than one shader node tex image used for a texture. The resulting glTF sampler will behave like the first shader node tex image.
18:34:25 | WARNING: More than one shader node tex image used for a texture. The resulting glTF sampler will behave like the first shader node tex image.
18:34:25 | WARNING: More than one shader node tex image used for a texture. The resulting glTF sampler will behave like the first shader node tex image.
18:34:25 | INFO: Primitives created: 9
18:34:25 | INFO: Extracting primitive: vroot_body_body_stk_300c_body_stk_LOD_hlod_stk_window_h.mesh
18:34:25 | INFO: Primitives created: 1
18:34:25 | INFO: Extracting primitive: vroot_body_body_stk_300c_body_stk_LOD_hlod_stk_headlight_h.mesh
18:34:25 | WARNING: More than one shader node tex image used for a texture. The resulting glTF sampler will behave like the first shader node tex image.
18:34:25 | WARNING: More than one shader node tex image used for a texture. The resulting glTF sampler will behave like the first shader node tex image.
18:34:25 | INFO: Primitives created: 4
18:34:25 | INFO: Extracting primitive: vroot_body_body_stk_300c_body_stk_LOD_hlod_stk_interior_h.mesh
18:34:25 | WARNING: More than one shader node tex image used for a texture. The resulting glTF sampler will behave like the first shader node tex image.
18:34:25 | INFO: Primitives created: 2
18:34:25 | INFO: Extracting primitive: vroot_body_body_stk_300c_body_stk_LOD_hlod_stk_decals.mesh
18:34:25 | INFO: Primitives created: 2
18:34:25 | INFO: Extracting primitive: vroot_trunk_spoilers_lsplr_stk_300c_lsplr_stk_300c_geo.mesh
18:34:25 | INFO: Primitives created: 1
18:34:25 | INFO: Extracting primitive: vroot_hoodbone_lhd_stk_300c_lhd_stk_300c_geo.mesh
18:34:25 | INFO: Primitives created: 1
18:34:25 | INFO: Extracting primitive: vroot_sideskirts_lss_stk_300c_lss_stk_300c_geo.mesh
18:34:25 | INFO: Primitives created: 1
18:34:25 | INFO: Extracting primitive: vroot_f_bumpers_lbumf_stk_300c_lbumf_stk_300c_geo.mesh
18:34:25 | WARNING: More than one shader node tex image used for a texture. The resulting glTF sampler will behave like the first shader node tex image.
18:34:25 | WARNING: More than one shader node tex image used for a texture. The resulting glTF sampler will behave like the first shader node tex image.
18:34:25 | INFO: Primitives created: 6
18:34:25 | INFO: Extracting primitive: vroot_r_bumpers_lbumr_stk_300c_lbumr_stk_300c_geo.mesh
18:34:25 | INFO: Primitives created: 5
18:34:25 | INFO: Extracting primitive: vroot_tail_lights_ltl_stk_300c_ltl_stk_300c_geo.mesh
18:34:25 | WARNING: More than one shader node tex image used for a texture. The resulting glTF sampler will behave like the first shader node tex image.
18:34:25 | WARNING: More than one shader node tex image used for a texture. The resulting glTF sampler will behave like the first shader node tex image.
18:34:25 | WARNING: More than one shader node tex image used for a texture. The resulting glTF sampler will behave like the first shader node tex image.
18:34:25 | INFO: Primitives created: 4
18:34:25 | INFO: Extracting primitive: vroot_front_grille_lfg_stk_300c_lfg_stk_300c_geo.mesh
18:34:25 | INFO: Primitives created: 2
18:34:25 | INFO: Extracting primitive: vroot_front_grille_lfg_stk_300c_front_badge.mesh
18:34:25 | INFO: Primitives created: 2
18:34:25 | INFO: Extracting primitive: whl_10_rim_0
18:34:25 | WARNING: More than one shader node tex image used for a texture. The resulting glTF sampler will behave like the first shader node tex image.
18:34:25 | INFO: Primitives created: 5
18:34:25 | INFO: Extracting primitive: whl_10_tire_0
18:34:25 | WARNING: More than one shader node tex image used for a texture. The resulting glTF sampler will behave like the first shader node tex image.
18:34:25 | INFO: Primitives created: 1
18:34:25 | INFO: Extracting primitive: whl_12_rim_0
18:34:25 | WARNING: More than one shader node tex image used for a texture. The resulting glTF sampler will behave like the first shader node tex image.
18:34:25 | INFO: Primitives created: 5
18:34:25 | INFO: Extracting primitive: whl_12_tire_0
18:34:25 | WARNING: More than one shader node tex image used for a texture. The resulting glTF sampler will behave like the first shader node tex image.
18:34:25 | INFO: Primitives created: 1
18:34:25 | INFO: Extracting primitive: whl_14_rim_0
18:34:25 | WARNING: More than one shader node tex image used for a texture. The resulting glTF sampler will behave like the first shader node tex image.
18:34:25 | INFO: Primitives created: 5
18:34:25 | INFO: Extracting primitive: whl_14_tire_0
18:34:25 | WARNING: More than one shader node tex image used for a texture. The resulting glTF sampler will behave like the first shader node tex image.
18:34:25 | INFO: Primitives created: 1
18:34:25 | INFO: Extracting primitive: whl_16_rim_0
18:34:25 | WARNING: More than one shader node tex image used for a texture. The resulting glTF sampler will behave like the first shader node tex image.
18:34:25 | INFO: Primitives created: 5
18:34:25 | INFO: Extracting primitive: whl_16_tire_0
18:34:25 | WARNING: More than one shader node tex image used for a texture. The resulting glTF sampler will behave like the first shader node tex image.
18:34:25 | INFO: Primitives created: 1
18:34:25 | INFO: Finished glTF 2.0 export in 0.05919981002807617 s

18:34:25 | INFO: Starting glTF 2.0 export
18:34:25 | INFO: Extracting primitive: vroot_Suspension_Arm_Front_L_Front_L.mesh
18:34:25 | INFO: Primitives created: 1
18:34:25 | INFO: Extracting primitive: vroot_Suspension_Arm_Front_R_Front_R.mesh
18:34:25 | INFO: Primitives created: 1
18:34:25 | INFO: Extracting primitive: vroot_Suspension_Arm_Rear_L_Rear_L.mesh
18:34:25 | INFO: Primitives created: 2
18:34:25 | INFO: Extracting primitive: vroot_Suspension_Arm_Rear_R_Rear_R.mesh
18:34:25 | INFO: Primitives created: 2
18:34:25 | INFO: Extracting primitive: vroot_trunk_trunk_LOD_trunk_h.mesh
18:34:25 | WARNING: More than one shader node tex image used for a texture. The resulting glTF sampler will behave like the first shader node tex image.
18:34:25 | WARNING: More than one shader node tex image used for a texture. The resulting glTF sampler will behave like the first shader node tex image.
18:34:25 | WARNING: More than one shader node tex image used for a texture. The resulting glTF sampler will behave like the first shader node tex image.
18:34:25 | INFO: Primitives created: 6
18:34:25 | INFO: Extracting primitive: vroot_body_body_stk_300c_body_stk_LOD_hlod_stk_shell_h.mesh
18:34:25 | WARNING: More than one shader node tex image used for a texture. The resulting glTF sampler will behave like the first shader node tex image.
18:34:25 | WARNING: More than one shader node tex image used for a texture. The resulting glTF sampler will behave like the first shader node tex image.
18:34:25 | WARNING: More than one shader node tex image used for a texture. The resulting glTF sampler will behave like the first shader node tex image.
18:34:25 | INFO: Primitives created: 9
18:34:25 | INFO: Extracting primitive: vroot_body_body_stk_300c_body_stk_LOD_hlod_stk_window_h.mesh
18:34:25 | INFO: Primitives created: 1
18:34:25 | INFO: Extracting primitive: vroot_body_body_stk_300c_body_stk_LOD_hlod_stk_headlight_h.mesh
18:34:25 | WARNING: More than one shader node tex image used for a texture. The resulting glTF sampler will behave like the first shader node tex image.
18:34:25 | WARNING: More than one shader node tex image used for a texture. The resulting glTF sampler will behave like the first shader node tex image.
18:34:25 | INFO: Primitives created: 4
18:34:25 | INFO: Extracting primitive: vroot_body_body_stk_300c_body_stk_LOD_hlod_stk_interior_h.mesh
18:34:25 | WARNING: More than one shader node tex image used for a texture. The resulting glTF sampler will behave like the first shader node tex image.
18:34:25 | INFO: Primitives created: 2
18:34:25 | INFO: Extracting primitive: vroot_body_body_stk_300c_body_stk_LOD_hlod_stk_decals.mesh
18:34:25 | INFO: Primitives created: 2
18:34:25 | INFO: Extracting primitive: vroot_trunk_spoilers_lsplr_stk_300c_lsplr_stk_300c_geo.mesh
18:34:25 | INFO: Primitives created: 1
18:34:25 | INFO: Extracting primitive: vroot_hoodbone_lhd_stk_300c_lhd_stk_300c_geo.mesh
18:34:25 | INFO: Primitives created: 1
18:34:25 | INFO: Extracting primitive: vroot_sideskirts_lss_stk_300c_lss_stk_300c_geo.mesh
18:34:25 | INFO: Primitives created: 1
18:34:25 | INFO: Extracting primitive: vroot_f_bumpers_lbumf_stk_300c_lbumf_stk_300c_geo.mesh
18:34:25 | WARNING: More than one shader node tex image used for a texture. The resulting glTF sampler will behave like the first shader node tex image.
18:34:25 | WARNING: More than one shader node tex image used for a texture. The resulting glTF sampler will behave like the first shader node tex image.
18:34:25 | INFO: Primitives created: 6
18:34:25 | INFO: Extracting primitive: vroot_r_bumpers_lbumr_stk_300c_lbumr_stk_300c_geo.mesh
18:34:25 | INFO: Primitives created: 5
18:34:25 | INFO: Extracting primitive: vroot_tail_lights_ltl_stk_300c_ltl_stk_300c_geo.mesh
18:34:25 | WARNING: More than one shader node tex image used for a texture. The resulting glTF sampler will behave like the first shader node tex image.
18:34:25 | WARNING: More than one shader node tex image used for a texture. The resulting glTF sampler will behave like the first shader node tex image.
18:34:25 | WARNING: More than one shader node tex image used for a texture. The resulting glTF sampler will behave like the first shader node tex image.
18:34:25 | INFO: Primitives created: 4
18:34:25 | INFO: Extracting primitive: vroot_front_grille_lfg_stk_300c_lfg_stk_300c_geo.mesh
18:34:25 | INFO: Primitives created: 2
18:34:25 | INFO: Extracting primitive: vroot_front_grille_lfg_stk_300c_front_badge.mesh
18:34:25 | INFO: Primitives created: 2
18:34:25 | INFO: Extracting primitive: whl_10_rim_0
18:34:25 | WARNING: More than one shader node tex image used for a texture. The resulting glTF sampler will behave like the first shader node tex image.
18:34:25 | INFO: Primitives created: 5
18:34:25 | INFO: Extracting primitive: whl_10_tire_0
18:34:25 | WARNING: More than one shader node tex image used for a texture. The resulting glTF sampler will behave like the first shader node tex image.
18:34:25 | INFO: Primitives created: 1
18:34:25 | INFO: Extracting primitive: whl_12_rim_0
18:34:25 | WARNING: More than one shader node tex image used for a texture. The resulting glTF sampler will behave like the first shader node tex image.
18:34:25 | INFO: Primitives created: 5
18:34:25 | INFO: Extracting primitive: whl_12_tire_0
18:34:25 | WARNING: More than one shader node tex image used for a texture. The resulting glTF sampler will behave like the first shader node tex image.
18:34:25 | INFO: Primitives created: 1
18:34:25 | INFO: Extracting primitive: whl_14_rim_0
18:34:25 | WARNING: More than one shader node tex image used for a texture. The resulting glTF sampler will behave like the first shader node tex image.
18:34:25 | INFO: Primitives created: 5
18:34:25 | INFO: Extracting primitive: whl_14_tire_0
18:34:25 | WARNING: More than one shader node tex image used for a texture. The resulting glTF sampler will behave like the first shader node tex image.
18:34:25 | INFO: Primitives created: 1
18:34:25 | INFO: Extracting primitive: whl_16_rim_0
18:34:25 | WARNING: More than one shader node tex image used for a texture. The resulting glTF sampler will behave like the first shader node tex image.
18:34:25 | INFO: Primitives created: 5
18:34:25 | INFO: Extracting primitive: whl_16_tire_0
18:34:25 | WARNING: More than one shader node tex image used for a texture. The resulting glTF sampler will behave like the first shader node tex image.
18:34:25 | INFO: Primitives created: 1
18:34:25 | INFO: Finished glTF 2.0 export in 0.061927080154418945 s

18:34:25 | INFO: Data are loaded, start creating Blender stuff
18:34:25 | INFO: Blender create Mesh node fork_lower.mesh
18:34:25 | INFO: Blender create Mesh node spindle_front.mesh
18:34:25 | INFO: Blender create Mesh node sprocket.mesh
18:34:25 | INFO: Blender create Mesh node spindle_rear.mesh
18:34:25 | INFO: Blender create Mesh node fork_upper_h.mesh
18:34:25 | INFO: Blender create Mesh node fork_stretch_h.mesh
18:34:25 | INFO: Blender create Mesh node rear_susp.mesh
18:34:25 | INFO: Blender create Mesh node chain.mesh
18:34:25 | INFO: Blender create Mesh node brake_rear.mesh
18:34:25 | INFO: Blender create Mesh node glass.mesh
18:34:25 | INFO: Blender create Mesh node shock_pCylinder5.mesh
18:34:25 | INFO: Blender create Mesh node shock_pCylinder6.mesh
18:34:25 | INFO: Blender create Mesh node shock_pCylinder7.mesh
18:34:25 | INFO: Blender create Mesh node shock_pCylinder8.mesh
18:34:25 | INFO: Blender create Mesh node exhaust_aprilia.mesh
18:34:25 | INFO: Blender create Mesh node ext_extras.mesh
18:34:25 | INFO: Blender create Mesh node body_h.mesh
18:34:25 | INFO: Blender create Mesh node rlogo.mesh
18:34:25 | INFO: Blender create Mesh node plate_h.mesh
18:34:25 | INFO: Blender create Mesh node windshield_back.mesh
18:34:25 | INFO: Blender create Mesh node whl_2_rim_0
18:34:25 | INFO: Blender create Mesh node whl_2_tire_0
18:34:25 | INFO: Blender create Mesh node whl_4_rim_0
18:34:25 | INFO: Blender create Mesh node whl_4_tire_0
18:34:25 | INFO: glTF import finished in 0.01s
18:34:25 | INFO: Starting glTF 2.0 export
18:34:25 | INFO: Extracting primitive: fork_lower.mesh
18:34:25 | WARNING: More than one shader node tex image used for a texture. The resulting glTF sampler will behave like the first shader node tex image.
18:34:25 | WARNING: More than one shader node tex image used for a texture. The resulting glTF sampler will behave like the first shader node tex image.
18:34:25 | WARNING: More than one shader node tex image used for a texture. The resulting glTF sampler will behave like the first shader node tex image.
18:34:25 | INFO: Primitives created: 3
18:34:25 | INFO: Extracting primitive: spindle_front.mesh
18:34:25 | INFO: Primitives created: 1
18:34:25 | INFO: Extracting primitive: sprocket.mesh
18:34:25 | WARNING: More than one shader node tex image used for a texture. The resulting glTF sampler will behave like the first shader node tex image.
18:34:25 | INFO: Primitives created: 1
18:34:25 | INFO: Extracting primitive: spindle_rear.mesh
18:34:25 | INFO: Primitives created: 1
18:34:25 | INFO: Extracting primitive: fork_upper_h.mesh
18:34:25 | WARNING: More than one shader node tex image used for a texture. The resulting glTF sampler will behave like the first shader node tex image.
18:34:25 | WARNING: More than one shader node tex image used for a texture. The resulting glTF sampler will behave like the first shader node tex image.
18:34:25 | INFO: Primitives created: 5
18:34:25 | INFO: Extracting primitive: fork_stretch_h.mesh
18:34:25 | INFO: Primitives created: 1
18:34:25 | INFO: Extracting primitive: rear_susp.mesh
18:34:25 | INFO: Primitives created: 4
18:34:25 | INFO: Extracting primitive: chain.mesh
18:34:25 | INFO: Primitives created: 1
18:34:25 | INFO: Extracting primitive: brake_rear.mesh
18:34:25 | INFO: Primitives created: 1
18:34:25 | INFO: Extracting primitive: glass.mesh
18:34:25 | INFO: Primitives created: 1
18:34:25 | INFO: Extracting primitive: shock_pCylinder5.mesh
18:34:25 | INFO: Primitives created: 1
18:34:25 | INFO: Extracting primitive: shock_pCylinder6.mesh
18:34:25 | INFO: Primitives created: 1
18:34:25 | INFO: Extracting primitive: shock_pCylinder7.mesh
18:34:25 | INFO: Primitives created: 1
18:34:25 | INFO: Extracting primitive: shock_pCylinder8.mesh
18:34:25 | INFO: Primitives created: 1
18:34:25 | INFO: Extracting primitive: exhaust_aprilia.mesh
18:34:25 | INFO: Primitives created: 4
18:34:25 | INFO: Extracting primitive: ext_extras.mesh
18:34:25 | INFO: Primitives created: 2
18:34:25 | INFO: Extracting primitive: body_h.mesh
18:34:25 | WARNING: More than one shader node tex image used for a texture. The resulting glTF sampler will behave like the first shader node tex image.
18:34:25 | WARNING: More than one shader node tex image used for a texture. The resulting glTF sampler will behave like the first shader node tex image.
18:34:25 | WARNING: More than one shader node tex image used for a texture. The resulting glTF sampler will behave like the first shader node tex image.
18:34:25 | INFO: Primitives created: 13
18:34:25 | INFO: Extracting primitive: rlogo.mesh
18:34:25 | INFO: Primitives created: 1
18:34:25 | INFO: Extracting primitive: plate_h.mesh
18:34:25 | INFO: Primitives created: 2
18:34:25 | INFO: Extracting primitive: windshield_back.mesh
18:34:25 | INFO: Primitives created: 1
18:34:25 | INFO: Extracting primitive: whl_2_rim_0
18:34:25 | INFO: Primitives created: 1
18:34:25 | INFO: Extracting primitive: whl_2_tire_0
18:34:25 | WARNING: More than one shader node tex image used for a texture. The resulting glTF sampler will behave like the first shader node tex image.
18:34:25 | INFO: Primitives created: 1
18:34:25 | INFO: Extracting primitive: whl_4_rim_0
18:34:25 | INFO: Primitives created: 1
18:34:25 | INFO: Extracting primitive: whl_4_tire_0
18:34:25 | WARNING: More than one shader node tex image used for a texture. The resulting glTF sampler will behave like the first shader node tex image.
18:34:25 | INFO: Primitives created: 1
18:34:25 | INFO: Finished glTF 2.0 export in 0.044686079025268555 s

18:34:25 | INFO: Starting glTF 2.0 export
18:34:25 | INFO: Extracting primitive: fork_lower.mesh
18:34:25 | WARNING: More than one shader node tex image used for a texture. The resulting glTF sampler will behave like the first shader node tex image.
18:34:25 | WARNING: More than one shader node tex image used for a texture. The resulting glTF sampler will behave like the first shader node tex image.
18:34:25 | WARNING: More than one shader node tex image used for a texture. The resulting glTF sampler will behave like the first shader node tex image.
18:34:25 | INFO: Primitives created: 3
18:34:25 | INFO: Extracting primitive: spindle_front.mesh
18:34:25 | INFO: Primitives created: 1
18:34:25 | INFO: Extracting primitive: sprocket.mesh
18:34:25 | WARNING: More than one shader node tex image used for a texture. The resulting glTF sampler will behave like the first shader node tex image.
18:34:25 | INFO: Primitives created: 1
18:34:25 | INFO: Extracting primitive: spindle_rear.mesh
18:34:25 | INFO: Primitives created: 1
18:34:25 | INFO: Extracting primitive: fork_upper_h.mesh
18:34:25 | WARNING: More than one shader node tex image used for a texture. The resulting glTF sampler will behave like the first shader node tex image.
18:34:25 | WARNING: More than one shader node tex image used for a texture. The resulting glTF sampler will behave like the first shader node tex image.
18:34:25 | INFO: Primitives created: 5
18:34:25 | INFO: Extracting primitive: fork_stretch_h.mesh
18:34:25 | INFO: Primitives created: 1
18:34:25 | INFO: Extracting primitive: rear_susp.mesh
18:34:25 | INFO: Primitives created: 4
18:34:25 | INFO: Extracting primitive: chain.mesh
18:34:25 | INFO: Primitives created: 1
18:34:25 | INFO: Extracting primitive: brake_rear.mesh
18:34:25 | INFO: Primitives created: 1
18:34:25 | INFO: Extracting primitive: glass.mesh
18:34:25 | INFO: Primitives created: 1
18:34:25 | INFO: Extracting primitive: shock_pCylinder5.mesh
18:34:25 | INFO: Primitives created: 1
18:34:25 | INFO: Extracting primitive: shock_pCylinder6.mesh
18:34:25 | INFO: Primitives created: 1
18:34:25 | INFO: Extracting primitive: shock_pCylinder7.mesh
18:34:25 | INFO: Primitives created: 1
18:34:25 | INFO: Extracting primitive: shock_pCylinder8.mesh
18:34:25 | INFO: Primitives created: 1
18:34:25 | INFO: Extracting primitive: exhaust_aprilia.mesh
18:34:25 | INFO: Primitives created: 4
18:34:25 | INFO: Extracting primitive: ext_extras.mesh
18:34:25 | INFO: Primitives created: 2
18:34:25 | INFO: Extracting primitive: body_h.mesh
18:34:25 | WARNING: More than one shader node tex image used for a texture. The resulting glTF sampler will behave like the first shader node tex image.
18:34:25 | WARNING: More than one shader node tex image used for a texture. The resulting glTF sampler will behave like the first shader node tex image.
18:34:25 | WARNING: More than one shader node tex image used for a texture. The resulting glTF sampler will behave like the first shader node tex image.
18:34:25 | INFO: Primitives created: 13
18:34:25 | INFO: Extracting primitive: rlogo.mesh
18:34:25 | INFO: Primitives created: 1
18:34:25 | INFO: Extracting primitive: plate_h.mesh
18:34:25 | INFO: Primitives created: 2
18:34:25 | INFO: Extracting primitive: windshield_back.mesh
18:34:25 | INFO: Primitives created: 1
18:34:25 | INFO: Extracting primitive: whl_2_rim_0
18:34:25 | INFO: Primitives created: 1
18:34:25 | INFO: Extracting primitive: whl_2_tire_0
18:34:25 | WARNING: More than one shader node tex image used for a texture. The resulting glTF sampler will behave like the first shader node tex image.
18:34:25 | INFO: Primitives created: 1
18:34:25 | INFO: Extracting primitive: whl_4_rim_0
18:34:25 | INFO: Primitives created: 1
18:34:25 | INFO: Extracting primitive: whl_4_tire_0
18:34:25 | WARNING: More than one shader node tex image used for a texture. The resulting glTF sampler will behave like the first shader node tex image.
18:34:25 | INFO: Primitives created: 1
18:34:25 | INFO: Finished glTF 2.0 export in 0.032737016677856445 s

PASS MC3 Blender roundtrip: {"blender": "4.5.14 LTS", "cars": [{"length_multiplier": 1.1, "source_code": "vp_350z_04", "triangles": 8763}, {"length_multiplier": 1.1, "source_code": "vp_chrysler300c_05", "triangles": 9542}, {"length_multiplier": 1.1, "source_code": "vp_aprilia_mille_04", "triangles": 6077}], "claim_limits": ["Three static previews; native shaders and animation unverified."], "model_files_preserved": 188}
Blender 4.5.14 LTS (hash 62c1db4208e8 built 2026-09-15 01:30:44)

Blender quit
