[    0.8242] Program Path: /Users/Nicolas/Documents/github/hermes/projects/carmodels/research/evidence/continuation/runtime/PCSX2.app/Contents/MacOS/PCSX2
[    0.8244] AppRoot Directory: /Users/Nicolas/Documents/github/hermes/projects/carmodels/research/evidence/continuation/runtime
[    0.8248] Resources Directory: /Users/Nicolas/Documents/github/hermes/projects/carmodels/research/evidence/continuation/runtime/PCSX2.app/Contents/Resources
[    0.8249] DataRoot Directory: /Users/Nicolas/Documents/github/hermes/projects/carmodels/research/evidence/continuation/runtime
[    0.8250] Loading config from /Users/Nicolas/Documents/github/hermes/projects/carmodels/research/evidence/continuation/runtime/inis/PCSX2.ini.
[    0.8256] Loading secrets from /Users/Nicolas/Documents/github/hermes/projects/carmodels/research/evidence/continuation/runtime/inis/secrets.ini.
[    0.8269] BIOS Directory: /Users/Nicolas/Library/Application Support/PCSX2/bios
[    0.8269] Snapshots Directory: /Users/Nicolas/Documents/github/hermes/projects/carmodels/research/evidence/continuation/runtime/snaps
[    0.8269] Savestates Directory: /Users/Nicolas/Documents/github/hermes/projects/carmodels/research/evidence/continuation/runtime/sstates
[    0.8270] MemoryCards Directory: /Users/Nicolas/Documents/github/hermes/projects/carmodels/research/evidence/continuation/runtime/memcards
[    0.8270] Logs Directory: /Users/Nicolas/Documents/github/hermes/projects/carmodels/research/evidence/continuation/runtime/logs
[    0.8270] Cheats Directory: /Users/Nicolas/Documents/github/hermes/projects/carmodels/research/evidence/continuation/runtime/cheats
[    0.8270] Patches Directory: /Users/Nicolas/Documents/github/hermes/projects/carmodels/research/evidence/continuation/runtime/patches
[    0.8270] Covers Directory: /Users/Nicolas/Documents/github/hermes/projects/carmodels/research/evidence/continuation/runtime/covers
[    0.8270] Game Settings Directory: /Users/Nicolas/Documents/github/hermes/projects/carmodels/research/evidence/continuation/runtime/gamesettings
[    0.8270] Resources Directory: /Users/Nicolas/Documents/github/hermes/projects/carmodels/research/evidence/continuation/runtime/PCSX2.app/Contents/Resources
[    0.8270] User Resources Directory: /Users/Nicolas/Documents/github/hermes/projects/carmodels/research/evidence/continuation/runtime/resources
[    0.8270] Cache Directory: /Users/Nicolas/Documents/github/hermes/projects/carmodels/research/evidence/continuation/runtime/cache
[    0.8270] Textures Directory: /Users/Nicolas/Documents/github/hermes/projects/carmodels/research/evidence/continuation/runtime/textures
[    0.8270] Input Profile Directory: /Users/Nicolas/Documents/github/hermes/projects/carmodels/research/evidence/continuation/runtime/inputprofiles
[    0.8270] Video Dumping Directory: /Users/Nicolas/Documents/github/hermes/projects/carmodels/research/evidence/continuation/runtime/videos
[    0.8270] Debugger Layouts Directory: /Users/Nicolas/Documents/github/hermes/projects/carmodels/research/evidence/continuation/runtime/inis/debuggerlayouts
[    0.8270] Debugger Settings Directory: /Users/Nicolas/Documents/github/hermes/projects/carmodels/research/evidence/continuation/runtime/inis/debuggersettings
[    0.8279] Loaded translation file for language en-US
[    0.8561] PCSX2 v2.8.2
[    0.8574] Savestate version: 0x9a590000
[    0.8575] 
[    0.8575] 
[    0.8575] Host Machine Init:
[    0.8587]   Operating System = Darwin 25.4.0 x86_64
[    0.8587]   Available RAM    = 3392 MB (3.31 GB)
[    0.8587]   Physical RAM     = 16384 MB (16.00 GB)
[    0.8587] 
[    0.8588]   Processor        = Apple M5 (Rosetta)
[    0.8589]   Core Count       = 10 cores
[    0.8589]   Thread Count     = 10 threads
[    0.8589]   Cluster Count    = 2 clusters
[    0.8589] CPU Extensions Detected:
[    0.8589]   
[    0.8589] 
[    0.8590] Allocating host memory for virtual systems...
[    0.8592]   EE Main Memory                   @ 0x000000013BE70000 -> 0x0000000144D70000 [143mb]
[    0.8593]   IOP Main Memory                  @ 0x0000000144D70000 -> 0x000000014CE70000 [129mb]
[    0.8594]   VU0/1 On-Chip Memory             @ 0x000000014CE70000 -> 0x000000014CF70000 [1mb]
[    0.8594]   VTLB Virtual Map                 @ 0x000000014CF70000 -> 0x000000014D770000 [8mb]
[    0.8594]   VTLB Address Map                 @ 0x000000014D770000 -> 0x000000014DB70000 [4mb]
[    0.8594]   R5900 Recompiler Cache           @ 0x000000014DB70000 -> 0x0000000151B70000 [64mb]
[    0.8594]   R3000A Recompiler Cache          @ 0x0000000151B70000 -> 0x0000000153B70000 [32mb]
[    0.8594]   Micro VU0 Recompiler Cache       @ 0x0000000154B70000 -> 0x0000000158B70000 [64mb]
[    0.8594]   Micro VU1 Recompiler Cache       @ 0x0000000158B70000 -> 0x000000015CB70000 [64mb]
[    0.8594]   VIF0 Unpack Recompiler Cache     @ 0x0000000153B70000 -> 0x0000000154370000 [8mb]
[    0.8594]   VIF1 Unpack Recompiler Cache     @ 0x0000000154370000 -> 0x0000000154B70000 [8mb]
[    0.8595]   VIF Unpack Recompiler Cache      @ 0x000000015CB70000 -> 0x000000015CC70000 [1mb]
[    0.8595]   GS Software Renderer             @ 0x000000015CC70000 -> 0x0000000160C70000 [64mb]
[    0.8611] Fastmem area: 0x20e9be000 - 0x30e9bdfff
[    0.8633] Generating SSE-optimized unpacking functions for VIF interpreters...
[    0.8665] Unpack function generation complete.  Generated function statistics:
[    0.8665]   Reserved buffer    : 1048576 bytes @ 0x000000015CB70000
[    0.8665]   x86 code generated : 6782 bytes
[    0.8665] 
[    0.8672] SDLInputSource: Using Controller DB from resources.
[    0.8683] IOKit is enabled, MFI is enabled.
[    1.3920] SDLInputSource: 357 gamepad mappings are loaded.
[    1.3946] Settings: Advanced Settings are enabled; only proceed if you know what you're doing! No support will be provided if you have the option enabled.
[    1.6840] Scanning /Users/Nicolas/Documents/PCSX2/ROMs (recursively)
[    2.1322] Loading BIOS...
[    2.1332] BIOS Found: USA     v01.60(07/02/2002)  Console 20020207-164243
[    2.1350] BIOS rom1 module not found, skipping...
[    2.1350] BIOS rom2 module not found, skipping...
[    2.1355] Mechacon version: 0x00020603
[    2.1355] Opening CDVD...
[    2.1361] isoFile open ok: /Users/Nicolas/Documents/github/hermes/reverse-engineering/games/ford-racing-2/ford-racing-2.bin
[    2.1361]   Image type  = CD
[    2.1361]   blocks      = 288549
[    2.1361]   offset      = 0
[    2.1361]   blocksize   = 2352
[    2.1361]   blockoffset = 0
[    2.1362]  * CDVD Disk Open: CD, 1 tracks (1 to 1):
[    2.1362]  * * Track 1: Data (Mode 1) (288549 sectors)
[    2.1362] ISOReader: PVD found at index 0
[    2.1362] ISOReader: PVD found at index 0
[    2.1362] (SYSTEM.CNF) Detected PS2 Disc = cdrom0:\SLES_517.05;1
[    2.1362] (SYSTEM.CNF) Software version = 1.00
[    2.1362] (SYSTEM.CNF) Disc region type = PAL
[    2.1362] cdvdLoadElf(): 'cdrom0:\SLES_517.05;1' -> 'SLES_517.05' in ISO.
[    2.1387] Initializing Elf: 1662804 bytes
[    2.1392] GameDB: Has not been initialized yet, initializing...
[    2.2089] GameDB: 12841 games on record (loaded in 69.62ms)
[    2.2089] Disc changed to ford-racing-2.bin.
[    2.2089]   Name: Ford Racing 2
[    2.2089]   Serial: SLES-51705
[    2.2089]   Version: 1.00
[    2.2090]   CRC: 37F695CD
[    2.2090] No game settings found (tried '/Users/Nicolas/Documents/github/hermes/projects/carmodels/research/evidence/continuation/runtime/gamesettings/37F695CD.ini')
[    2.2090] Applying settings...
[    2.2096] [Unsafe Settings] Compatibility Patches are not enabled. Compatibility with some games may be affected.
[    2.2098] OSD [unsafe_settings_warning]:  Compatibility Patches are not enabled. Compatibility with some games may be affected.
[    2.2227] Reopening memory cards...
[    2.2227] McdSlot 0 [File]: [disabled/empty filename]
[    2.2228] McdSlot 1 [File]: [disabled/empty filename]
[    2.2246] HLE Host: Set 'host:' root path to: /Users/Nicolas/Documents/github/hermes/reverse-engineering/games/ford-racing-2
[    2.2251] EE/iR5900 Recompiler Reset
[    2.2933] iR3000A Recompiler reset.
[    2.3157] mVU Reset
[    2.3163] mVU Reset
[    2.3286] Resetting host memory for virtual systems...
[    2.6395] Time Zone Offset: GMT-05:00
[    2.6396] Time Zone Location: United States – Eastern
[    2.6396] DST: Summer Time
[    2.6396] Time Format: 24-Hour
[    2.6396] Date Format: YYYY/MM/DD
[    2.6396] System Time Basis: Operating System Time
[    2.6400] Resulting System Time: 2026-10-04 17:58:42
[    2.6400] Close virtual disk tray
[    2.6401] Media already loaded (fast boot)
[    2.6401] Opening GS...
[    2.7157] acquireRenderWindow() recreate=true fullscreen=false render_to_main=true surfaceless=false
[    2.7264] Surface refresh rate: 60 Hz
[    2.9061] Metal Graphics Driver Info:
[    2.9068] <AGXG17GDevice: 0x7fbd6b84d000>
[    2.9068]     name = Apple M5
[    2.9068]     Texture Swizzle:     Supported
[    2.9068]     Unified Memory:      Supported
[    2.9068]     Framebuffer Fetch:   Supported
[    2.9068]     Memoryless Textures: Supported
[    2.9068]     Primitive ID:        Supported
[    2.9068]     Depth Feedback:      Unsupported
[    2.9068]     ROV:                 Supported
[    2.9069]     Shader Version:      Metal 2.3
[    2.9069]     Max Texture Size:    32768
[    2.9111] (VMManager) Found 4 physical cores and 4 logical cores in perf level 0 (Super), assuming big
[    2.9112] (VMManager) Found 6 physical cores and 6 logical cores in perf level 1 (Efficiency), assuming small
[    2.9116] Opening SPU2...
[    2.9132] Creating Cubeb audio stream, sample rate = 48000, expansion = Disabled, buffer = 50, latency = 20, stretching enabled, driver = , device = 
[    2.9213] MultiPause time: 1ns
[    2.9214] MultiPause time: 1ns
[    3.1630] Minimum latency: 2 ms (128 audio frames)
[    3.1633] Allocated buffer of 38400 frames for buffer of 50 ms [expansion Disabled (block size 2048), stretch enabled, target size 2432].
[    3.6127] cubeb_audiounit.cpp:2501:(0x7fbcdc6b21c0) Opening output side: rate 48000, channels 2, format 2, latency in frames 512.
[    3.6127] cubeb_audiounit.cpp:2528:(0x7fbcdc6b21c0) Output device sampling rate: 48000.00
[    3.6196] cubeb_audiounit.cpp:2327:(0x7fbcdc6b21c0) No need to update output buffer size already 512 frames
[    3.6196] cubeb_audiounit.cpp:2588:(0x7fbcdc6b21c0) Output audiounit init successfully.
[    3.6196] cubeb_resampler_internal.h:553:Input and output sample-rate match, target rate of 48000Hz
[    3.7234] cubeb_audiounit.cpp:2875:(0x7fbcdc6b21c0) Cubeb stream init successful.
[    3.7916] cubeb_audiounit.cpp:2993:Cubeb stream (0x7fbcdc6b21c0) started successfully.
[    3.7917] Initializing Pad...
[    3.7917] Initializing SIO2...
[    3.7917] Initializing SIO0...
[    3.7917] Opening DEV9...
[    3.7919] DEV9: DEV9init
[    3.7920] DEV9: DEV9init2
[    3.7920] DEV9: DEV9init3
[    3.7959] DEV9: DEV9init ok
[    3.7959] DEV9: DEV9open
[    3.7959] Opening USB...
[    3.7959] Opening FW...
[    3.7980] Frame rate: 60, target speed: 1, target frame rate: 60, ticks per frame: 16666666
[    3.8205] VM subsystems initialized in 2123.99 ms
[    3.8247]  ... found 'PCSX2 Internal Structures.dat'
[    3.8247]  ... found 'eeMemory.bin'
[    3.8247]  ... found 'iopMemory.bin'
[    3.8248]  ... found 'eeHwRegs.bin'
[    3.8248]  ... found 'iopHwRegs.bin'
[    3.8248]  ... found 'Scratchpad.bin'
[    3.8248]  ... found 'vu0Memory.bin'
[    3.8248]  ... found 'vu1Memory.bin'
[    3.8248]  ... found 'vu0MicroMem.bin'
[    3.8248]  ... found 'vu1MicroMem.bin'
[    3.8248]  ... found 'SPU2.bin'
[    3.8248]  ... found 'USB.bin'
[    3.8248]  ... found 'PAD.bin'
[    3.8248]  ... found 'GS.bin'
[    3.8249]  ... not found 'Achievements.bin'!
[    3.8661] EE/iR5900 Recompiler Reset
[    3.8891] iR3000A Recompiler reset.
[    3.8984] mVU Reset
[    3.8985] mVU Reset
[    3.9270] MTVU speedhack is enabled, saved states may not be stable
[    3.9272] ISOReader: PVD found at index 0
[    3.9272] cdvdLoadElf(): 'cdrom0:\SLES_517.05;1' -> 'SLES_517.05' in ISO.
[    3.9288] Initializing Elf: 1662804 bytes
[    3.9304] ELF changed, active CRC 37F695CD (cdrom0:\SLES_517.05;1)
[    3.9314] Found 1 game patches in SLES-51705_37F695CD.pnach.
[    3.9316] Applying core settings...
[    3.9319] [Unsafe Settings] Compatibility Patches are not enabled. Compatibility with some games may be affected.
[    3.9319] OSD [unsafe_settings_warning]:  Compatibility Patches are not enabled. Compatibility with some games may be affected.
[    3.9320] GameDB: Enabled GS Hardware Fix: autoFlush to [mode=1]
[    3.9321] GameDB: Enabled GS Hardware Fix: halfPixelOffset to [mode=4]
[    3.9322] GameDB: Enabled GS Hardware Fix: nativeScaling to [mode=1]
[    3.9323] Updating CPU configuration...
[    3.9323] EE/iR5900 Recompiler Reset
[    3.9378] iR3000A Recompiler reset.
[    3.9391] mVU Reset
[    3.9391] mVU Reset
[    3.9619] Updating GS configuration...
[    4.0081]   Loading SPU2
[    4.0153]   Loading GS
[    4.0764] UpdateVSyncRate: Mode Changed to PAL.
[    4.0766] Frame rate: 50, target speed: 1, target frame rate: 50, ticks per frame: 20000000
[    5.3322] microVU0: Cached Prog = [000] [PC=0088] [List=01] (Cache=0.000%) [0.0mb]
[  134.3993] (VMManager) Pausing...
[  134.5219] cubeb_audiounit.cpp:641:(0x7fbcdc6b21c0) output shutdown.
[  134.5350] cubeb_audiounit.cpp:3021:Cubeb stream (0x7fbcdc6b21c0) stopped successfully.
[  134.5841] Add 130 seconds play time to SLES-51705 -> now 880
[  134.8522] cubeb_audiounit.cpp:3021:Cubeb stream (0x7fbcdc6b21c0) stopped successfully.
[  134.8805] cubeb_audiounit.cpp:2954:Cubeb stream (0x7fbcdc6b21c0) destroyed successful.
[  134.8811] DEV9: DEV9close
[  134.8847] SW JIT generated 4037 bytes of code
[  134.9161] DEV9: DEV9shutdown
[  134.9168] NVRAM has not changed, not writing to disk.
[  135.2845] Releasing host memory for virtual systems...
