[    1.1442] Program Path: /Users/Nicolas/Documents/github/hermes/projects/carmodels/research/evidence/continuation/runtime/PCSX2.app/Contents/MacOS/PCSX2
[    1.1450] AppRoot Directory: /Users/Nicolas/Documents/github/hermes/projects/carmodels/research/evidence/continuation/runtime
[    1.1453] Resources Directory: /Users/Nicolas/Documents/github/hermes/projects/carmodels/research/evidence/continuation/runtime/PCSX2.app/Contents/Resources
[    1.1454] DataRoot Directory: /Users/Nicolas/Documents/github/hermes/projects/carmodels/research/evidence/continuation/runtime
[    1.1454] Loading config from /Users/Nicolas/Documents/github/hermes/projects/carmodels/research/evidence/continuation/runtime/inis/PCSX2.ini.
[    1.1460] Loading secrets from /Users/Nicolas/Documents/github/hermes/projects/carmodels/research/evidence/continuation/runtime/inis/secrets.ini.
[    1.1478] BIOS Directory: /Users/Nicolas/Library/Application Support/PCSX2/bios
[    1.1479] Snapshots Directory: /Users/Nicolas/Documents/github/hermes/projects/carmodels/research/evidence/continuation/runtime/snaps
[    1.1479] Savestates Directory: /Users/Nicolas/Documents/github/hermes/projects/carmodels/research/evidence/continuation/runtime/sstates
[    1.1479] MemoryCards Directory: /Users/Nicolas/Documents/github/hermes/projects/carmodels/research/evidence/continuation/runtime/memcards
[    1.1479] Logs Directory: /Users/Nicolas/Documents/github/hermes/projects/carmodels/research/evidence/continuation/runtime/logs
[    1.1479] Cheats Directory: /Users/Nicolas/Documents/github/hermes/projects/carmodels/research/evidence/continuation/runtime/cheats
[    1.1479] Patches Directory: /Users/Nicolas/Documents/github/hermes/projects/carmodels/research/evidence/continuation/runtime/patches
[    1.1479] Covers Directory: /Users/Nicolas/Documents/github/hermes/projects/carmodels/research/evidence/continuation/runtime/covers
[    1.1479] Game Settings Directory: /Users/Nicolas/Documents/github/hermes/projects/carmodels/research/evidence/continuation/runtime/gamesettings
[    1.1479] Resources Directory: /Users/Nicolas/Documents/github/hermes/projects/carmodels/research/evidence/continuation/runtime/PCSX2.app/Contents/Resources
[    1.1479] User Resources Directory: /Users/Nicolas/Documents/github/hermes/projects/carmodels/research/evidence/continuation/runtime/resources
[    1.1479] Cache Directory: /Users/Nicolas/Documents/github/hermes/projects/carmodels/research/evidence/continuation/runtime/cache
[    1.1479] Textures Directory: /Users/Nicolas/Documents/github/hermes/projects/carmodels/research/evidence/continuation/runtime/textures
[    1.1479] Input Profile Directory: /Users/Nicolas/Documents/github/hermes/projects/carmodels/research/evidence/continuation/runtime/inputprofiles
[    1.1479] Video Dumping Directory: /Users/Nicolas/Documents/github/hermes/projects/carmodels/research/evidence/continuation/runtime/videos
[    1.1479] Debugger Layouts Directory: /Users/Nicolas/Documents/github/hermes/projects/carmodels/research/evidence/continuation/runtime/inis/debuggerlayouts
[    1.1480] Debugger Settings Directory: /Users/Nicolas/Documents/github/hermes/projects/carmodels/research/evidence/continuation/runtime/inis/debuggersettings
[    1.1490] Loaded translation file for language en-US
[    1.1804] PCSX2 v2.8.2
[    1.1812] Savestate version: 0x9a590000
[    1.1812] 
[    1.1812] 
[    1.1812] Host Machine Init:
[    1.1819]   Operating System = Darwin 25.4.0 x86_64
[    1.1819]   Available RAM    = 2870 MB (2.80 GB)
[    1.1819]   Physical RAM     = 16384 MB (16.00 GB)
[    1.1819] 
[    1.1820]   Processor        = Apple M5 (Rosetta)
[    1.1820]   Core Count       = 10 cores
[    1.1820]   Thread Count     = 10 threads
[    1.1821]   Cluster Count    = 2 clusters
[    1.1821] CPU Extensions Detected:
[    1.1821]   
[    1.1821] 
[    1.1823] Allocating host memory for virtual systems...
[    1.1825]   EE Main Memory                   @ 0x000000013DF85000 -> 0x0000000146E85000 [143mb]
[    1.1825]   IOP Main Memory                  @ 0x0000000146E85000 -> 0x000000014EF85000 [129mb]
[    1.1825]   VU0/1 On-Chip Memory             @ 0x000000014EF85000 -> 0x000000014F085000 [1mb]
[    1.1825]   VTLB Virtual Map                 @ 0x000000014F085000 -> 0x000000014F885000 [8mb]
[    1.1825]   VTLB Address Map                 @ 0x000000014F885000 -> 0x000000014FC85000 [4mb]
[    1.1825]   R5900 Recompiler Cache           @ 0x000000014FC85000 -> 0x0000000153C85000 [64mb]
[    1.1825]   R3000A Recompiler Cache          @ 0x0000000153C85000 -> 0x0000000155C85000 [32mb]
[    1.1825]   Micro VU0 Recompiler Cache       @ 0x0000000156C85000 -> 0x000000015AC85000 [64mb]
[    1.1825]   Micro VU1 Recompiler Cache       @ 0x000000015AC85000 -> 0x000000015EC85000 [64mb]
[    1.1825]   VIF0 Unpack Recompiler Cache     @ 0x0000000155C85000 -> 0x0000000156485000 [8mb]
[    1.1825]   VIF1 Unpack Recompiler Cache     @ 0x0000000156485000 -> 0x0000000156C85000 [8mb]
[    1.1825]   VIF Unpack Recompiler Cache      @ 0x000000015EC85000 -> 0x000000015ED85000 [1mb]
[    1.1826]   GS Software Renderer             @ 0x000000015ED85000 -> 0x0000000162D85000 [64mb]
[    1.1849] Fastmem area: 0x210c67000 - 0x310c66fff
[    1.1863] Generating SSE-optimized unpacking functions for VIF interpreters...
[    1.1885] Unpack function generation complete.  Generated function statistics:
[    1.1885]   Reserved buffer    : 1048576 bytes @ 0x000000015EC85000
[    1.1885]   x86 code generated : 6782 bytes
[    1.1885] 
[    1.1908] SDLInputSource: Using Controller DB from resources.
[    1.1913] IOKit is enabled, MFI is enabled.
[    1.8068] SDLInputSource: 357 gamepad mappings are loaded.
[    1.8094] Settings: Advanced Settings are enabled; only proceed if you know what you're doing! No support will be provided if you have the option enabled.
[    2.1566] Scanning /Users/Nicolas/Documents/PCSX2/ROMs (recursively)
[    3.1116] Loading BIOS...
[    3.1143] BIOS Found: USA     v01.60(07/02/2002)  Console 20020207-164243
[    3.1193] BIOS rom1 module not found, skipping...
[    3.1193] BIOS rom2 module not found, skipping...
[    3.1203] Mechacon version: 0x00020603
[    3.1204] Opening CDVD...
[    3.1213] isoFile open ok: /Users/Nicolas/Documents/github/hermes/reverse-engineering/games/ford-racing-2/ford-racing-2.bin
[    3.1213]   Image type  = CD
[    3.1214]   blocks      = 288549
[    3.1214]   offset      = 0
[    3.1214]   blocksize   = 2352
[    3.1214]   blockoffset = 0
[    3.1214]  * CDVD Disk Open: CD, 1 tracks (1 to 1):
[    3.1214]  * * Track 1: Data (Mode 1) (288549 sectors)
[    3.1214] ISOReader: PVD found at index 0
[    3.1215] ISOReader: PVD found at index 0
[    3.1215] (SYSTEM.CNF) Detected PS2 Disc = cdrom0:\SLES_517.05;1
[    3.1215] (SYSTEM.CNF) Software version = 1.00
[    3.1215] (SYSTEM.CNF) Disc region type = PAL
[    3.1215] cdvdLoadElf(): 'cdrom0:\SLES_517.05;1' -> 'SLES_517.05' in ISO.
[    3.1240] Initializing Elf: 1662804 bytes
[    3.1244] GameDB: Has not been initialized yet, initializing...
[    3.2243] GameDB: 12841 games on record (loaded in 99.86ms)
[    3.2245] Disc changed to ford-racing-2.bin.
[    3.2245]   Name: Ford Racing 2
[    3.2245]   Serial: SLES-51705
[    3.2245]   Version: 1.00
[    3.2246]   CRC: 37F695CD
[    3.2247] No game settings found (tried '/Users/Nicolas/Documents/github/hermes/projects/carmodels/research/evidence/continuation/runtime/gamesettings/37F695CD.ini')
[    3.2247] Applying settings...
[    3.2256] [Unsafe Settings] Compatibility Patches are not enabled. Compatibility with some games may be affected.
[    3.2258] OSD [unsafe_settings_warning]:  Compatibility Patches are not enabled. Compatibility with some games may be affected.
[    3.2466] Reopening memory cards...
[    3.2467] McdSlot 0 [File]: [disabled/empty filename]
[    3.2467] McdSlot 1 [File]: [disabled/empty filename]
[    3.2490] HLE Host: Set 'host:' root path to: /Users/Nicolas/Documents/github/hermes/reverse-engineering/games/ford-racing-2
[    3.2499] EE/iR5900 Recompiler Reset
[    3.4079] iR3000A Recompiler reset.
[    3.4703] mVU Reset
[    3.4707] mVU Reset
[    3.5161] Resetting host memory for virtual systems...
[    3.9222] Time Zone Offset: GMT-05:00
[    3.9223] Time Zone Location: United States – Eastern
[    3.9223] DST: Summer Time
[    3.9223] Time Format: 24-Hour
[    3.9223] Date Format: YYYY/MM/DD
[    3.9223] System Time Basis: Operating System Time
[    3.9230] Resulting System Time: 2026-10-04 17:43:26
[    3.9230] Close virtual disk tray
[    3.9230] Media already loaded (fast boot)
[    3.9231] Opening GS...
[    4.6253] acquireRenderWindow() recreate=true fullscreen=false render_to_main=true surfaceless=false
[    4.6422] Surface refresh rate: 60 Hz
[    6.3126] Metal Graphics Driver Info:
[    6.3131] <AGXG17GDevice: 0x7f968f852000>
[    6.3131]     name = Apple M5
[    6.3131]     Texture Swizzle:     Supported
[    6.3131]     Unified Memory:      Supported
[    6.3131]     Framebuffer Fetch:   Supported
[    6.3131]     Memoryless Textures: Supported
[    6.3131]     Primitive ID:        Supported
[    6.3131]     Depth Feedback:      Unsupported
[    6.3131]     ROV:                 Supported
[    6.3131]     Shader Version:      Metal 2.3
[    6.3131]     Max Texture Size:    32768
[    6.3171] (VMManager) Found 4 physical cores and 4 logical cores in perf level 0 (Super), assuming big
[    6.3171] (VMManager) Found 6 physical cores and 6 logical cores in perf level 1 (Efficiency), assuming small
[    6.3177] Opening SPU2...
[    6.3192] Creating Cubeb audio stream, sample rate = 48000, expansion = Disabled, buffer = 50, latency = 20, stretching enabled, driver = , device = 
[    6.3272] MultiPause time: 1ns
[    6.3273] MultiPause time: 1ns
[    6.4857] Minimum latency: 2 ms (128 audio frames)
[    6.4861] Allocated buffer of 38400 frames for buffer of 50 ms [expansion Disabled (block size 2048), stretch enabled, target size 2432].
[    6.8696] cubeb_audiounit.cpp:2501:(0x7f967cf5e8b0) Opening output side: rate 48000, channels 2, format 2, latency in frames 512.
[    6.8697] cubeb_audiounit.cpp:2528:(0x7f967cf5e8b0) Output device sampling rate: 48000.00
[    6.8720] cubeb_audiounit.cpp:2327:(0x7f967cf5e8b0) No need to update output buffer size already 512 frames
[    6.8720] cubeb_audiounit.cpp:2588:(0x7f967cf5e8b0) Output audiounit init successfully.
[    6.8722] cubeb_resampler_internal.h:553:Input and output sample-rate match, target rate of 48000Hz
[    6.9505] cubeb_audiounit.cpp:2875:(0x7f967cf5e8b0) Cubeb stream init successful.
[    7.0190] cubeb_audiounit.cpp:2993:Cubeb stream (0x7f967cf5e8b0) started successfully.
[    7.0191] Initializing Pad...
[    7.0191] Initializing SIO2...
[    7.0191] Initializing SIO0...
[    7.0191] Opening DEV9...
[    7.0193] DEV9: DEV9init
[    7.0194] DEV9: DEV9init2
[    7.0194] DEV9: DEV9init3
[    7.0233] DEV9: DEV9init ok
[    7.0233] DEV9: DEV9open
[    7.0233] Opening USB...
[    7.0233] Opening FW...
[    7.0257] Frame rate: 60, target speed: 1, target frame rate: 60, ticks per frame: 16666666
[    7.0464] VM subsystems initialized in 4636.19 ms
[    7.1965] R3000 Debugger: Branch to 0x890 (SYSMEM). Clearing modules.
[    7.2408] RegisterLibraryEntries: excepman version 1.01
[    7.2722] RegisterLibraryEntries:  intrman version 1.02
[    7.2738] RegisterLibraryEntries:   ssbusc version 1.01
[    7.2754] RegisterLibraryEntries:  dmacman version 1.02
[    7.2848] RegisterLibraryEntries:  timrman version 1.01
[    7.2854] RegisterLibraryEntries:  sysclib version 1.01
[    7.2856] RegisterLibraryEntries:    stdio version 1.01
[    7.2865] RegisterLibraryEntries:  heaplib version 1.01
[    7.3006] RegisterLibraryEntries:   thbase version 1.01
[    7.3013] RegisterLibraryEntries:  thevent version 1.01
[    7.3015] RegisterLibraryEntries:  thsemap version 1.01
[    7.3016] RegisterLibraryEntries:  thmsgbx version 1.01
[    7.3018] RegisterLibraryEntries:  thfpool version 1.01
[    7.3020] RegisterLibraryEntries:  thvpool version 1.01
[    7.3330] RegisterLibraryEntries:   vblank version 1.01
[    7.3442] RegisterLibraryEntries:    ioman version 1.02
[    7.3619] RegisterLibraryEntries:  modload version 1.01
[    7.3668] RegisterLibraryEntries:   romdrv version 2.01
[    7.3703] RegisterLibraryEntries:    stdio version 1.02
[    7.3749] RegisterLibraryEntries:   sifman version 1.01
[    7.7397] RegisterLibraryEntries:   sifcmd version 1.01
[    7.7538] ISOReader: PVD found at index 0
[    7.7539] (SYSTEM.CNF) Detected PS2 Disc = cdrom0:\SLES_517.05;1
[    7.7539] (SYSTEM.CNF) Software version = 1.00
[    7.7539] (SYSTEM.CNF) Disc region type = PAL
[    7.7540] ISOReader: PVD found at index 0
[    7.7540] cdvdLoadElf(): 'cdrom0:\SLES_517.05;1' -> 'SLES_517.05' in ISO.
[    7.7564] Initializing Elf: 1662804 bytes
[    7.7580] ELF Loading: cdrom0:\SLES_517.05;1, Game CRC = 37F695CD, EntryPoint = 0x00100008
[    7.7709] RegisterLibraryEntries:  cdvdman version 1.01
[    7.7784] RegisterLibraryEntries:  cdvdfsv version 1.01
[    7.7860] RegisterLibraryEntries:  secrman version 1.03
[    7.7879] RegisterLibraryEntries:   eesync version 1.01
[    9.0885] ELF cdrom0:\SLES_517.05;1 with entry point at 0x00100008 is executing.
[    9.0888] ELF changed, active CRC 37F695CD (cdrom0:\SLES_517.05;1)
[    9.0914] Found 1 game patches in SLES-51705_37F695CD.pnach.
[    9.0917] Applying core settings...
[    9.1023] [Unsafe Settings] Compatibility Patches are not enabled. Compatibility with some games may be affected.
[    9.1024] OSD [unsafe_settings_warning]:  Compatibility Patches are not enabled. Compatibility with some games may be affected.
[    9.1028] GameDB: Enabled GS Hardware Fix: autoFlush to [mode=1]
[    9.1029] GameDB: Enabled GS Hardware Fix: halfPixelOffset to [mode=4]
[    9.1030] GameDB: Enabled GS Hardware Fix: nativeScaling to [mode=1]
[    9.1032] Updating CPU configuration...
[    9.1033] iR3000A Recompiler reset.
[    9.1439] mVU Reset
[    9.1455] mVU Reset
[    9.1768] Updating GS configuration...
[    9.2503] iR3000A Recompiler reset.
[    9.2533] mVU Reset
[    9.2534] mVU Reset
[    9.2784] EE/iR5900 Recompiler Reset
[    9.4990] BIOS: Successfully found the instruction pattern. Assuming the thread list is here: 8001a480
[    9.5970] R3000 Debugger: Branch to 0x890 (SYSMEM). Clearing modules.
[    9.6242] RegisterLibraryEntries: excepman version 1.01
[    9.6387] RegisterLibraryEntries:  intrman version 1.02
[    9.6399] RegisterLibraryEntries:   ssbusc version 1.01
[    9.6414] RegisterLibraryEntries:  dmacman version 1.02
[    9.6499] RegisterLibraryEntries:  timrman version 1.01
[    9.6508] RegisterLibraryEntries:  sysclib version 1.01
[    9.6510] RegisterLibraryEntries:    stdio version 1.01
[    9.6518] RegisterLibraryEntries:  heaplib version 1.01
[    9.6553] RegisterLibraryEntries:   thbase version 1.01
[    9.6556] RegisterLibraryEntries:  thevent version 1.01
[    9.6557] RegisterLibraryEntries:  thsemap version 1.01
[    9.6558] RegisterLibraryEntries:  thmsgbx version 1.01
[    9.6560] RegisterLibraryEntries:  thfpool version 1.01
[    9.6560] RegisterLibraryEntries:  thvpool version 1.01
[    9.6773] RegisterLibraryEntries:   vblank version 1.01
[    9.6813] RegisterLibraryEntries:    ioman version 1.02
[    9.6968] RegisterLibraryEntries:  modload version 1.01
[    9.7118] RegisterLibraryEntries:   romdrv version 2.01
[    9.7277] RegisterLibraryEntries:    stdio version 1.02
[    9.7308] RegisterLibraryEntries:   sifman version 1.01
[    9.7409] RegisterLibraryEntries:  cdvdman version 1.01
[    9.7466] RegisterLibraryEntries:  secrman version 1.03
[    9.7478] RegisterLibraryEntries:  sio2man version 1.01
[    9.7631] RegisterLibraryEntries:    mcman version 1.01
[   10.0705] R3000 Debugger: Branch to 0x890 (SYSMEM). Clearing modules.
[   10.1591] RegisterLibraryEntries: excepman version 1.01
[   10.1737] RegisterLibraryEntries:  intrman version 1.02
[   10.1746] RegisterLibraryEntries:   ssbusc version 1.01
[   10.1757] RegisterLibraryEntries:  dmacman version 1.02
[   10.1842] RegisterLibraryEntries:  timrman version 1.03
[   10.1853] RegisterLibraryEntries:  sysclib version 1.03
[   10.1856] RegisterLibraryEntries:    stdio version 1.02
[   10.1861] RegisterLibraryEntries:  heaplib version 1.01
[   10.1972] RegisterLibraryEntries:   thbase version 1.02
[   10.1976] RegisterLibraryEntries:  thevent version 1.01
[   10.1978] RegisterLibraryEntries:  thsemap version 1.01
[   10.1978] RegisterLibraryEntries:  thmsgbx version 1.01
[   10.1980] RegisterLibraryEntries:  thfpool version 1.01
[   10.1981] RegisterLibraryEntries:  thvpool version 1.01
[   10.2175] RegisterLibraryEntries:   vblank version 1.01
[   10.2401] RegisterLibraryEntries:    ioman version 1.04
[   10.2548] RegisterLibraryEntries:  modload version 1.06
[   10.2591] RegisterLibraryEntries:   romdrv version 2.01
[   10.2623] RegisterLibraryEntries:    stdio version 1.03
[   10.2653] RegisterLibraryEntries:   sifman version 1.01
[   10.2761] RegisterLibraryEntries:   sifcmd version 1.01
[   10.2919] RegisterLibraryEntries:  cdvdman version 1.01
[   10.3192] RegisterLibraryEntries:  cdvdfsv version 1.01
[   10.3279] RegisterLibraryEntries:  secrman version 1.03
[   10.3291] RegisterLibraryEntries:   eesync version 1.01
[   11.2183] UpdateVSyncRate: Mode Changed to PAL.
[   11.2185] Frame rate: 49.76, target speed: 1, target frame rate: 49.76, ticks per frame: 20096463
[   11.2186] Set GS CRTC configuration. PAL  640x512 @ 50.000 (49.76) Interlaced (FIELD)
[   11.2199] UpdateVSyncRate: Mode Changed to PAL.
[   11.2200] Frame rate: 50, target speed: 1, target frame rate: 50, ticks per frame: 20000000
[   11.3346] microVU1: Cached Prog = [000] [PC=0000] [List=01] (Cache=0.000%) [0.0mb]
[   11.4496] RegisterLibraryEntries:    libsd version 1.05
[   11.4802] RegisterLibraryEntries:   sdrdrv version 1.01
[   12.0994] RegisterLibraryEntries:  sio2man version 2.03
[   12.2179] RegisterLibraryEntries:    mcman version 2.07
[   12.2585] RegisterLibraryEntries:   mcserv version 2.01
[   12.2773] RegisterLibraryEntries:   padman version 2.03
[   12.3405] RegisterLibraryEntries:     usbd version 1.01
[   12.4378] RegisterLibraryEntries:    lgdev version 1.08
[   13.2364] Pad: DS2 Config Finished - P1/S1 - AL: Off - AB: Usable - VS: Disabled - VL: Disabled - RB: D (0x00000000)
[   14.5236] Pad: DS2 Config Finished - P1/S1 - AL: On - AB: Locked - VS: Disabled - VL: Disabled - RB: D (0x00000000)
[   14.7370] Pad: DS2 Config Finished - P1/S1 - AL: On - AB: Locked - VS: Normal - VL: Normal - RB: D (0x00000000)
[   14.8554] Pad: DS2 Config Finished - P1/S1 - AL: On - AB: Locked - VS: Normal - VL: Normal - RB: D (0x00000000)
[   15.2163] Pad: DS2 Config Finished - P1/S1 - AL: On - AB: Locked - VS: Normal - VL: Normal - RB: D+A+P (0x0003FFFF)
[   15.4567] Pad: DS2 Config Finished - P1/S1 - AL: On - AB: Locked - VS: Normal - VL: Normal - RB: D+A+P (0x0003FFFF)
[   30.8782] FMV started
[   36.0196] FMV ended
[   36.2889] FMV started
[   81.1377] FMV ended
[   85.9859] microVU0: Cached Prog = [000] [PC=0268] [List=01] (Cache=0.000%) [0.0mb]
[  247.4525] PINE: New client with FD 17 connected.
[  247.6316] PINE: Client disconnected.
[  253.8658] microVU0: Cached Prog = [001] [PC=0088] [List=01] (Cache=0.003%) [0.0mb]
[  253.9794] (VMManager) Pausing...
[  254.0377] cubeb_audiounit.cpp:3021:Cubeb stream (0x7f967cf5e8b0) stopped successfully.
[  284.8191] PINE: New client with FD 17 connected.
[  284.8640] PINE: Client disconnected.
[  284.9206] OSD [SaveStateSlot91]: Saving state to slot 91...
[  285.7332] MTVU speedhack is enabled, saved states may not be stable
[  288.2818]   Saving SPU2
[  288.3351]   Saving GS
[  316.3195] OSD [SaveStateSlot91]: Saved state to slot 91.
[  316.4026] Zipping save state to '/Users/Nicolas/Documents/github/hermes/projects/carmodels/research/evidence/continuation/runtime/sstates/SLES-51705 (37F695CD).91.p2s' took 24773.09 ms
[  318.2228] PINE: New client with FD 17 connected.
[  346.2307] PINE: Client disconnected.
[  346.2539] (VMManager) Resuming...
[  346.3038] cubeb_audiounit.cpp:2993:Cubeb stream (0x7f967cf5e8b0) started successfully.
[  849.0052] (VMManager) Pausing...
[  849.0542] cubeb_audiounit.cpp:641:(0x7f967cf5e8b0) output shutdown.
[  849.0726] cubeb_audiounit.cpp:3021:Cubeb stream (0x7f967cf5e8b0) stopped successfully.
[  859.8588] PINE: New client with FD 18 connected.
[  859.8643] OSD [SaveStateSlot92]: Saving state to slot 92...
[  859.8672] PINE: Client disconnected.
[  859.9977] MTVU speedhack is enabled, saved states may not be stable
[  860.0433]   Saving SPU2
[  860.0491]   Saving GS
[  861.8788] OSD [SaveStateSlot92]: Saved state to slot 92.
[  861.8788] Zipping save state to '/Users/Nicolas/Documents/github/hermes/projects/carmodels/research/evidence/continuation/runtime/sstates/SLES-51705 (37F695CD).92.p2s' took 1788.59 ms
[  914.1025] Add 750 seconds play time to SLES-51705 -> now 750
[  914.5011] cubeb_audiounit.cpp:3021:Cubeb stream (0x7f967cf5e8b0) stopped successfully.
[  914.5800] cubeb_audiounit.cpp:2954:Cubeb stream (0x7f967cf5e8b0) destroyed successful.
[  914.5867] DEV9: DEV9close
[  914.6339] SW JIT generated 13515 bytes of code
[  915.8723] DEV9: DEV9shutdown
[  915.8737] NVRAM has not changed, not writing to disk.
[  916.3152] Releasing host memory for virtual systems...
