[    0.8369] Program Path: /Users/Nicolas/Documents/github/hermes/projects/carmodels/research/evidence/continuation/runtime/PCSX2.app/Contents/MacOS/PCSX2
[    0.8375] AppRoot Directory: /Users/Nicolas/Documents/github/hermes/projects/carmodels/research/evidence/continuation/runtime
[    0.8379] Resources Directory: /Users/Nicolas/Documents/github/hermes/projects/carmodels/research/evidence/continuation/runtime/PCSX2.app/Contents/Resources
[    0.8380] DataRoot Directory: /Users/Nicolas/Documents/github/hermes/projects/carmodels/research/evidence/continuation/runtime
[    0.8381] Loading config from /Users/Nicolas/Documents/github/hermes/projects/carmodels/research/evidence/continuation/runtime/inis/PCSX2.ini.
[    0.8388] Loading secrets from /Users/Nicolas/Documents/github/hermes/projects/carmodels/research/evidence/continuation/runtime/inis/secrets.ini.
[    0.8415] BIOS Directory: /Users/Nicolas/Library/Application Support/PCSX2/bios
[    0.8415] Snapshots Directory: /Users/Nicolas/Documents/github/hermes/projects/carmodels/research/evidence/continuation/runtime/snaps
[    0.8415] Savestates Directory: /Users/Nicolas/Documents/github/hermes/projects/carmodels/research/evidence/continuation/runtime/sstates
[    0.8415] MemoryCards Directory: /Users/Nicolas/Documents/github/hermes/projects/carmodels/research/evidence/continuation/runtime/memcards
[    0.8415] Logs Directory: /Users/Nicolas/Documents/github/hermes/projects/carmodels/research/evidence/continuation/runtime/logs
[    0.8415] Cheats Directory: /Users/Nicolas/Documents/github/hermes/projects/carmodels/research/evidence/continuation/runtime/cheats
[    0.8416] Patches Directory: /Users/Nicolas/Documents/github/hermes/projects/carmodels/research/evidence/continuation/runtime/patches
[    0.8416] Covers Directory: /Users/Nicolas/Documents/github/hermes/projects/carmodels/research/evidence/continuation/runtime/covers
[    0.8416] Game Settings Directory: /Users/Nicolas/Documents/github/hermes/projects/carmodels/research/evidence/continuation/runtime/gamesettings
[    0.8416] Resources Directory: /Users/Nicolas/Documents/github/hermes/projects/carmodels/research/evidence/continuation/runtime/PCSX2.app/Contents/Resources
[    0.8416] User Resources Directory: /Users/Nicolas/Documents/github/hermes/projects/carmodels/research/evidence/continuation/runtime/resources
[    0.8416] Cache Directory: /Users/Nicolas/Documents/github/hermes/projects/carmodels/research/evidence/continuation/runtime/cache
[    0.8416] Textures Directory: /Users/Nicolas/Documents/github/hermes/projects/carmodels/research/evidence/continuation/runtime/textures
[    0.8416] Input Profile Directory: /Users/Nicolas/Documents/github/hermes/projects/carmodels/research/evidence/continuation/runtime/inputprofiles
[    0.8416] Video Dumping Directory: /Users/Nicolas/Documents/github/hermes/projects/carmodels/research/evidence/continuation/runtime/videos
[    0.8416] Debugger Layouts Directory: /Users/Nicolas/Documents/github/hermes/projects/carmodels/research/evidence/continuation/runtime/inis/debuggerlayouts
[    0.8416] Debugger Settings Directory: /Users/Nicolas/Documents/github/hermes/projects/carmodels/research/evidence/continuation/runtime/inis/debuggersettings
[    0.8428] Loaded translation file for language en-US
[    0.8666] PCSX2 v2.8.2
[    0.8677] Savestate version: 0x9a590000
[    0.8677] 
[    0.8677] 
[    0.8678] Host Machine Init:
[    0.8688]   Operating System = Darwin 25.4.0 x86_64
[    0.8689]   Available RAM    = 3660 MB (3.57 GB)
[    0.8689]   Physical RAM     = 16384 MB (16.00 GB)
[    0.8689] 
[    0.8689]   Processor        = Apple M5 (Rosetta)
[    0.8699]   Core Count       = 10 cores
[    0.8700]   Thread Count     = 10 threads
[    0.8700]   Cluster Count    = 2 clusters
[    0.8700] CPU Extensions Detected:
[    0.8700]   
[    0.8700] 
[    0.8705] Allocating host memory for virtual systems...
[    0.8710]   EE Main Memory                   @ 0x000000013FC14000 -> 0x0000000148B14000 [143mb]
[    0.8710]   IOP Main Memory                  @ 0x0000000148B14000 -> 0x0000000150C14000 [129mb]
[    0.8710]   VU0/1 On-Chip Memory             @ 0x0000000150C14000 -> 0x0000000150D14000 [1mb]
[    0.8710]   VTLB Virtual Map                 @ 0x0000000150D14000 -> 0x0000000151514000 [8mb]
[    0.8710]   VTLB Address Map                 @ 0x0000000151514000 -> 0x0000000151914000 [4mb]
[    0.8711]   R5900 Recompiler Cache           @ 0x0000000151914000 -> 0x0000000155914000 [64mb]
[    0.8711]   R3000A Recompiler Cache          @ 0x0000000155914000 -> 0x0000000157914000 [32mb]
[    0.8711]   Micro VU0 Recompiler Cache       @ 0x0000000158914000 -> 0x000000015C914000 [64mb]
[    0.8711]   Micro VU1 Recompiler Cache       @ 0x000000015C914000 -> 0x0000000160914000 [64mb]
[    0.8711]   VIF0 Unpack Recompiler Cache     @ 0x0000000157914000 -> 0x0000000158114000 [8mb]
[    0.8711]   VIF1 Unpack Recompiler Cache     @ 0x0000000158114000 -> 0x0000000158914000 [8mb]
[    0.8711]   VIF Unpack Recompiler Cache      @ 0x0000000160914000 -> 0x0000000160A14000 [1mb]
[    0.8711]   GS Software Renderer             @ 0x0000000160A14000 -> 0x0000000164A14000 [64mb]
[    0.8737] Fastmem area: 0x212606000 - 0x312605fff
[    0.8759] Generating SSE-optimized unpacking functions for VIF interpreters...
[    0.8781] Unpack function generation complete.  Generated function statistics:
[    0.8781]   Reserved buffer    : 1048576 bytes @ 0x0000000160914000
[    0.8781]   x86 code generated : 6782 bytes
[    0.8781] 
[    0.8806] SDLInputSource: Using Controller DB from resources.
[    0.8824] IOKit is enabled, MFI is enabled.
[    1.4226] SDLInputSource: 357 gamepad mappings are loaded.
[    1.4255] Settings: Advanced Settings are enabled; only proceed if you know what you're doing! No support will be provided if you have the option enabled.
[    1.8020] Scanning /Users/Nicolas/Documents/PCSX2/ROMs (recursively)
[    2.2989] Loading BIOS...
[    2.3000] BIOS Found: USA     v01.60(07/02/2002)  Console 20020207-164243
[    2.3038] BIOS rom1 module not found, skipping...
[    2.3039] BIOS rom2 module not found, skipping...
[    2.3048] Mechacon version: 0x00020603
[    2.3049] Opening CDVD...
[    2.3063] isoFile open ok: /Users/Nicolas/Documents/github/hermes/reverse-engineering/games/ford-racing-2/ford-racing-2.bin
[    2.3063]   Image type  = CD
[    2.3063]   blocks      = 288549
[    2.3063]   offset      = 0
[    2.3063]   blocksize   = 2352
[    2.3063]   blockoffset = 0
[    2.3064]  * CDVD Disk Open: CD, 1 tracks (1 to 1):
[    2.3064]  * * Track 1: Data (Mode 1) (288549 sectors)
[    2.3066] ISOReader: PVD found at index 0
[    2.3066] ISOReader: PVD found at index 0
[    2.3067] (SYSTEM.CNF) Detected PS2 Disc = cdrom0:\SLES_517.05;1
[    2.3067] (SYSTEM.CNF) Software version = 1.00
[    2.3067] (SYSTEM.CNF) Disc region type = PAL
[    2.3067] cdvdLoadElf(): 'cdrom0:\SLES_517.05;1' -> 'SLES_517.05' in ISO.
[    2.3093] Initializing Elf: 1662804 bytes
[    2.3099] GameDB: Has not been initialized yet, initializing...
[    2.3918] GameDB: 12841 games on record (loaded in 81.84ms)
[    2.3922] Disc changed to ford-racing-2.bin.
[    2.3923]   Name: Ford Racing 2
[    2.3923]   Serial: SLES-51705
[    2.3923]   Version: 1.00
[    2.3923]   CRC: 37F695CD
[    2.3924] No game settings found (tried '/Users/Nicolas/Documents/github/hermes/projects/carmodels/research/evidence/continuation/runtime/gamesettings/37F695CD.ini')
[    2.3924] Applying settings...
[    2.3931] [Unsafe Settings] Compatibility Patches are not enabled. Compatibility with some games may be affected.
[    2.3931] OSD [unsafe_settings_warning]:  Compatibility Patches are not enabled. Compatibility with some games may be affected.
[    2.4101] Reopening memory cards...
[    2.4102] McdSlot 0 [File]: [disabled/empty filename]
[    2.4102] McdSlot 1 [File]: [disabled/empty filename]
[    2.4119] HLE Host: Set 'host:' root path to: /Users/Nicolas/Documents/github/hermes/reverse-engineering/games/ford-racing-2
[    2.4123] EE/iR5900 Recompiler Reset
[    2.4781] iR3000A Recompiler reset.
[    2.5176] Resetting host memory for virtual systems...
[    2.8500] Time Zone Offset: GMT-05:00
[    2.8501] Time Zone Location: United States – Eastern
[    2.8501] DST: Summer Time
[    2.8501] Time Format: 24-Hour
[    2.8501] Date Format: YYYY/MM/DD
[    2.8501] System Time Basis: Operating System Time
[    2.8508] Resulting System Time: 2026-10-04 18:01:20
[    2.8509] Close virtual disk tray
[    2.8509] Media already loaded (fast boot)
[    2.8509] Opening GS...
[    2.9007] acquireRenderWindow() recreate=true fullscreen=false render_to_main=true surfaceless=false
[    2.9086] Surface refresh rate: 60 Hz
[    3.0667] Metal Graphics Driver Info:
[    3.0673] <AGXG17GDevice: 0x7fed0f86b600>
[    3.0673]     name = Apple M5
[    3.0673]     Texture Swizzle:     Supported
[    3.0673]     Unified Memory:      Supported
[    3.0673]     Framebuffer Fetch:   Supported
[    3.0673]     Memoryless Textures: Supported
[    3.0673]     Primitive ID:        Supported
[    3.0674]     Depth Feedback:      Unsupported
[    3.0674]     ROV:                 Supported
[    3.0674]     Shader Version:      Metal 2.3
[    3.0674]     Max Texture Size:    32768
[    3.0716] (VMManager) Found 4 physical cores and 4 logical cores in perf level 0 (Super), assuming big
[    3.0716] (VMManager) Found 6 physical cores and 6 logical cores in perf level 1 (Efficiency), assuming small
[    3.0728] Opening SPU2...
[    3.0742] Creating Cubeb audio stream, sample rate = 48000, expansion = Disabled, buffer = 50, latency = 20, stretching enabled, driver = , device = 
[    3.0817] MultiPause time: 1ns
[    3.0818] MultiPause time: 1ns
[    3.2812] Minimum latency: 2 ms (128 audio frames)
[    3.2814] Allocated buffer of 38400 frames for buffer of 50 ms [expansion Disabled (block size 2048), stretch enabled, target size 2432].
[    3.3458] cubeb_audiounit.cpp:2501:(0x7fec6f78a710) Opening output side: rate 48000, channels 2, format 2, latency in frames 512.
[    3.3459] cubeb_audiounit.cpp:2528:(0x7fec6f78a710) Output device sampling rate: 48000.00
[    3.3532] cubeb_audiounit.cpp:2327:(0x7fec6f78a710) No need to update output buffer size already 512 frames
[    3.3533] cubeb_audiounit.cpp:2588:(0x7fec6f78a710) Output audiounit init successfully.
[    3.3534] cubeb_resampler_internal.h:553:Input and output sample-rate match, target rate of 48000Hz
[    3.4521] cubeb_audiounit.cpp:2875:(0x7fec6f78a710) Cubeb stream init successful.
[    3.4995] cubeb_audiounit.cpp:2993:Cubeb stream (0x7fec6f78a710) started successfully.
[    3.4995] Initializing Pad...
[    3.4995] Initializing SIO2...
[    3.4995] Initializing SIO0...
[    3.4995] Opening DEV9...
[    3.4997] DEV9: DEV9init
[    3.4998] DEV9: DEV9init2
[    3.4998] DEV9: DEV9init3
[    3.5057] DEV9: DEV9init ok
[    3.5057] DEV9: DEV9open
[    3.5057] Opening USB...
[    3.5058] Opening FW...
[    3.5081] Frame rate: 60, target speed: 1, target frame rate: 60, ticks per frame: 16666666
[    3.5347] VM subsystems initialized in 1706.99 ms
[    3.5394]  ... found 'PCSX2 Internal Structures.dat'
[    3.5395]  ... found 'eeMemory.bin'
[    3.5395]  ... found 'iopMemory.bin'
[    3.5395]  ... found 'eeHwRegs.bin'
[    3.5395]  ... found 'iopHwRegs.bin'
[    3.5396]  ... found 'Scratchpad.bin'
[    3.5396]  ... found 'vu0Memory.bin'
[    3.5396]  ... found 'vu1Memory.bin'
[    3.5396]  ... found 'vu0MicroMem.bin'
[    3.5396]  ... found 'vu1MicroMem.bin'
[    3.5396]  ... found 'SPU2.bin'
[    3.5397]  ... found 'USB.bin'
[    3.5397]  ... found 'PAD.bin'
[    3.5397]  ... found 'GS.bin'
[    3.5397]  ... not found 'Achievements.bin'!
[    3.5961] EE/iR5900 Recompiler Reset
[    3.6226] iR3000A Recompiler reset.
[    3.6579] ISOReader: PVD found at index 0
[    3.6579] cdvdLoadElf(): 'cdrom0:\SLES_517.05;1' -> 'SLES_517.05' in ISO.
[    3.6585] Initializing Elf: 1662804 bytes
[    3.6595] ELF changed, active CRC 37F695CD (cdrom0:\SLES_517.05;1)
[    3.6606] Found 1 game patches in SLES-51705_37F695CD.pnach.
[    3.6607] Applying core settings...
[    3.6610] [Unsafe Settings] Compatibility Patches are not enabled. Compatibility with some games may be affected.
[    3.6610] OSD [unsafe_settings_warning]:  Compatibility Patches are not enabled. Compatibility with some games may be affected.
[    3.6611] GameDB: Enabled GS Hardware Fix: autoFlush to [mode=1]
[    3.6614] GameDB: Enabled GS Hardware Fix: halfPixelOffset to [mode=4]
[    3.6614] GameDB: Enabled GS Hardware Fix: nativeScaling to [mode=1]
[    3.6616] Updating CPU configuration...
[    3.6616] EE/iR5900 Recompiler Reset
[    3.6663] iR3000A Recompiler reset.
[    3.6958] Updating GS configuration...
[    3.6977] gifUnit: MTVU Mode has switched between save/load state
[    3.7407]   Loading SPU2
[    3.7500]   Loading GS
[    3.8130] UpdateVSyncRate: Mode Changed to PAL.
[    3.8133] Frame rate: 50, target speed: 1, target frame rate: 50, ticks per frame: 20000000
[    5.1118] microVU0: Cached Prog = [000] [PC=0088] [List=01] (Cache=0.000%) [0.0mb]
[   29.1442] microVU0: Cached Prog = [001] [PC=0268] [List=01] (Cache=0.005%) [0.0mb]
[   30.7604] BIOS: Successfully found the instruction pattern. Assuming the thread list is here: 8001a480
[  496.1448] microVU0: Cached Prog = [002] [PC=0000] [List=01] (Cache=0.008%) [0.0mb]
[  496.1696] microVU0: Cached Prog = [003] [PC=0168] [List=01] (Cache=0.009%) [0.0mb]
[  496.1713] microVU0: Cached Prog = [004] [PC=01e8] [List=01] (Cache=0.012%) [0.0mb]
[  498.1192] microVU1: Cached Prog = [000] [PC=00d0] [List=01] (Cache=0.000%) [0.0mb]
[  498.1229] microVU1: Cached Prog = [001] [PC=0518] [List=01] (Cache=0.000%) [0.0mb]
[  498.1313] microVU1: Cached Prog = [002] [PC=17f0] [List=01] (Cache=0.000%) [0.0mb]
[  498.1332] microVU1: Cached Prog = [003] [PC=1800] [List=01] (Cache=0.066%) [0.0mb]
[  498.1373] microVU1: Cached Prog = [004] [PC=1e00] [List=01] (Cache=0.076%) [0.0mb]
[  498.1405] microVU1: Cached Prog = [005] [PC=1e48] [List=01] (Cache=0.076%) [0.0mb]
[  498.1451] microVU1: Cached Prog = [006] [PC=24c8] [List=01] (Cache=0.076%) [0.0mb]
[  498.1454] microVU1: Cached Prog = [007] [PC=1eb8] [List=01] (Cache=0.076%) [0.0mb]
[  498.1483] microVU1: Cached Prog = [008] [PC=2528] [List=01] (Cache=0.076%) [0.0mb]
[  498.1491] microVU1: Cached Prog = [009] [PC=1f00] [List=01] (Cache=0.076%) [0.0mb]
[  498.1517] microVU1: Cached Prog = [010] [PC=1f70] [List=01] (Cache=0.076%) [0.0mb]
[  498.1533] microVU1: Cached Prog = [011] [PC=1fb8] [List=01] (Cache=0.076%) [0.0mb]
[  498.1554] microVU1: Cached Prog = [012] [PC=2028] [List=01] (Cache=0.076%) [0.0mb]
[  498.1575] microVU1: Cached Prog = [013] [PC=2070] [List=01] (Cache=0.076%) [0.0mb]
[  498.1582] microVU1: Cached Prog = [014] [PC=20e0] [List=01] (Cache=0.076%) [0.0mb]
[  498.1631] microVU1: Cached Prog = [015] [PC=2128] [List=01] (Cache=0.076%) [0.0mb]
[  498.2540] microVU1: Cached Prog = [016] [PC=2e60] [List=01] (Cache=0.300%) [0.2mb]
[  498.2589] microVU1: Cached Prog = [017] [PC=2eb8] [List=01] (Cache=0.301%) [0.2mb]
[  498.2641] microVU1: Cached Prog = [018] [PC=30a0] [List=01] (Cache=0.307%) [0.2mb]
[  498.2681] microVU1: Cached Prog = [019] [PC=0268] [List=01] (Cache=0.313%) [0.2mb]
[  498.2737] microVU1: Cached Prog = [020] [PC=0d60] [List=01] (Cache=0.359%) [0.2mb]
[  498.3032] microVU1: Cached Prog = [021] [PC=15a8] [List=01] (Cache=0.398%) [0.2mb]
[  498.3037] microVU1: Branch Optimization
[  498.3450] microVU1: Cached Prog = [022] [PC=2aa0] [List=01] (Cache=0.435%) [0.3mb]
[  498.4250] microVU1: Cached Prog = [023] [PC=1170] [List=01] (Cache=0.438%) [0.3mb]
[  498.4297] microVU1: Cached Prog = [024] [PC=0ea8] [List=01] (Cache=0.483%) [0.3mb]
[  498.8413] microVU1: Cached Prog = [025] [PC=2688] [List=01] (Cache=0.522%) [0.3mb]
[  498.8419] microVU1: Cached Prog = [026] [PC=26f0] [List=01] (Cache=0.524%) [0.3mb]
[  500.2330] microVU1: Cached Prog = [027] [PC=2ba8] [List=01] (Cache=0.536%) [0.3mb]
[  500.2355] microVU1: Cached Prog = [028] [PC=2e50] [List=01] (Cache=0.573%) [0.3mb]
[  501.6669] microVU1: Cached Prog = [029] [PC=2e40] [List=01] (Cache=0.611%) [0.4mb]
[  506.4497] microVU1: Cached Prog = [030] [PC=09c0] [List=01] (Cache=0.612%) [0.4mb]
[  648.7188] (VMManager) Pausing...
[  649.6550] cubeb_audiounit.cpp:641:(0x7fec6f78a710) output shutdown.
[  649.6752] cubeb_audiounit.cpp:3021:Cubeb stream (0x7fec6f78a710) stopped successfully.
[  664.2336] PINE: New client with FD 17 connected.
[  664.2552] PINE: Client disconnected.
[  664.2556] OSD [SaveStateSlot93]: Saving state to slot 93...
[  664.4626]   Saving SPU2
[  664.4763]   Saving GS
[  665.7728] OSD [SaveStateSlot93]: Saved state to slot 93.
[  665.7729] Zipping save state to '/Users/Nicolas/Documents/github/hermes/projects/carmodels/research/evidence/continuation/runtime/sstates/SLES-51705 (37F695CD).93.p2s' took 1192.47 ms
[  700.3583] Add 646 seconds play time to SLES-51705 -> now 1526
[  700.5468] cubeb_audiounit.cpp:3021:Cubeb stream (0x7fec6f78a710) stopped successfully.
[  700.5966] cubeb_audiounit.cpp:2954:Cubeb stream (0x7fec6f78a710) destroyed successful.
[  700.5980] DEV9: DEV9close
[  700.6019] SW JIT generated 319503 bytes of code
[  700.6672] DEV9: DEV9shutdown
[  700.6679] NVRAM has not changed, not writing to disk.
[  701.1950] Releasing host memory for virtual systems...
