[    0.4711] Program Path: /Users/Nicolas/Documents/github/hermes/projects/carmodels/research/evidence/continuation/runtime/PCSX2.app/Contents/MacOS/PCSX2
[    0.4714] AppRoot Directory: /Users/Nicolas/Documents/github/hermes/projects/carmodels/research/evidence/continuation/runtime
[    0.4715] Resources Directory: /Users/Nicolas/Documents/github/hermes/projects/carmodels/research/evidence/continuation/runtime/PCSX2.app/Contents/Resources
[    0.4716] DataRoot Directory: /Users/Nicolas/Documents/github/hermes/projects/carmodels/research/evidence/continuation/runtime
[    0.4717] Loading config from /Users/Nicolas/Documents/github/hermes/projects/carmodels/research/evidence/continuation/runtime/inis/PCSX2.ini.
[    0.4725] Loading secrets from /Users/Nicolas/Documents/github/hermes/projects/carmodels/research/evidence/continuation/runtime/inis/secrets.ini.
[    0.4754] BIOS Directory: /Users/Nicolas/Library/Application Support/PCSX2/bios
[    0.4754] Snapshots Directory: /Users/Nicolas/Documents/github/hermes/projects/carmodels/research/evidence/continuation/runtime/snaps
[    0.4754] Savestates Directory: /Users/Nicolas/Documents/github/hermes/projects/carmodels/research/evidence/continuation/runtime/sstates
[    0.4754] MemoryCards Directory: /Users/Nicolas/Documents/github/hermes/projects/carmodels/research/evidence/continuation/runtime/memcards
[    0.4754] Logs Directory: /Users/Nicolas/Documents/github/hermes/projects/carmodels/research/evidence/continuation/runtime/logs
[    0.4754] Cheats Directory: /Users/Nicolas/Documents/github/hermes/projects/carmodels/research/evidence/continuation/runtime/cheats
[    0.4755] Patches Directory: /Users/Nicolas/Documents/github/hermes/projects/carmodels/research/evidence/continuation/runtime/patches
[    0.4755] Covers Directory: /Users/Nicolas/Documents/github/hermes/projects/carmodels/research/evidence/continuation/runtime/covers
[    0.4755] Game Settings Directory: /Users/Nicolas/Documents/github/hermes/projects/carmodels/research/evidence/continuation/runtime/gamesettings
[    0.4755] Resources Directory: /Users/Nicolas/Documents/github/hermes/projects/carmodels/research/evidence/continuation/runtime/PCSX2.app/Contents/Resources
[    0.4755] User Resources Directory: /Users/Nicolas/Documents/github/hermes/projects/carmodels/research/evidence/continuation/runtime/resources
[    0.4755] Cache Directory: /Users/Nicolas/Documents/github/hermes/projects/carmodels/research/evidence/continuation/runtime/cache
[    0.4755] Textures Directory: /Users/Nicolas/Documents/github/hermes/projects/carmodels/research/evidence/continuation/runtime/textures
[    0.4755] Input Profile Directory: /Users/Nicolas/Documents/github/hermes/projects/carmodels/research/evidence/continuation/runtime/inputprofiles
[    0.4755] Video Dumping Directory: /Users/Nicolas/Documents/github/hermes/projects/carmodels/research/evidence/continuation/runtime/videos
[    0.4755] Debugger Layouts Directory: /Users/Nicolas/Documents/github/hermes/projects/carmodels/research/evidence/continuation/runtime/inis/debuggerlayouts
[    0.4755] Debugger Settings Directory: /Users/Nicolas/Documents/github/hermes/projects/carmodels/research/evidence/continuation/runtime/inis/debuggersettings
[    0.4764] Loaded translation file for language en-US
[    0.4922] PCSX2 v2.8.2
[    0.4926] Savestate version: 0x9a590000
[    0.4926] 
[    0.4926] 
[    0.4926] Host Machine Init:
[    0.4932]   Operating System = Darwin 25.4.0 x86_64
[    0.4932]   Available RAM    = 3377 MB (3.30 GB)
[    0.4933]   Physical RAM     = 16384 MB (16.00 GB)
[    0.4933] 
[    0.4935]   Processor        = Apple M5 (Rosetta)
[    0.4935]   Core Count       = 10 cores
[    0.4936]   Thread Count     = 10 threads
[    0.4936]   Cluster Count    = 2 clusters
[    0.4936] CPU Extensions Detected:
[    0.4936]   
[    0.4937] 
[    0.4937] Allocating host memory for virtual systems...
[    0.4939]   EE Main Memory                   @ 0x000000013BF02000 -> 0x0000000144E02000 [143mb]
[    0.4939]   IOP Main Memory                  @ 0x0000000144E02000 -> 0x000000014CF02000 [129mb]
[    0.4940]   VU0/1 On-Chip Memory             @ 0x000000014CF02000 -> 0x000000014D002000 [1mb]
[    0.4940]   VTLB Virtual Map                 @ 0x000000014D002000 -> 0x000000014D802000 [8mb]
[    0.4940]   VTLB Address Map                 @ 0x000000014D802000 -> 0x000000014DC02000 [4mb]
[    0.4940]   R5900 Recompiler Cache           @ 0x000000014DC02000 -> 0x0000000151C02000 [64mb]
[    0.4940]   R3000A Recompiler Cache          @ 0x0000000151C02000 -> 0x0000000153C02000 [32mb]
[    0.4940]   Micro VU0 Recompiler Cache       @ 0x0000000154C02000 -> 0x0000000158C02000 [64mb]
[    0.4940]   Micro VU1 Recompiler Cache       @ 0x0000000158C02000 -> 0x000000015CC02000 [64mb]
[    0.4940]   VIF0 Unpack Recompiler Cache     @ 0x0000000153C02000 -> 0x0000000154402000 [8mb]
[    0.4940]   VIF1 Unpack Recompiler Cache     @ 0x0000000154402000 -> 0x0000000154C02000 [8mb]
[    0.4940]   VIF Unpack Recompiler Cache      @ 0x000000015CC02000 -> 0x000000015CD02000 [1mb]
[    0.4941]   GS Software Renderer             @ 0x000000015CD02000 -> 0x0000000160D02000 [64mb]
[    0.4977] Fastmem area: 0x20eb7f000 - 0x30eb7efff
[    0.4990] Generating SSE-optimized unpacking functions for VIF interpreters...
[    0.5029] Unpack function generation complete.  Generated function statistics:
[    0.5029]   Reserved buffer    : 1048576 bytes @ 0x000000015CC02000
[    0.5029]   x86 code generated : 6782 bytes
[    0.5029] 
[    0.5060] SDLInputSource: Using Controller DB from resources.
[    0.5087] IOKit is enabled, MFI is enabled.
[    1.3448] Scanning /Users/Nicolas/Documents/PCSX2/ROMs (recursively)
[    1.3454] Scanning '/Users/Nicolas/Documents/PCSX2/ROMs/Midnight Club 3 - DUB Edition Remix.iso'...
[    1.3473] isoFile open ok: /Users/Nicolas/Documents/PCSX2/ROMs/Midnight Club 3 - DUB Edition Remix.iso
[    1.3473]   Image type  = DVD
[    1.3474]   blocks      = 4169904
[    1.3474]   offset      = 0
[    1.3474]   blocksize   = 2048
[    1.3474]   blockoffset = 24
[    1.3478] isoFile: second layer found at sector 0x001fd060
[    1.3478]  * CDVD Disk Open: DVD, Double layer:
[    1.3478]  * * Track 1: Data (Mode 1) (4169904 sectors)
[    1.3481] ISOReader: PVD found at index 0
[    1.3514] ISOReader: PVD found at index 0
[    1.3523] (SYSTEM.CNF) Detected PS2 Disc = cdrom0:\SLUS_213.55;1
[    1.3527] (SYSTEM.CNF) Software version = 1.00
[    1.3527] (SYSTEM.CNF) Disc region type = NTSC
[    1.3528] cdvdLoadElf(): 'cdrom0:\SLUS_213.55;1' -> 'SLUS_213.55' in ISO.
[    1.3660] Initializing Elf: 5264872 bytes
[    1.3689] GameDB: Has not been initialized yet, initializing...
[    1.5245] GameDB: 12841 games on record (loaded in 155.63ms)
[    1.5247] Creating new game list cache file: '/Users/Nicolas/Documents/github/hermes/projects/carmodels/research/evidence/continuation/runtime/cache/gamelist.cache'
[    2.8687] SDLInputSource: 357 gamepad mappings are loaded.
[    2.8707] Settings: Advanced Settings are enabled; only proceed if you know what you're doing! No support will be provided if you have the option enabled.
[    2.8954] Loading BIOS...
[    2.8966] BIOS Found: USA     v01.60(07/02/2002)  Console 20020207-164243
[    2.9030] BIOS rom1 module not found, skipping...
[    2.9030] BIOS rom2 module not found, skipping...
[    2.9038] Mechacon version: 0x00020603
[    2.9046] Opening CDVD...
[    2.9058] Applying settings...
[    2.9090] ReportErrorAsync: Startup Error: Failed to open CDVD 'ford-racing-2.cue': Unable to identify the ISO image type for 'ford-racing-2.cue'.
[    2.9325] Scanning /Users/Nicolas/Documents/PCSX2/ROMs (recursively)
[  240.6971] Releasing host memory for virtual systems...
