[    0.7855] Program Path: /Users/Nicolas/Documents/github/hermes/projects/carmodels/research/evidence/continuation/runtime/PCSX2.app/Contents/MacOS/PCSX2
[    0.7861] AppRoot Directory: /Users/Nicolas/Documents/github/hermes/projects/carmodels/research/evidence/continuation/runtime
[    0.7864] Resources Directory: /Users/Nicolas/Documents/github/hermes/projects/carmodels/research/evidence/continuation/runtime/PCSX2.app/Contents/Resources
[    0.7865] DataRoot Directory: /Users/Nicolas/Documents/github/hermes/projects/carmodels/research/evidence/continuation/runtime
[    0.7865] Loading config from /Users/Nicolas/Documents/github/hermes/projects/carmodels/research/evidence/continuation/runtime/inis/PCSX2.ini.
[    0.7872] Loading secrets from /Users/Nicolas/Documents/github/hermes/projects/carmodels/research/evidence/continuation/runtime/inis/secrets.ini.
[    0.7898] BIOS Directory: /Users/Nicolas/Library/Application Support/PCSX2/bios
[    0.7898] Snapshots Directory: /Users/Nicolas/Documents/github/hermes/projects/carmodels/research/evidence/continuation/runtime/snaps
[    0.7898] Savestates Directory: /Users/Nicolas/Documents/github/hermes/projects/carmodels/research/evidence/continuation/runtime/sstates
[    0.7898] MemoryCards Directory: /Users/Nicolas/Documents/github/hermes/projects/carmodels/research/evidence/continuation/runtime/memcards
[    0.7898] Logs Directory: /Users/Nicolas/Documents/github/hermes/projects/carmodels/research/evidence/continuation/runtime/logs
[    0.7898] Cheats Directory: /Users/Nicolas/Documents/github/hermes/projects/carmodels/research/evidence/continuation/runtime/cheats
[    0.7898] Patches Directory: /Users/Nicolas/Documents/github/hermes/projects/carmodels/research/evidence/continuation/runtime/patches
[    0.7898] Covers Directory: /Users/Nicolas/Documents/github/hermes/projects/carmodels/research/evidence/continuation/runtime/covers
[    0.7898] Game Settings Directory: /Users/Nicolas/Documents/github/hermes/projects/carmodels/research/evidence/continuation/runtime/gamesettings
[    0.7899] Resources Directory: /Users/Nicolas/Documents/github/hermes/projects/carmodels/research/evidence/continuation/runtime/PCSX2.app/Contents/Resources
[    0.7899] User Resources Directory: /Users/Nicolas/Documents/github/hermes/projects/carmodels/research/evidence/continuation/runtime/resources
[    0.7899] Cache Directory: /Users/Nicolas/Documents/github/hermes/projects/carmodels/research/evidence/continuation/runtime/cache
[    0.7899] Textures Directory: /Users/Nicolas/Documents/github/hermes/projects/carmodels/research/evidence/continuation/runtime/textures
[    0.7899] Input Profile Directory: /Users/Nicolas/Documents/github/hermes/projects/carmodels/research/evidence/continuation/runtime/inputprofiles
[    0.7899] Video Dumping Directory: /Users/Nicolas/Documents/github/hermes/projects/carmodels/research/evidence/continuation/runtime/videos
[    0.7899] Debugger Layouts Directory: /Users/Nicolas/Documents/github/hermes/projects/carmodels/research/evidence/continuation/runtime/inis/debuggerlayouts
[    0.7899] Debugger Settings Directory: /Users/Nicolas/Documents/github/hermes/projects/carmodels/research/evidence/continuation/runtime/inis/debuggersettings
[    0.7912] Loaded translation file for language en-US
[    0.8127] PCSX2 v2.8.2
[    0.8134] Savestate version: 0x9a590000
[    0.8135] 
[    0.8135] 
[    0.8135] Host Machine Init:
[    0.8142]   Operating System = Darwin 25.4.0 x86_64
[    0.8142]   Available RAM    = 3434 MB (3.35 GB)
[    0.8142]   Physical RAM     = 16384 MB (16.00 GB)
[    0.8142] 
[    0.8142]   Processor        = Apple M5 (Rosetta)
[    0.8143]   Core Count       = 10 cores
[    0.8143]   Thread Count     = 10 threads
[    0.8143]   Cluster Count    = 2 clusters
[    0.8143] CPU Extensions Detected:
[    0.8143]   
[    0.8144] 
[    0.8144] Allocating host memory for virtual systems...
[    0.8147]   EE Main Memory                   @ 0x00000001405FE000 -> 0x00000001494FE000 [143mb]
[    0.8147]   IOP Main Memory                  @ 0x00000001494FE000 -> 0x00000001515FE000 [129mb]
[    0.8147]   VU0/1 On-Chip Memory             @ 0x00000001515FE000 -> 0x00000001516FE000 [1mb]
[    0.8147]   VTLB Virtual Map                 @ 0x00000001516FE000 -> 0x0000000151EFE000 [8mb]
[    0.8147]   VTLB Address Map                 @ 0x0000000151EFE000 -> 0x00000001522FE000 [4mb]
[    0.8147]   R5900 Recompiler Cache           @ 0x00000001522FE000 -> 0x00000001562FE000 [64mb]
[    0.8148]   R3000A Recompiler Cache          @ 0x00000001562FE000 -> 0x00000001582FE000 [32mb]
[    0.8148]   Micro VU0 Recompiler Cache       @ 0x00000001592FE000 -> 0x000000015D2FE000 [64mb]
[    0.8148]   Micro VU1 Recompiler Cache       @ 0x000000015D2FE000 -> 0x00000001612FE000 [64mb]
[    0.8148]   VIF0 Unpack Recompiler Cache     @ 0x00000001582FE000 -> 0x0000000158AFE000 [8mb]
[    0.8148]   VIF1 Unpack Recompiler Cache     @ 0x0000000158AFE000 -> 0x00000001592FE000 [8mb]
[    0.8148]   VIF Unpack Recompiler Cache      @ 0x00000001612FE000 -> 0x00000001613FE000 [1mb]
[    0.8148]   GS Software Renderer             @ 0x00000001613FE000 -> 0x00000001653FE000 [64mb]
[    0.8166] Fastmem area: 0x212fbe000 - 0x312fbdfff
[    0.8182] Generating SSE-optimized unpacking functions for VIF interpreters...
[    0.8203] Unpack function generation complete.  Generated function statistics:
[    0.8203]   Reserved buffer    : 1048576 bytes @ 0x00000001612FE000
[    0.8203]   x86 code generated : 6782 bytes
[    0.8203] 
[    0.8240] SDLInputSource: Using Controller DB from resources.
[    0.8264] IOKit is enabled, MFI is enabled.
[    1.3204] SDLInputSource: 357 gamepad mappings are loaded.
[    1.3229] Settings: Advanced Settings are enabled; only proceed if you know what you're doing! No support will be provided if you have the option enabled.
[    1.7245] Scanning /Users/Nicolas/Documents/PCSX2/ROMs (recursively)
[    2.3268] Loading BIOS...
[    2.3276] BIOS Found: USA     v01.60(07/02/2002)  Console 20020207-164243
[    2.3303] BIOS rom1 module not found, skipping...
[    2.3303] BIOS rom2 module not found, skipping...
[    2.3308] Mechacon version: 0x00020603
[    2.3308] Opening CDVD...
[    2.3314] isoFile open ok: /Users/Nicolas/Documents/github/hermes/reverse-engineering/games/ford-racing-2/ford-racing-2.bin
[    2.3314]   Image type  = CD
[    2.3314]   blocks      = 288549
[    2.3314]   offset      = 0
[    2.3314]   blocksize   = 2352
[    2.3314]   blockoffset = 0
[    2.3314]  * CDVD Disk Open: CD, 1 tracks (1 to 1):
[    2.3314]  * * Track 1: Data (Mode 1) (288549 sectors)
[    2.3315] ISOReader: PVD found at index 0
[    2.3315] ISOReader: PVD found at index 0
[    2.3315] (SYSTEM.CNF) Detected PS2 Disc = cdrom0:\SLES_517.05;1
[    2.3315] (SYSTEM.CNF) Software version = 1.00
[    2.3315] (SYSTEM.CNF) Disc region type = PAL
[    2.3315] cdvdLoadElf(): 'cdrom0:\SLES_517.05;1' -> 'SLES_517.05' in ISO.
[    2.3333] Initializing Elf: 1662804 bytes
[    2.3338] GameDB: Has not been initialized yet, initializing...
[    2.4007] GameDB: 12841 games on record (loaded in 66.87ms)
[    2.4008] Disc changed to ford-racing-2.bin.
[    2.4008]   Name: Ford Racing 2
[    2.4008]   Serial: SLES-51705
[    2.4008]   Version: 1.00
[    2.4008]   CRC: 37F695CD
[    2.4008] No game settings found (tried '/Users/Nicolas/Documents/github/hermes/projects/carmodels/research/evidence/continuation/runtime/gamesettings/37F695CD.ini')
[    2.4009] Applying settings...
[    2.4014] [Unsafe Settings] Compatibility Patches are not enabled. Compatibility with some games may be affected.
[    2.4018] OSD [unsafe_settings_warning]:  Compatibility Patches are not enabled. Compatibility with some games may be affected.
[    2.4150] Reopening memory cards...
[    2.4150] McdSlot 0 [File]: [disabled/empty filename]
[    2.4150] McdSlot 1 [File]: [disabled/empty filename]
[    2.4162] HLE Host: Set 'host:' root path to: /Users/Nicolas/Documents/github/hermes/reverse-engineering/games/ford-racing-2
[    2.4165] EE/iR5900 Recompiler Reset
[    2.4716] iR3000A Recompiler reset.
[    2.5005] Resetting host memory for virtual systems...
[    2.8047] Time Zone Offset: GMT-05:00
[    2.8047] Time Zone Location: United States – Eastern
[    2.8047] DST: Summer Time
[    2.8047] Time Format: 24-Hour
[    2.8047] Date Format: YYYY/MM/DD
[    2.8048] System Time Basis: Operating System Time
[    2.8055] Resulting System Time: 2026-10-04 18:13:22
[    2.8055] Close virtual disk tray
[    2.8055] Media already loaded (fast boot)
[    2.8056] Opening GS...
[    2.8906] acquireRenderWindow() recreate=true fullscreen=false render_to_main=true surfaceless=false
[    2.9055] Surface refresh rate: 60 Hz
[    3.0931] Metal Graphics Driver Info:
[    3.0940] <AGXG17GDevice: 0x7fd888875200>
[    3.0940]     name = Apple M5
[    3.0940]     Texture Swizzle:     Supported
[    3.0940]     Unified Memory:      Supported
[    3.0940]     Framebuffer Fetch:   Supported
[    3.0941]     Memoryless Textures: Supported
[    3.0941]     Primitive ID:        Supported
[    3.0941]     Depth Feedback:      Unsupported
[    3.0941]     ROV:                 Supported
[    3.0941]     Shader Version:      Metal 2.3
[    3.0941]     Max Texture Size:    32768
[    3.0987] (VMManager) Found 4 physical cores and 4 logical cores in perf level 0 (Super), assuming big
[    3.0987] (VMManager) Found 6 physical cores and 6 logical cores in perf level 1 (Efficiency), assuming small
[    3.0998] Opening SPU2...
[    3.1024] Creating Cubeb audio stream, sample rate = 48000, expansion = Disabled, buffer = 50, latency = 20, stretching enabled, driver = , device = 
[    3.1089] MultiPause time: 1ns
[    3.1090] MultiPause time: 1ns
[    3.3781] Minimum latency: 2 ms (128 audio frames)
[    3.3783] Allocated buffer of 38400 frames for buffer of 50 ms [expansion Disabled (block size 2048), stretch enabled, target size 2432].
[    3.9900] cubeb_audiounit.cpp:2501:(0x7fd87671d080) Opening output side: rate 48000, channels 2, format 2, latency in frames 512.
[    3.9901] cubeb_audiounit.cpp:2528:(0x7fd87671d080) Output device sampling rate: 48000.00
[    3.9940] cubeb_audiounit.cpp:2327:(0x7fd87671d080) No need to update output buffer size already 512 frames
[    3.9941] cubeb_audiounit.cpp:2588:(0x7fd87671d080) Output audiounit init successfully.
[    3.9943] cubeb_resampler_internal.h:553:Input and output sample-rate match, target rate of 48000Hz
[    4.1049] cubeb_audiounit.cpp:2875:(0x7fd87671d080) Cubeb stream init successful.
[    4.1831] cubeb_audiounit.cpp:2993:Cubeb stream (0x7fd87671d080) started successfully.
[    4.1832] Initializing Pad...
[    4.1832] Initializing SIO2...
[    4.1832] Initializing SIO0...
[    4.1832] Opening DEV9...
[    4.1848] DEV9: DEV9init
[    4.1850] DEV9: DEV9init2
[    4.1850] DEV9: DEV9init3
[    4.1909] DEV9: DEV9init ok
[    4.1909] DEV9: DEV9open
[    4.1910] Opening USB...
[    4.1910] Opening FW...
[    4.2001] Frame rate: 60, target speed: 1, target frame rate: 60, ticks per frame: 16666666
[    4.2334] VM subsystems initialized in 2485.98 ms
[    4.2403]  ... found 'PCSX2 Internal Structures.dat'
[    4.2410]  ... found 'eeMemory.bin'
[    4.2410]  ... found 'iopMemory.bin'
[    4.2425]  ... found 'eeHwRegs.bin'
[    4.2426]  ... found 'iopHwRegs.bin'
[    4.2426]  ... found 'Scratchpad.bin'
[    4.2426]  ... found 'vu0Memory.bin'
[    4.2426]  ... found 'vu1Memory.bin'
[    4.2426]  ... found 'vu0MicroMem.bin'
[    4.2426]  ... found 'vu1MicroMem.bin'
[    4.2426]  ... found 'SPU2.bin'
[    4.2426]  ... found 'USB.bin'
[    4.2427]  ... found 'PAD.bin'
[    4.2427]  ... found 'GS.bin'
[    4.2427]  ... not found 'Achievements.bin'!
[    4.2941] EE/iR5900 Recompiler Reset
[    4.4838] iR3000A Recompiler reset.
[    4.5798] ISOReader: PVD found at index 0
[    4.5798] cdvdLoadElf(): 'cdrom0:\SLES_517.05;1' -> 'SLES_517.05' in ISO.
[    4.5826] Initializing Elf: 1662804 bytes
[    4.5855] ELF changed, active CRC 37F695CD (cdrom0:\SLES_517.05;1)
[    4.5892] Found 1 game patches in SLES-51705_37F695CD.pnach.
[    4.5893] Applying core settings...
[    4.5897] [Unsafe Settings] Compatibility Patches are not enabled. Compatibility with some games may be affected.
[    4.5897] OSD [unsafe_settings_warning]:  Compatibility Patches are not enabled. Compatibility with some games may be affected.
[    4.5898] GameDB: Enabled GS Hardware Fix: autoFlush to [mode=1]
[    4.5898] GameDB: Enabled GS Hardware Fix: halfPixelOffset to [mode=4]
[    4.5899] GameDB: Enabled GS Hardware Fix: nativeScaling to [mode=1]
[    4.5900] Updating CPU configuration...
[    4.5900] EE/iR5900 Recompiler Reset
[    4.6048] iR3000A Recompiler reset.
[    4.6415] Updating GS configuration...
[    5.0408]   Loading SPU2
[    5.0576]   Loading GS
[    5.1382] UpdateVSyncRate: Mode Changed to PAL.
[    5.1384] Frame rate: 50, target speed: 1, target frame rate: 50, ticks per frame: 20000000
[    6.2513] microVU0: Cached Prog = [000] [PC=0268] [List=01] (Cache=0.000%) [0.0mb]
[    6.2856] microVU1: Cached Prog = [000] [PC=00d0] [List=01] (Cache=0.000%) [0.0mb]
[    6.2927] microVU1: Cached Prog = [001] [PC=0518] [List=01] (Cache=0.000%) [0.0mb]
[    6.3086] microVU1: Cached Prog = [002] [PC=17f0] [List=01] (Cache=0.000%) [0.0mb]
[    6.3100] microVU1: Cached Prog = [003] [PC=1800] [List=01] (Cache=0.066%) [0.0mb]
[    6.3134] microVU1: Cached Prog = [004] [PC=1e00] [List=01] (Cache=0.066%) [0.0mb]
[    6.3162] microVU1: Cached Prog = [005] [PC=1e48] [List=01] (Cache=0.066%) [0.0mb]
[    6.3177] microVU1: Cached Prog = [006] [PC=1eb8] [List=01] (Cache=0.066%) [0.0mb]
[    6.3222] microVU1: Cached Prog = [007] [PC=24c8] [List=01] (Cache=0.066%) [0.0mb]
[    6.3228] microVU1: Cached Prog = [008] [PC=2528] [List=01] (Cache=0.066%) [0.0mb]
[    6.3231] microVU1: Cached Prog = [009] [PC=1f00] [List=01] (Cache=0.066%) [0.0mb]
[    6.3240] microVU1: Cached Prog = [010] [PC=1f70] [List=01] (Cache=0.066%) [0.0mb]
[    6.3254] microVU1: Cached Prog = [011] [PC=1fb8] [List=01] (Cache=0.066%) [0.0mb]
[    6.3263] microVU1: Cached Prog = [012] [PC=2028] [List=01] (Cache=0.066%) [0.0mb]
[    6.3297] microVU1: Cached Prog = [013] [PC=2070] [List=01] (Cache=0.066%) [0.0mb]
[    6.3305] microVU1: Cached Prog = [014] [PC=20e0] [List=01] (Cache=0.066%) [0.0mb]
[    6.3327] microVU1: Cached Prog = [015] [PC=2128] [List=01] (Cache=0.066%) [0.0mb]
[    6.6179] microVU0: Cached Prog = [001] [PC=0000] [List=01] (Cache=0.003%) [0.0mb]
[    6.6328] microVU0: Cached Prog = [002] [PC=0168] [List=01] (Cache=0.004%) [0.0mb]
[    6.6334] microVU0: Cached Prog = [003] [PC=01e8] [List=01] (Cache=0.006%) [0.0mb]
[    6.6911] microVU1: Cached Prog = [016] [PC=2e60] [List=01] (Cache=0.300%) [0.2mb]
[    6.6927] microVU1: Cached Prog = [017] [PC=2eb8] [List=01] (Cache=0.301%) [0.2mb]
[    6.6943] microVU1: Cached Prog = [018] [PC=30a0] [List=01] (Cache=0.307%) [0.2mb]
[    6.7060] microVU1: Cached Prog = [019] [PC=0268] [List=01] (Cache=0.313%) [0.2mb]
[    6.7125] microVU1: Cached Prog = [020] [PC=0d60] [List=01] (Cache=0.359%) [0.2mb]
[    6.7176] microVU1: Cached Prog = [021] [PC=15a8] [List=01] (Cache=0.394%) [0.2mb]
[    6.7204] microVU1: Branch Optimization
[    6.8387] microVU1: Cached Prog = [022] [PC=2aa0] [List=01] (Cache=0.435%) [0.3mb]
[    7.1768] microVU1: Cached Prog = [023] [PC=0ea8] [List=01] (Cache=0.438%) [0.3mb]
[    7.2049] microVU1: Cached Prog = [024] [PC=1170] [List=01] (Cache=0.477%) [0.3mb]
[    8.4012] microVU0: Cached Prog = [004] [PC=0088] [List=01] (Cache=0.009%) [0.0mb]
[    9.2784] microVU1: Cached Prog = [025] [PC=2688] [List=01] (Cache=0.522%) [0.3mb]
[    9.3566] microVU1: Cached Prog = [026] [PC=2ba8] [List=01] (Cache=0.524%) [0.3mb]
[    9.3755] microVU1: Cached Prog = [027] [PC=26f0] [List=01] (Cache=0.561%) [0.3mb]
[   11.4265] microVU1: Cached Prog = [028] [PC=2e40] [List=01] (Cache=0.573%) [0.3mb]
[   12.5855] microVU1: Cached Prog = [029] [PC=2e50] [List=01] (Cache=0.574%) [0.4mb]
[   14.6513] microVU1: Cached Prog = [030] [PC=09c0] [List=01] (Cache=0.612%) [0.4mb]
[   50.3964] (VMManager) Pausing...
[   50.5239] cubeb_audiounit.cpp:3021:Cubeb stream (0x7fd87671d080) stopped successfully.
[   51.0535] cubeb_audiounit.cpp:2993:Cubeb stream (0x7fd87671d080) started successfully.
[   51.0741] cubeb_audiounit.cpp:3021:Cubeb stream (0x7fd87671d080) stopped successfully.
[   51.7931] cubeb_audiounit.cpp:2993:Cubeb stream (0x7fd87671d080) started successfully.
[   51.9201] cubeb_audiounit.cpp:3021:Cubeb stream (0x7fd87671d080) stopped successfully.
[   88.5004] cubeb_audiounit.cpp:2993:Cubeb stream (0x7fd87671d080) started successfully.
[   88.5291] cubeb_audiounit.cpp:3021:Cubeb stream (0x7fd87671d080) stopped successfully.
[   89.1176] cubeb_audiounit.cpp:2993:Cubeb stream (0x7fd87671d080) started successfully.
[   90.1777] cubeb_audiounit.cpp:3021:Cubeb stream (0x7fd87671d080) stopped successfully.
[  129.0009] (VMManager) Resuming...
[  129.0446] cubeb_audiounit.cpp:2993:Cubeb stream (0x7fd87671d080) started successfully.
[  138.9734] (VMManager) Pausing...
[  139.3913] cubeb_audiounit.cpp:3021:Cubeb stream (0x7fd87671d080) stopped successfully.
[  139.4458] (VMManager) Resuming...
[  139.4650] cubeb_audiounit.cpp:2993:Cubeb stream (0x7fd87671d080) started successfully.
[  139.8404] BIOS: Successfully found the instruction pattern. Assuming the thread list is here: 8001a480
[  240.2268] (VMManager) Pausing...
[  240.4645] cubeb_audiounit.cpp:641:(0x7fd87671d080) output shutdown.
[  240.4839] cubeb_audiounit.cpp:3021:Cubeb stream (0x7fd87671d080) stopped successfully.
[  250.6669] PINE: New client with FD 17 connected.
[  250.6823] OSD [SaveStateSlot94]: Saving state to slot 94...
[  250.6910] PINE: Client disconnected.
[  250.9172]   Saving SPU2
[  250.9229]   Saving GS
[  252.5140] OSD [SaveStateSlot94]: Saved state to slot 94.
[  252.5141] Zipping save state to '/Users/Nicolas/Documents/github/hermes/projects/carmodels/research/evidence/continuation/runtime/sstates/SLES-51705 (37F695CD).94.p2s' took 1496.36 ms
[  700.4115] (VMManager) Resuming...
[  700.6937] cubeb_audiounit.cpp:2993:Cubeb stream (0x7fd87671d080) started successfully.
[  705.3319] OSD [GSDump]: Saving single frame GS dump with Zstandard compression to 'Ford Racing 2_SLES-51705_20261004182459.gs.zst'
[  707.4410] OSD [GSScreenshot_/Users/Nicolas/Documents/github/hermes/projects/carmodels/research/evidence/continuation/runtime/snaps/Ford Racing 2_SLES-51705_20261004182459.png]: Saving screenshot to 'Ford Racing 2_SLES-51705_20261004182459.png'.
[  714.1337] OSD [GSDump]: Saved GS dump to 'Ford Racing 2_SLES-51705_20261004182459.gs.zst'.
[  787.1492] OSD [GSScreenshot_/Users/Nicolas/Documents/github/hermes/projects/carmodels/research/evidence/continuation/runtime/snaps/Ford Racing 2_SLES-51705_20261004182459.png]: Saved screenshot to 'Ford Racing 2_SLES-51705_20261004182459.png'.
[  964.1476] (VMManager) Pausing...
[  964.4720] cubeb_audiounit.cpp:3021:Cubeb stream (0x7fd87671d080) stopped successfully.
[  966.1366] Add 422 seconds play time to SLES-51705 -> now 1948
[  966.4384] cubeb_audiounit.cpp:3021:Cubeb stream (0x7fd87671d080) stopped successfully.
[  966.6006] cubeb_audiounit.cpp:2954:Cubeb stream (0x7fd87671d080) destroyed successful.
[  966.6497] DEV9: DEV9close
[  966.7212] SW JIT generated 328701 bytes of code
[  967.0707] DEV9: DEV9shutdown
[  967.0764] NVRAM has not changed, not writing to disk.
[  967.3505] Releasing host memory for virtual systems...
