initial {
  memory: { geometries: 13, textures: 3 },
  code: 'GRAN_TORINO',
  bounds: [ 5.041305543968097, 1.648189383843449, 3.2725167922370684 ],
  wheelAxes: [
    [
      5.551115123125783e-17,
      -2.220446049250313e-16,
      1.0000000000000004
    ],
    [
      5.551115123125783e-17,
      -2.220446049250313e-16,
      1.0000000000000004
    ],
    [
      5.551115123125783e-17,
      -2.220446049250313e-16,
      1.0000000000000004
    ],
    [
      5.551115123125783e-17,
      -2.220446049250313e-16,
      1.0000000000000004
    ],
    [
      5.551115123125783e-17,
      -2.220446049250313e-16,
      1.0000000000000004
    ],
    [
      5.551115123125783e-17,
      -2.220446049250313e-16,
      1.0000000000000004
    ],
    [
      5.551115123125783e-17,
      -2.220446049250313e-16,
      1.0000000000000004
    ],
    [
      5.551115123125783e-17,
      -2.220446049250313e-16,
      1.0000000000000004
    ]
  ]
}
after105 {
  memory: { geometries: 1387, textures: 3 },
  code: 'THUNDERBIRD_MOVIE',
  bounds: [ 4.94284553465865, 1.4970381243166477, 2.23382579746432 ],
  wheelAxes: [
    [ 0, -1.1102230246251565e-16, 1.0000000000000002 ],
    [ 0, -1.1102230246251565e-16, 1.0000000000000002 ],
    [ 0, -1.1102230246251565e-16, 1.0000000000000002 ],
    [ 0, -1.1102230246251565e-16, 1.0000000000000002 ],
    [ 0, -1.1102230246251565e-16, 1.0000000000000002 ],
    [ 0, -1.1102230246251565e-16, 1.0000000000000002 ],
    [ 0, -1.1102230246251565e-16, 1.0000000000000002 ],
    [ 0, -1.1102230246251565e-16, 1.0000000000000002 ]
  ]
}
empty-search { visible: 0, body: '', hud: '2003 L.E. THUNDERBIRD' }
mobile {
  stage: { x: 0, y: 337.59375, width: 390, height: 506.40625 },
  panel: { x: 212, y: 345.59375, width: 170, height: 293.703125 },
  hud: { x: 9, y: 345.59375, width: 381, height: 125.390625 },
  overflow: 0
}
empty {
  boot: { loaded: false, failed: true, msg: null },
  loading: 'The car list could not be loaded.The vehicle data (viewer/public/cars.json) did not load. Confirm it exists in this checkout, then serve the folder with: python3 -m http.server 8080 --directory viewer',
  rows: 0,
  injected: false,
  imgs: 0
}
http-error {
  boot: { loaded: false, failed: true, msg: null },
  loading: 'The car list could not be loaded.The vehicle data (viewer/public/cars.json) did not load. Confirm it exists in this checkout, then serve the folder with: python3 -m http.server 8080 --directory viewer',
  rows: 0,
  injected: false,
  imgs: 0
}
malformed {
  boot: { loaded: false, failed: true, msg: null },
  loading: 'The car list could not be loaded.The vehicle data (viewer/public/cars.json) did not load. Confirm it exists in this checkout, then serve the folder with: python3 -m http.server 8080 --directory viewer',
  rows: 0,
  injected: false,
  imgs: 0
}
slow {
  boot: { loaded: true, failed: true, msg: null },
  loading: undefined,
  rows: 35,
  injected: false,
  imgs: 0
}
injected {
  boot: { loaded: true, failed: false, msg: null },
  loading: undefined,
  rows: 1,
  injected: true,
  imgs: 1
}
