ok    ruff check tools  (All checks passed!)
ok    verify_recovered_asset_index  ({"cars": 35, "assets": 2579, "counts": {"original_model": 35, "glb": 35, "model_)
ok    test_viewer_scenes  (PASS test_viewer_scenes: 35 cars, 105 disabled empty tree-4 choices, child geome)
ok    test_viewer_materials  (PASS test_viewer_materials: independent material/texture/image indices, linear f)
ok    test_model_load  (PASS test_model_load: corpus GLB, truncations, 404, successful body, stalled bod)
ok    test_viewer_loading  (PASS test_viewer_loading: actual callback, success, 404 clears geometry/download)
ok    test_export_materials  (PASS test_export_materials: 35 cars, source texture and selector bindings, heade)
ok    test_static_inputs  (PASS test_static_inputs)
ok    test_recovery_inputs  (PASS test_recovery_inputs: 35 models, decoded textures, truncated-model controls)
ok    verify_config_data_sound  (VERIFY OK)
ok    verify_sound_bank_index  (VERIFY OK)
ok    verify_vu_dispatch_map  (VERIFY OK)
ok    test_vu_dispatch_map  (PASS test_vu_dispatch_map)
ok    test_vu1_decode  (PASS test_vu1_decode (1558 pairs, 76 distinct mnemonics, 656/688 bit flips visib)
ok    verify_vu_pass_handlers  (VERIFY OK)
ok    test_vu_pass_handlers  (PASS test_vu_pass_handlers)
ok    verify_vu_handler_dump  (VERIFY OK)
ok    test_vu_handler_dump  (PASS test_vu_handler_dump: 100 draws, eight intended corruption failures, absent)
ok    recover_dump_reference_frame  (VERIFY OK)
ok    test_recover_dump_reference_frame  (PASS test_recover_dump_reference_frame: two frames, five intended corruption fai)
