{
  "scope": "FINAL working tree only; pre-change negative controls are not part of this audit",
  "cars": 35,
  "records": [
    {
      "code": "49_COUPE",
      "finiteBounds": true,
      "floorMinimum": 4.768371530960991e-9,
      "transverseCenterError": 0,
      "resources": 19,
      "disposedResources": 19,
      "disposedExactlyOnce": true
    },
    {
      "code": "49_COUPE_MOVIE",
      "finiteBounds": true,
      "floorMinimum": 4.768371530960991e-9,
      "transverseCenterError": 0,
      "resources": 19,
      "disposedResources": 19,
      "disposedExactlyOnce": true
    },
    {
      "code": "COBRA",
      "finiteBounds": true,
      "floorMinimum": 4.768371530960991e-9,
      "transverseCenterError": 0,
      "resources": 19,
      "disposedResources": 19,
      "disposedExactlyOnce": true
    },
    {
      "code": "CROWN_VICTORIA",
      "finiteBounds": true,
      "floorMinimum": 4.768371530960991e-9,
      "transverseCenterError": 0,
      "resources": 19,
      "disposedResources": 19,
      "disposedExactlyOnce": true
    },
    {
      "code": "EX",
      "finiteBounds": true,
      "floorMinimum": -1.0728836097317895e-8,
      "transverseCenterError": 0,
      "resources": 19,
      "disposedResources": 19,
      "disposedExactlyOnce": true
    },
    {
      "code": "EXPLORER",
      "finiteBounds": true,
      "floorMinimum": 7.152557324197062e-9,
      "transverseCenterError": 0,
      "resources": 21,
      "disposedResources": 21,
      "disposedExactlyOnce": true
    },
    {
      "code": "F100_1956",
      "finiteBounds": true,
      "floorMinimum": 8.344650193059522e-9,
      "transverseCenterError": 0,
      "resources": 25,
      "disposedResources": 25,
      "disposedExactlyOnce": true
    },
    {
      "code": "F100_1965",
      "finiteBounds": true,
      "floorMinimum": -7.152557435219364e-9,
      "transverseCenterError": 0,
      "resources": 25,
      "disposedResources": 25,
      "disposedExactlyOnce": true
    },
    {
      "code": "F150",
      "finiteBounds": true,
      "floorMinimum": -7.152557435219364e-9,
      "transverseCenterError": 0,
      "resources": 25,
      "disposedResources": 25,
      "disposedExactlyOnce": true
    },
    {
      "code": "F150_2004",
      "finiteBounds": true,
      "floorMinimum": -7.152557435219364e-9,
      "transverseCenterError": 0,
      "resources": 25,
      "disposedResources": 25,
      "disposedExactlyOnce": true
    },
    {
      "code": "F350",
      "finiteBounds": true,
      "floorMinimum": 8.344650193059522e-9,
      "transverseCenterError": 0,
      "resources": 25,
      "disposedResources": 25,
      "disposedExactlyOnce": true
    },
    {
      "code": "FOCUS_FR200",
      "finiteBounds": true,
      "floorMinimum": 3.5762786065873797e-9,
      "transverseCenterError": 0,
      "resources": 19,
      "disposedResources": 19,
      "disposedExactlyOnce": true
    },
    {
      "code": "FOCUS_SVT",
      "finiteBounds": true,
      "floorMinimum": 3.5762786065873797e-9,
      "transverseCenterError": 0,
      "resources": 19,
      "disposedResources": 19,
      "disposedExactlyOnce": true
    },
    {
      "code": "FOCUS_WRC",
      "finiteBounds": true,
      "floorMinimum": -1.0728836152829047e-8,
      "transverseCenterError": 0,
      "resources": 23,
      "disposedResources": 23,
      "disposedExactlyOnce": true
    },
    {
      "code": "FORD_GT",
      "finiteBounds": true,
      "floorMinimum": -1.0728836152829047e-8,
      "transverseCenterError": 0,
      "resources": 19,
      "disposedResources": 19,
      "disposedExactlyOnce": true
    },
    {
      "code": "FORTYNINE",
      "finiteBounds": true,
      "floorMinimum": -9.536743228455435e-9,
      "transverseCenterError": 0,
      "resources": 19,
      "disposedResources": 19,
      "disposedExactlyOnce": true
    },
    {
      "code": "FR500",
      "finiteBounds": true,
      "floorMinimum": -9.536743228455435e-9,
      "transverseCenterError": 0,
      "resources": 19,
      "disposedResources": 19,
      "disposedExactlyOnce": true
    },
    {
      "code": "GRAN_TORINO",
      "finiteBounds": true,
      "floorMinimum": -9.536743228455435e-9,
      "transverseCenterError": 0,
      "resources": 19,
      "disposedResources": 19,
      "disposedExactlyOnce": true
    },
    {
      "code": "GT90",
      "finiteBounds": true,
      "floorMinimum": 4.768371530960991e-9,
      "transverseCenterError": 0,
      "resources": 19,
      "disposedResources": 19,
      "disposedExactlyOnce": true
    },
    {
      "code": "INDIGO",
      "finiteBounds": true,
      "floorMinimum": 4.768371530960991e-9,
      "transverseCenterError": 0,
      "resources": 19,
      "disposedResources": 19,
      "disposedExactlyOnce": true
    },
    {
      "code": "LIGHTNING_SVT",
      "finiteBounds": true,
      "floorMinimum": -7.152557435219364e-9,
      "transverseCenterError": 0,
      "resources": 25,
      "disposedResources": 25,
      "disposedExactlyOnce": true
    },
    {
      "code": "MACH1_AGENT",
      "finiteBounds": true,
      "floorMinimum": 5.960464399823451e-9,
      "transverseCenterError": 0,
      "resources": 19,
      "disposedResources": 19,
      "disposedExactlyOnce": true
    },
    {
      "code": "MACH1_SIXTY",
      "finiteBounds": true,
      "floorMinimum": 5.960464399823451e-9,
      "transverseCenterError": 0,
      "resources": 19,
      "disposedResources": 19,
      "disposedExactlyOnce": true
    },
    {
      "code": "MACH3",
      "finiteBounds": true,
      "floorMinimum": 4.768371530960991e-9,
      "transverseCenterError": 0,
      "resources": 19,
      "disposedResources": 19,
      "disposedExactlyOnce": true
    },
    {
      "code": "MUSTANG_68",
      "finiteBounds": true,
      "floorMinimum": -9.536743228455435e-9,
      "transverseCenterError": 0,
      "resources": 19,
      "disposedResources": 19,
      "disposedExactlyOnce": true
    },
    {
      "code": "MUSTANG_68B",
      "finiteBounds": true,
      "floorMinimum": -9.536743228455435e-9,
      "transverseCenterError": 0,
      "resources": 19,
      "disposedResources": 19,
      "disposedExactlyOnce": true
    },
    {
      "code": "MUSTANG_CONCEPT",
      "finiteBounds": true,
      "floorMinimum": -9.536743228455435e-9,
      "transverseCenterError": 0,
      "resources": 19,
      "disposedResources": 19,
      "disposedExactlyOnce": true
    },
    {
      "code": "POWERSTROKE",
      "finiteBounds": true,
      "floorMinimum": -8.344650359592976e-9,
      "transverseCenterError": 0,
      "resources": 19,
      "disposedResources": 19,
      "disposedExactlyOnce": true
    },
    {
      "code": "TAURUS_STOCK_A",
      "finiteBounds": true,
      "floorMinimum": 5.960464399823451e-9,
      "transverseCenterError": 0,
      "resources": 23,
      "disposedResources": 23,
      "disposedExactlyOnce": true
    },
    {
      "code": "TAURUS_STOCK_B",
      "finiteBounds": true,
      "floorMinimum": 5.960464399823451e-9,
      "transverseCenterError": 0,
      "resources": 23,
      "disposedResources": 23,
      "disposedExactlyOnce": true
    },
    {
      "code": "TAURUS_STOCK_C",
      "finiteBounds": true,
      "floorMinimum": 5.960464399823451e-9,
      "transverseCenterError": 0,
      "resources": 23,
      "disposedResources": 23,
      "disposedExactlyOnce": true
    },
    {
      "code": "TAURUS_STOCK_D",
      "finiteBounds": true,
      "floorMinimum": 5.960464399823451e-9,
      "transverseCenterError": 0,
      "resources": 23,
      "disposedResources": 23,
      "disposedExactlyOnce": true
    },
    {
      "code": "THUNDERBIRD",
      "finiteBounds": true,
      "floorMinimum": 5.960464399823451e-9,
      "transverseCenterError": 0,
      "resources": 19,
      "disposedResources": 19,
      "disposedExactlyOnce": true
    },
    {
      "code": "THUNDERBIRD_2002",
      "finiteBounds": true,
      "floorMinimum": -1.0728836152829047e-8,
      "transverseCenterError": 0,
      "resources": 19,
      "disposedResources": 19,
      "disposedExactlyOnce": true
    },
    {
      "code": "THUNDERBIRD_MOVIE",
      "finiteBounds": true,
      "floorMinimum": -1.0728836152829047e-8,
      "transverseCenterError": 0,
      "resources": 19,
      "disposedResources": 19,
      "disposedExactlyOnce": true
    }
  ]
}
PASS final mesh audit: all 35 finite, transverse symmetry, tyre floor contact, every shared geometry/material disposed exactly once
