16:41:38 | INFO: Data are loaded, start creating Blender stuff
16:41:38 | INFO: Blender create Mesh node record_001
16:41:38 | INFO: Blender create Mesh node record_002
16:41:38 | INFO: Blender create Mesh node record_003
16:41:38 | INFO: Blender create Mesh node record_004
16:41:38 | INFO: Blender create Mesh node record_005
16:41:38 | INFO: Blender create Mesh node record_006
16:41:38 | INFO: Blender create Mesh node record_007
16:41:38 | INFO: Blender create Mesh node record_008
16:41:38 | INFO: Blender create Mesh node record_009
16:41:38 | INFO: Blender create Mesh node record_010
16:41:38 | INFO: Blender create Mesh node record_011
16:41:38 | INFO: Blender create Mesh node record_012
16:41:38 | INFO: Blender create Mesh node record_013
16:41:38 | INFO: Blender create Mesh node record_014
16:41:38 | INFO: Blender create Mesh node record_015
16:41:38 | INFO: Blender create Mesh node record_016
16:41:38 | INFO: Blender create Mesh node record_017
16:41:38 | INFO: Blender create Mesh node record_018
16:41:38 | INFO: Blender create Mesh node record_019
16:41:38 | INFO: Blender create Mesh node record_020
16:41:38 | INFO: Blender create Mesh node record_021
16:41:38 | INFO: Blender create Mesh node record_022
16:41:38 | INFO: Blender create Mesh node record_023
16:41:38 | INFO: Blender create Mesh node record_024
16:41:38 | INFO: Blender create Mesh node record_025
16:41:38 | INFO: Blender create Mesh node record_026
16:41:38 | INFO: Blender create Mesh node record_027
16:41:38 | INFO: Blender create Mesh node record_028
16:41:38 | INFO: Blender create Mesh node record_029
16:41:38 | INFO: Blender create Mesh node record_030
16:41:38 | INFO: Blender create Mesh node record_031
16:41:38 | INFO: Blender create Mesh node record_032
16:41:38 | INFO: Blender create Mesh node record_033
16:41:38 | INFO: Blender create Mesh node record_034
16:41:38 | INFO: Blender create Mesh node record_035
16:41:38 | INFO: Blender create Mesh node record_036
16:41:38 | INFO: Blender create Mesh node record_037
16:41:38 | INFO: Blender create Mesh node record_038
16:41:38 | INFO: Blender create Mesh node record_039
16:41:38 | INFO: Blender create Mesh node record_040
16:41:38 | INFO: Blender create Mesh node record_041
16:41:38 | INFO: Blender create Mesh node record_042
16:41:38 | INFO: glTF import finished in 0.03s
INFO Draco mesh compression is available, use library at /Users/Nicolas/Documents/github/hermes/projects/carmodels/.scratch/blender-4.5.14/Blender.app/Contents/Resources/4.5/scripts/addons_core/io_scene_gltf2/libextern_draco.dylib
16:41:38 | INFO: Starting glTF 2.0 export
16:41:38 | INFO: Extracting primitive: record_001
16:41:38 | INFO: Primitives created: 2
16:41:38 | INFO: Extracting primitive: record_003
16:41:38 | INFO: Primitives created: 1
16:41:38 | INFO: Extracting primitive: record_004
16:41:38 | INFO: Primitives created: 1
16:41:38 | INFO: Extracting primitive: record_010
16:41:38 | INFO: Primitives created: 1
16:41:38 | INFO: Extracting primitive: record_008
16:41:38 | INFO: Primitives created: 1
16:41:38 | INFO: Extracting primitive: record_014
16:41:38 | INFO: Primitives created: 1
16:41:38 | INFO: Extracting primitive: record_012
16:41:38 | INFO: Primitives created: 1
16:41:38 | INFO: Extracting primitive: record_005
16:41:38 | INFO: Primitives created: 1
16:41:38 | INFO: Finished glTF 2.0 export in 0.04703807830810547 s

16:41:38 | INFO: Starting glTF 2.0 export
16:41:38 | INFO: Extracting primitive: record_001
16:41:38 | INFO: Primitives created: 2
16:41:38 | INFO: Extracting primitive: record_003
16:41:38 | INFO: Primitives created: 1
16:41:38 | INFO: Extracting primitive: record_004
16:41:38 | INFO: Primitives created: 1
16:41:38 | INFO: Extracting primitive: record_010
16:41:38 | INFO: Primitives created: 1
16:41:38 | INFO: Extracting primitive: record_008
16:41:38 | INFO: Primitives created: 1
16:41:38 | INFO: Extracting primitive: record_014
16:41:38 | INFO: Primitives created: 1
16:41:38 | INFO: Extracting primitive: record_012
16:41:38 | INFO: Primitives created: 1
16:41:38 | INFO: Extracting primitive: record_005
16:41:38 | INFO: Primitives created: 1
16:41:38 | INFO: Finished glTF 2.0 export in 0.009311914443969727 s

PASS dealership Blender roundtrip: {"blender": "4.5.14 LTS", "car": "GRAN_TORINO", "claim_limits": ["One static car import/edit/export/rebuild, not all DCC exporters or animation.", "No original-game shading fidelity claim."], "length_multiplier": 1.2, "model_files_preserved": 70, "triangles": 4072}
Blender 4.5.14 LTS (hash 62c1db4208e8 built 2026-09-15 01:30:44)

Blender quit
