; ANY NEW Manufactures should go at the end of this list (dont re-order the list)
Manufacturer
{
	Name		Mercedes
	CanBeOnFire	0
}
Manufacturer
{
	Name		Aprilia
	CanBeOnFire	1
}
Manufacturer
{
	Name		Cadillac
	CanBeOnFire	1
}
Manufacturer
{
	Name		Chevy
	CanBeOnFire	1
}
Manufacturer
{
	Name		Chrysler
	CanBeOnFire	1
}
Manufacturer
{
	Name		Dodge
	CanBeOnFire	1
}
Manufacturer
{
	Name		Ducati
	CanBeOnFire	1
}
Manufacturer
{
	Name		Gemballa
	CanBeOnFire	1
}
Manufacturer
{
	Name		Hummer
	CanBeOnFire	1
}
Manufacturer
{
	Name		Hotmatch
	CanBeOnFire	1
}
Manufacturer
{
	Name		Kawasaki
	CanBeOnFire	1
}
Manufacturer
{
	Name		Lexus
	CanBeOnFire	1
}
Manufacturer
{
	Name		Lotus
	CanBeOnFire	1
}
Manufacturer
{
	Name		Mitsubishi
	CanBeOnFire	1
}
Manufacturer
{
	Name		Nissan
	CanBeOnFire	1
}
Manufacturer
{
	Name		Pontiac
	CanBeOnFire	1
}
Manufacturer
{
	Name		Saleen
	CanBeOnFire	1
}
Manufacturer
{
	Name		Toyota
	CanBeOnFire	1
}
Manufacturer
{
	Name		VW
	CanBeOnFire	1
}
Manufacturer
{
	Name		WCC
	CanBeOnFire	1
}
Manufacturer
{
	Name		Lamborghini
	CanBeOnFire	1
}
Manufacturer
{
	Name		McLaren
	CanBeOnFire	1
}
Manufacturer
{
	Name		Other
	CanBeOnFire	1
}
; ANY NEW Manufactures should go at the end of this list (dont re-order the list)
Manufacturer
{
	Name		Pagani
	CanBeOnFire	1
}
Manufacturer
{
	Name		Scion
	CanBeOnFire	1
}
Manufacturer
{
	Name		GMC
	CanBeOnFire	1
}
Manufacturer
{
	Name		Infinity
	CanBeOnFire	1
}


Vehicle
{
	Name		vp_eclipse_04	
	Class		CULTURE
	Manufacturer	Mitsubishi
	AiCORangeStart		1
	AiCORangeEnd		94
	PerformanceBase
	{
		Acceleration		0.224
		TopSpeed		0.593
		Handling		0.342
	}
	PerformanceFull
	{
		Acceleration		0.362
		TopSpeed		0.738
		Handling		0.499
	}
	Group       A
}
Vehicle
{
	Name		vp_jetta_03
	Class		CULTURE
	Manufacturer	VW
	AiCORangeStart		-10	
	AiCORangeEnd		77	
	PerformanceBase
	{
		Acceleration		0.217
		TopSpeed		0.593
		Handling		0.277
	}
	PerformanceFull
	{
		Acceleration		0.349
		TopSpeed		0.738
		Handling		0.454
	}
	Group       A                 
}
Vehicle
{
	Name		vp_srt4_04
	Class		CULTURE
	Manufacturer	Dodge
	AiCORangeStart		14
	AiCORangeEnd		110
	PerformanceBase
	{
		Acceleration		0.247
		TopSpeed		0.633
		Handling		0.393
	}
	PerformanceFull
	{
		Acceleration		0.402
		TopSpeed		0.782
		Handling		0.555
	}
	Group       A
}
Vehicle
{
	Name		vp_golfr32_04
	Class		CULTURE
	Manufacturer	VW
	AiCORangeStart		-1
	AiCORangeEnd		105
	PerformanceBase
	{
		Acceleration		0.232
		TopSpeed		0.621
		Handling		0.415
	}
	PerformanceFull
	{
		Acceleration		0.420
		TopSpeed		0.766
		Handling		0.570
	}
	Group       A
}
Vehicle
{
	Name		vp_is300_04
	Class		CULTURE
	Manufacturer	Lexus
	AiCORangeStart		23
	AiCORangeEnd		115
	PerformanceBase
	{
		Acceleration		0.263
		TopSpeed		0.631
		Handling		0.400
	}
	PerformanceFull
	{
		Acceleration		0.415
		TopSpeed		0.778
		Handling		0.585
	}
	Group       A
}
Vehicle
{
	Name		vp_montecarlo_78
	Class		MUSCLE
	Manufacturer	Chevy
	AiCORangeStart		-46
	AiCORangeEnd		53
	PerformanceBase
	{
		Acceleration		0.199
		TopSpeed		0.585
		Handling		0.200
	}
	PerformanceFull
	{
		Acceleration		0.323
		TopSpeed		0.718
		Handling		0.340
	}
	Group       A
}
Vehicle
{
	Name		vp_impala_64
	Class		MUSCLE
	Manufacturer	Chevy
	AiCORangeStart		-2
	AiCORangeEnd		84
	PerformanceBase
	{
		Acceleration		0.229
		TopSpeed		0.593
		Handling		0.225
	}
	PerformanceFull
	{
		Acceleration		0.356
		TopSpeed		0.738
		Handling		0.375
	}
	Group       A
}
Vehicle
{
	Name		vp_belair_57
	Class		MUSCLE
	Manufacturer	Chevy
	AiCORangeStart		-27
	AiCORangeEnd		68
	PerformanceBase
	{
		Acceleration		0.197
		TopSpeed		0.573
		Handling		0.172
	}
	PerformanceFull
	{
		Acceleration		0.339
		TopSpeed		0.742
		Handling		0.355
	}
	Group       A
}
Vehicle
{
	Name		vp_hummer_02
	Class		SUV
	Manufacturer	Hummer
	AiCORangeStart		-50
	AiCORangeEnd		26
	PerformanceBase
	{
		Acceleration		0.186
		TopSpeed		0.544
		Handling		0.195
	}
	PerformanceFull
	{
		Acceleration		0.280
		TopSpeed		0.645
		Handling		0.285
	}
	Group       A
}
Vehicle
{
	Name		vp_chrysler300c_05
	Class		LUXURY
	Manufacturer	Chrysler
	AiCORangeStart		18
	AiCORangeEnd		112
	PerformanceBase
	{
		Acceleration		0.241
		TopSpeed		0.605
		Handling		0.374
	}
	PerformanceFull
	{
		Acceleration		0.420
		TopSpeed		0.726
		Handling		0.572
	}
	Group       A
}
Vehicle
{
	Name		vp_gs430_04
	Class		LUXURY
	Manufacturer	Lexus
	AiCORangeStart		24
	AiCORangeEnd		104
	PerformanceBase
	{
		Acceleration		0.233
		TopSpeed		0.625
		Handling		0.409
	}
	PerformanceFull
	{
		Acceleration		0.386
		TopSpeed		0.746
		Handling		0.557
	}
	Group       A
}
Vehicle
{
	Name		vp_ctsv_04
	Class		LUXURY
	Manufacturer	Cadillac
	AiCORangeStart		21
	AiCORangeEnd		106
	PerformanceBase
	{
		Acceleration		0.261
		TopSpeed		0.653
		Handling		0.456
	}
	PerformanceFull
	{
		Acceleration		0.437
		TopSpeed		0.766
		Handling		0.596
	}
	Group       A
}
Vehicle
{
	Name		vp_lancer_04
	Class		CULTURE
	Manufacturer	Mitsubishi
	AiCORangeStart		46
	AiCORangeEnd		144
	PerformanceBase
	{
		Acceleration		0.304
		TopSpeed		0.633
		Handling		0.411
	}
	PerformanceFull
	{
		Acceleration		0.548
		TopSpeed		0.794
		Handling		0.609
	}
	Group       B
}
Vehicle
{
	Name		vp_350z_04
	Class		CULTURE
	Manufacturer	Nissan
	AiCORangeStart		66
	AiCORangeEnd		124
	PerformanceBase
	{
		Acceleration		0.318
		TopSpeed		0.645
		Handling		0.301
	}
	PerformanceFull
	{
		Acceleration		0.485
		TopSpeed		0.786
		Handling		0.544
	}
	Group       B
}
Vehicle
{
	Name		vp_supra_98
	Class		CULTURE
	Manufacturer	Toyota
	AiCORangeStart		67
	AiCORangeEnd		134
	PerformanceBase
	{
		Acceleration		0.293
		TopSpeed		0.681
		Handling		0.325
	}
	PerformanceFull
	{
		Acceleration		0.487
		TopSpeed		0.819
		Handling		0.585
	}
	Group       B
}
Vehicle
{
	Name		vp_elise_04
	Class		CULTURE
	Manufacturer	Lotus
	AiCORangeStart		68
	AiCORangeEnd		137
	PerformanceBase
	{
		Acceleration		0.332
		TopSpeed		0.641
		Handling		0.509
	}
	PerformanceFull
	{
		Acceleration		0.517
		TopSpeed		0.798
		Handling		0.683
	}
	Group       B
}
Vehicle
{
	Name		vp_skyline_02
	Class		CULTURE
	Manufacturer	Nissan
	AiCORangeStart		71
	AiCORangeEnd		146
	PerformanceBase
	{
		Acceleration		0.335
		TopSpeed		0.625
		Handling		0.443
	}
	PerformanceFull
	{
		Acceleration		0.573
		TopSpeed		0.798
		Handling		0.662
	}
	Group       B
}
Vehicle
{
	Name		vp_impalass_96
	Class		MUSCLE
	Manufacturer	Chevy
	AiCORangeStart		35
	AiCORangeEnd		109
	PerformanceBase
	{
		Acceleration		0.274
		TopSpeed		0.625
		Handling		0.298
	}
	PerformanceFull
	{
		Acceleration		0.442
		TopSpeed		0.766
		Handling		0.457
	}
	Group       B
}
Vehicle
{
	Name		vp_elcamino_70
	Class		MUSCLE
	Manufacturer	Chevy
	AiCORangeStart		21
	AiCORangeEnd		88
	PerformanceBase
	{
		Acceleration		0.271
		TopSpeed		0.617
		Handling		0.194
	}
	PerformanceFull
	{
		Acceleration		0.425
		TopSpeed		0.766
		Handling		0.348
	}
	Group       B
}
Vehicle
{
	Name		vp_charger_69
	Class		MUSCLE
	Manufacturer	Dodge
	AiCORangeStart		12
	AiCORangeEnd		97
	PerformanceBase
	{
		Acceleration		0.286
		TopSpeed		0.633
		Handling		0.271
	}
	PerformanceFull
	{
		Acceleration		0.437
		TopSpeed		0.798
		Handling		0.423
	}
	Group       B
}
Vehicle
{
	Name		vp_gto_68
	Class		MUSCLE
	Manufacturer	Pontiac
	AiCORangeStart		27
	AiCORangeEnd		110
	PerformanceBase
	{
		Acceleration		0.291
		TopSpeed		0.637
		Handling		0.294
	}
	PerformanceFull
	{
		Acceleration		0.464
		TopSpeed		0.794
		Handling		0.467
	}
	Group       B
}
Vehicle
{
	Name		vp_fleetline_49
	Class		MUSCLE
	Manufacturer	Chevy
	AiCORangeStart		33
	AiCORangeEnd		110
	PerformanceBase
	{
		Acceleration		0.282
		TopSpeed		0.617
		Handling		0.170
	}
	PerformanceFull
	{
		Acceleration		0.422
		TopSpeed		0.766
		Handling		0.263
	}
	Group       B
}
Vehicle
{
	Name		vp_cuevito_99
	Class		CHOPPER
	Manufacturer	Hotmatch
	AiCORangeStart		110
	AiCORangeEnd		165
	PerformanceBase
	{
		Acceleration		0.760
		TopSpeed		0.746
		Handling		0.464
	}
	PerformanceFull		
	{
		Acceleration		0.579
		TopSpeed		0.790
		Handling		0.464
	}
	Group       B
}
Vehicle
{
	Name		vp_wcc_cfl_03
	Class		CHOPPER
	Manufacturer	WCC
	AiCORangeStart		105
	AiCORangeEnd		151
	PerformanceBase
	{
		Acceleration		0.468
		TopSpeed		0.750
		Handling		0.525
	}
	PerformanceFull		
	{
		Acceleration		0.615
		TopSpeed		0.806
		Handling		0.525
	}
	Group       B
}
Vehicle
{
	Name		vp_wcc_eldiablo_st_00
	Class		CHOPPER
	Manufacturer	WCC
	AiCORangeStart		100
	AiCORangeEnd		155
	PerformanceBase
	{
		Acceleration		0.456
		TopSpeed		0.746
		Handling		0.435
	}
	PerformanceFull		
	{
		Acceleration		0.589
		TopSpeed		0.798
		Handling		0.435
	}
	Group       B
}
Vehicle
{
	Name		vp_ext_03
	Class		SUV
	Manufacturer	Cadillac
	AiCORangeStart		2
	AiCORangeEnd		68
	PerformanceBase
	{
		Acceleration		0.211
		TopSpeed		0.625
		Handling		0.275
	}
	PerformanceFull
	{
		Acceleration		0.324
		TopSpeed		0.726
		Handling		0.465
	}
	Group       B
}
Vehicle
{
	Name		vp_escalade_03
	Class		SUV
	Manufacturer	Cadillac
	AiCORangeStart		13
	AiCORangeEnd		74
	PerformanceBase
	{
		Acceleration		0.211
		TopSpeed		0.625
		Handling		0.288
	}
	PerformanceFull
	{
		Acceleration		0.322
		TopSpeed		0.726
		Handling		0.471
	}
	Group       B
}
Vehicle
{
	Name		vp_h2_03
	Class		SUV
	Manufacturer	Hummer
	AiCORangeStart		1
	AiCORangeEnd		50
	PerformanceBase
	{
		Acceleration		0.220
		TopSpeed		0.609
		Handling		0.315
	}
	PerformanceFull
	{
		Acceleration		0.344
		TopSpeed		0.714
		Handling		0.465
	}
	Group       B
}
Vehicle
{
	Name		vp_g500_03
	Class		SUV
	Manufacturer	Mercedes
	AiCORangeStart		11
	AiCORangeEnd		90
	PerformanceBase
	{
		Acceleration		0.246
		TopSpeed		0.629
		Handling		0.393
	}
	PerformanceFull
	{
		Acceleration		0.372
		TopSpeed		0.746
		Handling		0.518
	}
	Group       B
}
Vehicle
{
	Name		vp_g55_amg_03
	Class		SUV
	Manufacturer	Mercedes
	AiCORangeStart		21
	AiCORangeEnd		80
	PerformanceBase
	{
		Acceleration		0.304
		TopSpeed		0.698
		Handling		0.445
	}
	PerformanceFull
	{
		Acceleration		0.411
		TopSpeed		0.786
		Handling		0.545
	}
	Group       B
}
Vehicle
{
	Name		vp_sc430_04
	Class		LUXURY
	Manufacturer	Lexus
	AiCORangeStart		33
	AiCORangeEnd		100
	PerformanceBase
	{
		Acceleration		0.239
		TopSpeed		0.645
		Handling		0.480
	}
	PerformanceFull
	{
		Acceleration		0.380
		TopSpeed		0.758
		Handling		0.601
	}
	Group       B
	ForceITZ
}
Vehicle
{
	Name		vp_cl500_04
	Class		LUXURY
	Manufacturer	Mercedes
	AiCORangeStart		18
	AiCORangeEnd		105
	PerformanceBase
	{
		Acceleration		0.256
		TopSpeed		0.677
		Handling		0.493
	}
	PerformanceFull
	{
		Acceleration		0.444
		TopSpeed		0.798
		Handling		0.594
	}
	Group       B
}
Vehicle
{
	Name		vp_phaeton_04
	Class		LUXURY
	Manufacturer	VW
	AiCORangeStart		34
	AiCORangeEnd		101
	PerformanceBase
	{
		Acceleration		0.249
		TopSpeed		0.673
		Handling		0.395
	}
	PerformanceFull
	{
		Acceleration		0.429
		TopSpeed		0.782
		Handling		0.564
	}
	Group       B
}
Vehicle
{
	Name		vp_cl55_amg_04
	Class		LUXURY
	Manufacturer	Mercedes
	AiCORangeStart		85
	AiCORangeEnd		125
	PerformanceBase
	{
		Acceleration		0.360
		TopSpeed		0.726
		Handling		0.550
	}
	PerformanceFull
	{
		Acceleration		0.501
		TopSpeed		0.827
		Handling		0.630
	}
	Group       B
}
Vehicle
{
	Name		vp_corvettez06_03
	Class		CULTURE
	Manufacturer	Chevy
	AiCORangeStart		82
	AiCORangeEnd		134
	PerformanceBase
	{
		Acceleration		0.369
		TopSpeed		0.726
		Handling		0.580
	}
	PerformanceFull
	{
		Acceleration		0.556
		TopSpeed		0.879
		Handling		0.695
	}
	Group       C
}
Vehicle
{
	Name		vp_charger_99
	Class		CULTURE
	Manufacturer	Dodge
	AiCORangeStart		108
	AiCORangeEnd		147
	PerformanceBase
	{
		Acceleration		0.374
		TopSpeed		0.726
		Handling		0.562
	}
	PerformanceFull
	{
		Acceleration		0.548
		TopSpeed		0.867
		Handling		0.680
	}
	Group       C
}
Vehicle
{
	Name		vp_esprit_04
	Class		CULTURE
	Manufacturer	Lotus
	AiCORangeStart		103
	AiCORangeEnd		153
	PerformanceBase
	{
		Acceleration		0.376
		TopSpeed		0.746
		Handling		0.657
	}
	PerformanceFull
	{
		Acceleration		0.544
		TopSpeed		0.887
		Handling		0.719
	}
	Group       C
}
Vehicle
{
	Name		vp_viper_03
	Class		CULTURE
	Manufacturer	Dodge
	AiCORangeStart		123
	AiCORangeEnd		158
	PerformanceBase
	{
		Acceleration		0.437
		TopSpeed		0.790
		Handling		0.515
	}
	PerformanceFull
	{
		Acceleration		0.651
		TopSpeed		0.887
		Handling		0.629
	}
	Group       C
}
Vehicle
{
	Name		vp_saleen_sr_00
	Class		CULTURE
	Manufacturer	Saleen
	AiCORangeStart		108
	AiCORangeEnd		157
	PerformanceBase
	{
		Acceleration		0.371
		TopSpeed		0.786
		Handling		0.634
	}
	PerformanceFull
	{
		Acceleration		0.635
		TopSpeed		0.899
		Handling		0.714
	}
	Group       C
}
Vehicle
{
	Name		vp_monster_sr4_04
	Class		SPORTBIKE
	Manufacturer	Ducati
	AiCORangeStart		136
	AiCORangeEnd		177
	PerformanceBase
	{
		Acceleration		0.528
		TopSpeed		0.806
		Handling		0.752
	}
	PerformanceFull		
	{
		Acceleration		0.730
		TopSpeed		0.867
		Handling		0.752
	}
	Group       C
}
Vehicle
{
	Name		vp_ducati_ss1000_04
	Class		SPORTBIKE
	Manufacturer	Ducati
	AiCORangeStart		129
	AiCORangeEnd		175
	PerformanceBase
	{
		Acceleration		0.508
		TopSpeed		0.798
		Handling		0.800
	}
	PerformanceFull		
	{
		Acceleration		0.718
		TopSpeed		0.859
		Handling		0.800
	}
	Group       C
}
Vehicle
{
	Name		vp_gto_70
	Class		MUSCLE
	Manufacturer	Pontiac
	AiCORangeStart		39
	AiCORangeEnd		124
	PerformanceBase
	{
		Acceleration		0.314
		TopSpeed		0.645
		Handling		0.325
	}
	PerformanceFull
	{
		Acceleration		0.540
		TopSpeed		0.827
		Handling		0.475
	}
	Group       C
}
Vehicle
{
	Name		vp_z28_69
	Class		MUSCLE
	Manufacturer	Chevy
	AiCORangeStart		47
	AiCORangeEnd		124
	PerformanceBase
	{
		Acceleration		0.314
		TopSpeed		0.653
		Handling		0.345
	}
	PerformanceFull
	{
		Acceleration		0.507
		TopSpeed		0.810
		Handling		0.515
	}
	Group       C
}
Vehicle
{
	Name		vp_z28_81
	Class		MUSCLE
	Manufacturer	Chevy
	AiCORangeStart		50
	AiCORangeEnd		130
	PerformanceBase
	{
		Acceleration		0.293
		TopSpeed		0.649
		Handling		0.365
	}
	PerformanceFull
	{
		Acceleration		0.551
		TopSpeed		0.839
		Handling		0.530
	}
	Group       C
}
Vehicle
{
	Name		vp_corvette_68
	Class		MUSCLE
	Manufacturer	Chevy
	AiCORangeStart		63
	AiCORangeEnd		125
	PerformanceBase
	{
		Acceleration		0.323
		TopSpeed		0.677
		Handling		0.345
	}
	PerformanceFull
	{
		Acceleration		0.560
		TopSpeed		0.847
		Handling		0.575
	}
	Group       C
}
Vehicle
{
	Name		vp_skully_01
	Class		CHOPPER
	Manufacturer	Hotmatch
	AiCORangeStart		133
	AiCORangeEnd		171
	PerformanceBase
	{
		Acceleration		0.492
		TopSpeed		0.782
		Handling		0.600
	}
	PerformanceFull		
	{
		Acceleration		0.700
		TopSpeed		0.847
		Handling		0.600
	}
	Group       C
}
Vehicle
{
	Name		vp_delegance_03
	Class		CHOPPER
	Manufacturer	Hotmatch
	AiCORangeStart		129
	AiCORangeEnd		185
	PerformanceBase
	{
		Acceleration		0.503
		TopSpeed		0.798
		Handling		0.550
	}
	PerformanceFull		
	{
		Acceleration		0.724
		TopSpeed		0.859
		Handling		0.550
	}
	Group       C
}
Vehicle
{
	Name		vp_wcc_eldiablo_r_03
	Class		CHOPPER
	Manufacturer	WCC
	AiCORangeStart		131
	AiCORangeEnd		179
	PerformanceBase
	{
		Acceleration		0.499
		TopSpeed		0.790
		Handling		0.475
	}
	PerformanceFull		
	{
		Acceleration		0.716
		TopSpeed		0.855
		Handling		0.475
	}
	Group       C
}
Vehicle
{
	Name		vp_silverado_ss_04
	Class		SUV
	Manufacturer	Chevy
	AiCORangeStart		31
	AiCORangeEnd		99
	PerformanceBase
	{
		Acceleration		0.295
		TopSpeed		0.665
		Handling		0.300
	}
	PerformanceFull
	{
		Acceleration		0.452
		TopSpeed		0.766
		Handling		0.425
	}
	Group       C
}
Vehicle
{
	Name		vp_ram_04
	Class		SUV
	Manufacturer	Dodge
	AiCORangeStart		42
	AiCORangeEnd		119
	PerformanceBase
	{
		Acceleration		0.320
		TopSpeed		0.685
		Handling		0.325
	}
	PerformanceFull
	{
		Acceleration		0.494
		TopSpeed		0.778
		Handling		0.465
	}
	Group       C
}
Vehicle
{
	Name		vp_sl500_04
	Class		LUXURY
	Manufacturer	Mercedes
	AiCORangeStart		74
	AiCORangeEnd		139
	PerformanceBase
	{
		Acceleration		0.350
		TopSpeed		0.726
		Handling		0.575
	}
	PerformanceFull
	{
		Acceleration		0.522
		TopSpeed		0.867
		Handling		0.650
	}
	Group       C
	ForceITZ
}
Vehicle
{
	Name		vp_sl55_amg_04
	Class		LUXURY
	Manufacturer	Mercedes
	AiCORangeStart		118
	AiCORangeEnd		145
	PerformanceBase
	{
		Acceleration		0.425
		TopSpeed		0.815
		Handling		0.620
	}
	PerformanceFull
	{
		Acceleration		0.610
		TopSpeed		0.887
		Handling		0.725
	}
	Group       C
	ForceITZ
}
Vehicle
{
	Name		vp_cad16_04
	Class		LUXURY
	Manufacturer	Cadillac
	AiCORangeStart		56
	AiCORangeEnd		108
	PerformanceBase
	{
		Acceleration		0.380
		TopSpeed		0.782
		Handling		0.375
	}
	PerformanceFull
	{
		Acceleration		0.544
		TopSpeed		0.887
		Handling		0.495
	}
	Group       C
}
Vehicle
{
	Name		vp_ninja_03
	Class		SPORTBIKE
	Manufacturer	Kawasaki
	AiCORangeStart		169
	AiCORangeEnd		200
	PerformanceBase
	{
		Acceleration		0.655
		TopSpeed		0.948
		Handling		0.875
	}
	PerformanceFull		
	{
		Acceleration		1.000
		TopSpeed		1.000
		Handling		0.875
	}
	Group       D
}
Vehicle
{
	Name		vp_aprilia_mille_04
	Class		SPORTBIKE
	Manufacturer	Aprilia
	AiCORangeStart		150
	AiCORangeEnd		200
	PerformanceBase
	{
		Acceleration		0.583
		TopSpeed		0.940
		Handling		1.000
	}
	PerformanceFull		
	{
		Acceleration		0.894
		TopSpeed		0.996
		Handling		1.000
	}
	Group       D
}
Vehicle
{
	Name		vp_ducati_999r_04
	Class		SPORTBIKE
	Manufacturer	Ducati
	AiCORangeStart		157
	AiCORangeEnd		200
	PerformanceBase
	{
		Acceleration		0.559
		TopSpeed		0.931
		Handling		0.975
	}
	PerformanceFull		
	{
		Acceleration		0.951
		TopSpeed		0.980
		Handling		0.975
	}
	Group       D
}
Vehicle
{
	Name		vp_cien_02
	Class		PERFORMANCE
	Manufacturer	Cadillac
	AiCORangeStart		143
	AiCORangeEnd		164
	PerformanceBase
	{
		Acceleration		0.556
		TopSpeed		0.855
		Handling		0.645
	}
	PerformanceFull 	
	{
		Acceleration		0.706
		TopSpeed		0.935
		Handling		0.720
	}
	Group       D
}
Vehicle
{
	Name		vp_gemballa_04
	Class		PERFORMANCE
	Manufacturer	Gemballa
	AiCORangeStart		145
	AiCORangeEnd		166
	PerformanceBase
	{
		Acceleration		0.507
		TopSpeed		0.847
		Handling		0.695
	}
	PerformanceFull
	{
		Acceleration		0.700
		TopSpeed		0.948
		Handling		0.745
	}
	Group       D
}
Vehicle
{
	Name		vp_me412_04
	Class		PERFORMANCE
	Manufacturer	Chrysler
	AiCORangeStart		174
	AiCORangeEnd		200
	PerformanceBase
	{
		Acceleration		0.676
		TopSpeed		0.907
		Handling		0.825
	}
	PerformanceFull 	
	{
		Acceleration		0.996
		TopSpeed		0.976
		Handling		0.950
	}
	Group       D
}
Vehicle
{
	Name		vp_gallardo_04
	Class		PERFORMANCE
	Manufacturer	Lamborghini
	AiCORangeStart		148
	AiCORangeEnd		172
	PerformanceBase
	{
		Acceleration		0.553
		TopSpeed		0.867
		Handling		0.750
	}
	PerformanceFull
	{
		Acceleration		0.668
		TopSpeed		0.948
		Handling		0.815
	}
	Group       D
}
Vehicle
{
	Name		vp_mclaren_f1_95
	Class		PERFORMANCE
	Manufacturer	McLaren
	AiCORangeStart		163
	AiCORangeEnd		200
	PerformanceBase
	{
		Acceleration		0.658
		TopSpeed		0.887
		Handling		0.825
	}
	PerformanceFull 	
	{
		Acceleration		0.869
		TopSpeed		0.984
		Handling		0.925
	}
	Group       D
}
Vehicle
{
	Name		vp_murcielago_04
	Class		PERFORMANCE
	Manufacturer	Lamborghini
	AiCORangeStart		164
	AiCORangeEnd		200
	PerformanceBase
	{
		Acceleration		0.596
		TopSpeed		0.895
		Handling		0.800
	}
	PerformanceFull
	{
		Acceleration		0.788
		TopSpeed		0.972
		Handling		0.900
	}
	Group       D
}
Vehicle
{
	Name		vp_saleens7_04
	Class		PERFORMANCE
	Manufacturer	Saleen
	AiCORangeStart		149
	AiCORangeEnd		200
	PerformanceBase
	{
		Acceleration		0.625
		TopSpeed		0.887
		Handling		0.850
	}
	PerformanceFull 	
	{
		Acceleration		0.821
		TopSpeed		0.968
		Handling		0.970
	}
	Group       D
}
Vehicle
{
	Name		vp_clk_gtr_03
	Class		PERFORMANCE
	Manufacturer	Mercedes
	AiCORangeStart		178
	AiCORangeEnd		200
	PerformanceBase
	{
		Acceleration		0.630
		TopSpeed		0.875
		Handling		0.675
	}
	PerformanceFull 	
	{
		Acceleration		0.764
		TopSpeed		0.984
		Handling		0.775
	}
	Group       D
}
Vehicle
{
	Name		vp_slr_mclaren_04
	Class		PERFORMANCE
	Manufacturer	McLaren
	AiCORangeStart		155
	AiCORangeEnd		176
	PerformanceBase
	{
		Acceleration		0.604
		TopSpeed		0.859
		Handling		0.595
	}
	PerformanceFull 	
	{
		Acceleration		0.813
		TopSpeed		0.960
		Handling		0.695
	}
	Group       D
}
Vehicle
{
	Name		vp_kwz_cop_98
	Class		COPBIKE
	Manufacturer	Kawasaki
	AiCORangeStart		200
	AiCORangeEnd		200
	PerformanceBase
	{
		Acceleration		0.630
		TopSpeed		0.847
		Handling		0.875
	}
	PerformanceFull		
	{
		Acceleration		0.630
		TopSpeed		0.847
		Handling		0.875
	}
	Group       D
}
Vehicle
{
	Name		vp_impalass_cop_s_96
	Class		COPCAR
	Manufacturer	Chevy
	AiCORangeStart		200
	AiCORangeEnd		200
	PerformanceBase
	{
		Acceleration		0.420
		TopSpeed		0.794
		Handling		0.485
	}
	PerformanceFull
	{
		Acceleration		0.420
		TopSpeed		0.794
		Handling		0.485
	}
	Group       D
}
Vehicle
{
	Name		vp_impalass_cop_a_96
	Class		COPCAR
	Manufacturer	Chevy
	AiCORangeStart		200
	AiCORangeEnd		200
	PerformanceBase
	{
		Acceleration		0.475
		TopSpeed		0.831
		Handling		0.550
	}
	PerformanceFull
	{
		Acceleration		0.475
		TopSpeed		0.831
		Handling		0.550
	}
	Group       D
}
Vehicle
{
	Name		vp_impalass_cop_d_96
	Class		COPCAR
	Manufacturer	Chevy
	AiCORangeStart		200
	AiCORangeEnd		200
	PerformanceBase
	{
		Acceleration		0.533
		TopSpeed		0.867
		Handling		0.675
	}
	PerformanceFull
	{
		Acceleration		0.533
		TopSpeed		0.867
		Handling		0.675
	}
	Group       D
}

;remix cars 

Vehicle
{
	Name		vp_d_scion_tc_05
	Class		CULTURE
	Manufacturer	Scion
	UIOrder		0
	AiCORangeStart		-23
	AiCORangeEnd		85
	PerformanceBase
	{
		Acceleration		0.224
		TopSpeed		0.593
		Handling		0.259
	}
	PerformanceFull
	{
		Acceleration		0.362
		TopSpeed		0.738
		Handling		0.515
	}
	Group       A
	SpecialEdition
}
Vehicle
{
	Name		vp_d_cobalt_05
	Class		CULTURE
	Manufacturer	Dodge
	UIOrder		5
	AiCORangeStart		19
	AiCORangeEnd		97
	PerformanceBase
	{
		Acceleration		0.224
		TopSpeed		0.593
		Handling		0.362
	}
	PerformanceFull
	{
		Acceleration		0.362
		TopSpeed		0.738
		Handling		0.562
	}
	Group       A
	SpecialEdition
}
Vehicle
{
	Name		vp_d_magnum_05
	Class		LUXURY
	Manufacturer	Dodge
	UIOrder 	11
	AiCORangeStart		14
	AiCORangeEnd		100
	PerformanceBase
	{
		Acceleration		0.241
		TopSpeed		0.605
		Handling		0.342
	}
	PerformanceFull
	{
		Acceleration		0.420
		TopSpeed		0.726
		Handling		0.538
	}
	Group       A
	SpecialEdition
}
Vehicle
{
	Name		vp_d_g35_05
	Class		LUXURY
	Manufacturer	Infinity
	UIOrder		13
	AiCORangeStart		51
	AiCORangeEnd		104
	PerformanceBase
	{
		Acceleration		0.233
		TopSpeed		0.625
		Handling		0.367
	}
	PerformanceFull
	{
		Acceleration		0.386
		TopSpeed		0.746
		Handling		0.556
	}
	Group       A
	SpecialEdition
}
Vehicle
{
	Name		vp_d_sportconcept_05
	Class		CULTURE
	Manufacturer	Nissan
	UIOrder 	16
	AiCORangeStart		58
	AiCORangeEnd		115
	PerformanceBase
	{
		Acceleration		0.304
		TopSpeed		0.633
		Handling		0.347
	}
	PerformanceFull
	{
		Acceleration		0.548
		TopSpeed		0.794
		Handling		0.577
	}
	Group       B
	SpecialEdition
}
Vehicle
{
	Name		vp_d_eldorado_70
	Class		MUSCLE
	Manufacturer	Cadillac
	UIOrder 	23
	AiCORangeStart		31
	AiCORangeEnd		95
	PerformanceBase
	{
		Acceleration		0.261
		TopSpeed		0.653
		Handling		0.239
	}
	PerformanceFull
	{
		Acceleration		0.437
		TopSpeed		0.766
		Handling		0.367
	}
	Group       B
	SpecialEdition
}
Vehicle
{
	Name		vp_d_deville_66
	Class		MUSCLE
	Manufacturer	Cadillac
	UIOrder 	24
	AiCORangeStart		35
	AiCORangeEnd		99
	PerformanceBase
	{
		Acceleration		0.261
		TopSpeed		0.653
		Handling		0.189
	}
	PerformanceFull
	{
		Acceleration		0.437
		TopSpeed		0.766
		Handling		0.367
	}
	Group       B
	SpecialEdition
}
Vehicle
{
	Name		vp_d_chevelle_70
	Class		MUSCLE
	Manufacturer	Chevy
	UIOrder 	26
	AiCORangeStart		46
	AiCORangeEnd		101
	PerformanceBase
	{
		Acceleration		0.261
		TopSpeed		0.653
		Handling		0.283
	}
	PerformanceFull
	{
		Acceleration		0.437
		TopSpeed		0.766
		Handling		0.435
	}
	Group       B
	SpecialEdition
}
Vehicle
{
	Name		vp_d_chingon_04
	Class		CHOPPER
	Manufacturer	Hotmatch
	UIOrder 	32
	AiCORangeStart		75
	AiCORangeEnd		123
	PerformanceBase
	{
		Acceleration		0.760
		TopSpeed		0.746
		Handling		0.517
	}
	PerformanceFull		
	{
		Acceleration		0.579
		TopSpeed		0.790
		Handling		0.517
	}
	Group       B
	SpecialEdition
}
Vehicle
{
	Name		vp_d_ssr_05
	Class		SUV
	Manufacturer	Chevy
	UIOrder 	34
	AiCORangeStart		21
	AiCORangeEnd		87
	PerformanceBase
	{
		Acceleration		0.295
		TopSpeed		0.665
		Handling		0.285
	}
	PerformanceFull
	{
		Acceleration		0.452
		TopSpeed		0.766
		Handling		0.425
	}
	Group       B
	SpecialEdition
}
Vehicle
{
	Name		vp_d_fx45_05
	Class		SUV
	Manufacturer	Infinity
	UIOrder 	35
	AiCORangeStart		23
	AiCORangeEnd		77
	PerformanceBase
	{
		Acceleration		0.220
		TopSpeed		0.609
		Handling		0.325
	}
	PerformanceFull
	{
		Acceleration		0.344
		TopSpeed		0.714
		Handling		0.487
	}
	Group       B
	SpecialEdition
}
Vehicle
{
	Name		vp_d_yukon_05
	Class		SUV
	Manufacturer	GMC
	UIOrder 	36
	AiCORangeStart		3
	AiCORangeEnd		72
	PerformanceBase
	{
		Acceleration		0.211
		TopSpeed		0.625
		Handling		0.261
	}
	PerformanceFull
	{
		Acceleration		0.322
		TopSpeed		0.726
		Handling		0.446
	}
	Group       B
	SpecialEdition
}
Vehicle
{
	Name		vp_d_h3t_05
	Class		SUV
	Manufacturer	Hummer
	UIOrder 	37
	AiCORangeStart		-4
	AiCORangeEnd		68
	PerformanceBase
	{
		Acceleration		0.220
		TopSpeed		0.609
		Handling		0.323
	}
	PerformanceFull
	{
		Acceleration		0.344
		TopSpeed		0.714
		Handling		0.474
	}
	Group       B
	SpecialEdition
}
Vehicle
{
	Name		vp_d_superhemi_01
	Class		LUXURY
	Manufacturer	Chrysler
	UIOrder 	44
	AiCORangeStart		56
	AiCORangeEnd		111
	PerformanceBase
	{
		Acceleration		0.249
		TopSpeed		0.673
		Handling		0.382
	}
	PerformanceFull
	{
		Acceleration		0.429
		TopSpeed		0.782
		Handling		0.564
	}
	Group       B
	SpecialEdition
}
Vehicle
{
	Name		vp_d_xlr_04
	Class		LUXURY
	Manufacturer	Cadillac
	UIOrder 	45
	AiCORangeStart		42
	AiCORangeEnd		104
	PerformanceBase
	{
		Acceleration		0.261
		TopSpeed		0.653
		Handling		0.444
	}
	PerformanceFull
	{
		Acceleration		0.437
		TopSpeed		0.766
		Handling		0.586
	}
	Group       B
	SpecialEdition
}
Vehicle
{
	Name		vp_d_charger_06
	Class		CULTURE
	Manufacturer	Dodge
	UIOrder		49
	AiCORangeStart		81
	AiCORangeEnd		124
	PerformanceBase
	{
		Acceleration		0.369
		TopSpeed		0.726
		Handling		0.491
	}
	PerformanceFull
	{
		Acceleration		0.556
		TopSpeed		0.879
		Handling		0.654
	}
	Group       C
	SpecialEdition
}
Vehicle
{
	Name		vp_d_duc_smart_05
	Class		SPORTBIKE
	Manufacturer	Ducati
	UIOrder		57
	AiCORangeStart		141
	AiCORangeEnd		163
	PerformanceBase
	{
		Acceleration		0.508
		TopSpeed		0.798
		Handling		0.814
	}
	PerformanceFull		
	{
		Acceleration		0.718
		TopSpeed		0.859
		Handling		0.814
	}
	Group       C
	SpecialEdition
}
Vehicle
{
	Name		vp_d_corvette_63
	Class		MUSCLE
	Manufacturer	Chevy
	UIOrder		61
	AiCORangeStart		64
	AiCORangeEnd		132
	PerformanceBase
	{
		Acceleration		0.323
		TopSpeed		0.677
		Handling		0.316
	}
	PerformanceFull
	{
		Acceleration		0.560
		TopSpeed		0.847
		Handling		0.552
	}
	Group       C
	SpecialEdition
}
Vehicle
{
	Name		vp_d_lux_05
	Class		CHOPPER
	Manufacturer	Hotmatch
	UIOrder		66
	AiCORangeStart		88
	AiCORangeEnd		103
	PerformanceBase
	{
		Acceleration		0.492
		TopSpeed		0.782
		Handling		0.576
	}
	PerformanceFull		
	{
		Acceleration		0.700
		TopSpeed		0.847
		Handling		0.576
	}
	Group       C
	SpecialEdition
}
Vehicle
{
	Name		vp_d_gt750_04
	Class		SUV
	Manufacturer	Gemballa
	UIOrder		69
	AiCORangeStart		86
	AiCORangeEnd		139
	PerformanceBase
	{
		Acceleration		0.246
		TopSpeed		0.629
		Handling		0.572
	}
	PerformanceFull
	{
		Acceleration		0.372
		TopSpeed		0.746
		Handling		0.572
	}
	Group       C
	SpecialEdition
}
Vehicle
{
	Name		vp_d_cls55_05
	Class		LUXURY
	Manufacturer	Mercedes
	UIOrder 	70
	AiCORangeStart		56
	AiCORangeEnd		102
	PerformanceBase
	{
		Acceleration		0.367
		TopSpeed		0.726
		Handling		0.550
	}
	PerformanceFull
	{
		Acceleration		0.501
		TopSpeed		0.827
		Handling		0.637
	}
	Group       C
	SpecialEdition
}
Vehicle
{
	Name		vp_d_diablo_98
	Class		PERFORMANCE
	Manufacturer	Lamborghini
	UIOrder		78
	AiCORangeStart		134
	AiCORangeEnd		195
	PerformanceBase
	{
		Acceleration		0.553
		TopSpeed		0.867
		Handling		0.750
	}
	PerformanceFull
	{
		Acceleration		0.668
		TopSpeed		0.948
		Handling		0.815
	}
	Group       D
	SpecialEdition
}
Vehicle
{
	Name		vp_d_f355_98
	Class		PERFORMANCE
	Manufacturer	Gemballa
	UIOrder		82
	AiCORangeStart		145
	AiCORangeEnd		195
	PerformanceBase
	{
		Acceleration		0.553
		TopSpeed		0.867
		Handling		0.811
	}
	PerformanceFull
	{
		Acceleration		0.668
		TopSpeed		0.948
		Handling		0.811
	}
	Group       D
	SpecialEdition
}
Vehicle
{
	Name		vp_d_zonda_04
	Class		PERFORMANCE
	Manufacturer	Pagani
	UIOrder		86
	AiCORangeStart		160
	AiCORangeEnd		200
	PerformanceBase
	{
		Acceleration		0.676
		TopSpeed		0.907
		Handling		0.825
	}
	PerformanceFull 	
	{
		Acceleration		0.996
		TopSpeed		0.976
		Handling		0.950
	}
	Group       D
	SpecialEdition
}
Vehicle
{
	Name		vp_d_tokyo_cop_01
	Class		COPCAR
	Manufacturer	Nissan
	UIOrder		93
	AiCORangeStart		200
	AiCORangeEnd		200
	PerformanceBase
	{
		Acceleration		0.335
		TopSpeed		0.625
		Handling		0.694
	}
	PerformanceFull
	{
		Acceleration		0.573
		TopSpeed		0.798
		Handling		0.694
	}
	Group       B
	SpecialEdition
}
