10:40:26 | INFO: Data are loaded, start creating Blender stuff
10:40:26 | INFO: Blender create Mesh node record_001
10:40:26 | INFO: Blender create Mesh node record_002
10:40:26 | INFO: Blender create Mesh node record_003
10:40:26 | INFO: Blender create Mesh node record_004
10:40:26 | INFO: Blender create Mesh node record_005
10:40:26 | INFO: Blender create Mesh node record_006
10:40:26 | INFO: Blender create Mesh node record_007
10:40:26 | INFO: Blender create Mesh node record_008
10:40:26 | INFO: Blender create Mesh node record_009
10:40:26 | INFO: Blender create Mesh node record_010
10:40:26 | INFO: Blender create Mesh node record_011
10:40:26 | INFO: Blender create Mesh node record_012
10:40:26 | INFO: Blender create Mesh node record_013
10:40:26 | INFO: Blender create Mesh node record_014
10:40:26 | INFO: Blender create Mesh node record_015
10:40:26 | INFO: Blender create Mesh node record_016
10:40:26 | INFO: Blender create Mesh node record_017
10:40:26 | INFO: Blender create Mesh node record_018
10:40:26 | INFO: Blender create Mesh node record_019
10:40:26 | INFO: Blender create Mesh node record_020
10:40:26 | INFO: Blender create Mesh node record_021
10:40:26 | INFO: Blender create Mesh node record_022
10:40:26 | INFO: Blender create Mesh node record_023
10:40:26 | INFO: Blender create Mesh node record_024
10:40:26 | INFO: Blender create Mesh node record_025
10:40:26 | INFO: Blender create Mesh node record_026
10:40:26 | INFO: Blender create Mesh node record_027
10:40:26 | INFO: Blender create Mesh node record_028
10:40:26 | INFO: Blender create Mesh node record_029
10:40:26 | INFO: Blender create Mesh node record_030
10:40:26 | INFO: Blender create Mesh node record_031
10:40:26 | INFO: Blender create Mesh node record_032
10:40:26 | INFO: Blender create Mesh node record_033
10:40:26 | INFO: Blender create Mesh node record_034
10:40:26 | INFO: Blender create Mesh node record_035
10:40:26 | INFO: Blender create Mesh node record_036
10:40:26 | INFO: Blender create Mesh node record_037
10:40:26 | INFO: Blender create Mesh node record_038
10:40:26 | INFO: Blender create Mesh node record_039
10:40:26 | INFO: Blender create Mesh node record_040
10:40:26 | INFO: Blender create Mesh node record_041
10:40:26 | INFO: Blender create Mesh node record_042
10:40:26 | INFO: glTF import finished in 0.06s
INFO Draco mesh compression is available, use library at /Users/Nicolas/Documents/github/hermes/projects/carmodels/.scratch/blender-4.5.14/Blender.app/Contents/Resources/4.5/scripts/addons_core/io_scene_gltf2/libextern_draco.dylib
10:40:26 | INFO: Starting glTF 2.0 export
10:40:26 | INFO: Extracting primitive: record_001
10:40:26 | INFO: Primitives created: 2
10:40:26 | INFO: Extracting primitive: record_003
10:40:26 | INFO: Primitives created: 1
10:40:26 | INFO: Extracting primitive: record_004
10:40:26 | INFO: Primitives created: 1
10:40:26 | INFO: Extracting primitive: record_010
10:40:26 | INFO: Primitives created: 1
10:40:26 | INFO: Extracting primitive: record_008
10:40:26 | INFO: Primitives created: 1
10:40:26 | INFO: Extracting primitive: record_014
10:40:26 | INFO: Primitives created: 1
10:40:26 | INFO: Extracting primitive: record_012
10:40:26 | INFO: Primitives created: 1
10:40:26 | INFO: Extracting primitive: record_005
10:40:26 | INFO: Primitives created: 1
10:40:26 | INFO: Finished glTF 2.0 export in 0.08459591865539551 s

10:40:27 | INFO: Starting glTF 2.0 export
10:40:27 | INFO: Extracting primitive: record_001
10:40:27 | INFO: Primitives created: 2
10:40:27 | INFO: Extracting primitive: record_003
10:40:27 | INFO: Primitives created: 1
10:40:27 | INFO: Extracting primitive: record_004
10:40:27 | INFO: Primitives created: 1
10:40:27 | INFO: Extracting primitive: record_010
10:40:27 | INFO: Primitives created: 1
10:40:27 | INFO: Extracting primitive: record_008
10:40:27 | INFO: Primitives created: 1
10:40:27 | INFO: Extracting primitive: record_014
10:40:27 | INFO: Primitives created: 1
10:40:27 | INFO: Extracting primitive: record_012
10:40:27 | INFO: Primitives created: 1
10:40:27 | INFO: Extracting primitive: record_005
10:40:27 | INFO: Primitives created: 1
10:40:27 | INFO: Finished glTF 2.0 export in 0.013803958892822266 s

PASS dealership Blender roundtrip: {"blender": "4.5.14 LTS", "car": "GRAN_TORINO", "claim_limits": ["One static car import/edit/export/rebuild, not all DCC exporters or animation.", "No original-game shading fidelity claim."], "length_multiplier": 1.2, "model_files_preserved": 70, "triangles": 4072}
Blender 4.5.14 LTS (hash 62c1db4208e8 built 2026-09-15 01:30:44)

Blender quit
